Archive member included to satisfy reference by file (symbol)

d:/gcc-arm-none-eabi-10-2020-q4-major-win32/gcc-arm-none-eabi-10-2020-q4-major/bin/../lib/gcc/arm-none-eabi/10.2.1/thumb/v7-m/nofp\libgcc.a(_arm_addsubdf3.o)
                              CMakeFiles/stm32f103c8t6_zhsx.elf.dir/Core/Src/bsp_hx711.c.obj (__aeabi_ui2d)
d:/gcc-arm-none-eabi-10-2020-q4-major-win32/gcc-arm-none-eabi-10-2020-q4-major/bin/../lib/gcc/arm-none-eabi/10.2.1/thumb/v7-m/nofp\libgcc.a(_arm_muldivdf3.o)
                              CMakeFiles/stm32f103c8t6_zhsx.elf.dir/Core/Src/bsp_hx711.c.obj (__aeabi_ddiv)
d:/gcc-arm-none-eabi-10-2020-q4-major-win32/gcc-arm-none-eabi-10-2020-q4-major/bin/../lib/gcc/arm-none-eabi/10.2.1/thumb/v7-m/nofp\libgcc.a(_arm_truncdfsf2.o)
                              CMakeFiles/stm32f103c8t6_zhsx.elf.dir/Core/Src/bsp_hx711.c.obj (__aeabi_d2f)
d:/gcc-arm-none-eabi-10-2020-q4-major-win32/gcc-arm-none-eabi-10-2020-q4-major/bin/../lib/gcc/arm-none-eabi/10.2.1/thumb/v7-m/nofp\libgcc.a(_arm_fixunssfsi.o)
                              CMakeFiles/stm32f103c8t6_zhsx.elf.dir/Core/Src/bsp_hx711.c.obj (__aeabi_f2uiz)
d:/gcc-arm-none-eabi-10-2020-q4-major-win32/gcc-arm-none-eabi-10-2020-q4-major/bin/../lib/gcc/arm-none-eabi/10.2.1/../../../../arm-none-eabi/lib/thumb/v7-m/nofp\libg.a(lib_a-errno.o)
                              CMakeFiles/stm32f103c8t6_zhsx.elf.dir/Core/Src/syscalls.c.obj (__errno)
d:/gcc-arm-none-eabi-10-2020-q4-major-win32/gcc-arm-none-eabi-10-2020-q4-major/bin/../lib/gcc/arm-none-eabi/10.2.1/../../../../arm-none-eabi/lib/thumb/v7-m/nofp\libg.a(lib_a-exit.o)
                              d:/gcc-arm-none-eabi-10-2020-q4-major-win32/gcc-arm-none-eabi-10-2020-q4-major/bin/../lib/gcc/arm-none-eabi/10.2.1/../../../../arm-none-eabi/lib/thumb/v7-m/nofp/crt0.o (exit)
d:/gcc-arm-none-eabi-10-2020-q4-major-win32/gcc-arm-none-eabi-10-2020-q4-major/bin/../lib/gcc/arm-none-eabi/10.2.1/../../../../arm-none-eabi/lib/thumb/v7-m/nofp\libg.a(lib_a-impure.o)
                              d:/gcc-arm-none-eabi-10-2020-q4-major-win32/gcc-arm-none-eabi-10-2020-q4-major/bin/../lib/gcc/arm-none-eabi/10.2.1/../../../../arm-none-eabi/lib/thumb/v7-m/nofp\libg.a(lib_a-exit.o) (_global_impure_ptr)
d:/gcc-arm-none-eabi-10-2020-q4-major-win32/gcc-arm-none-eabi-10-2020-q4-major/bin/../lib/gcc/arm-none-eabi/10.2.1/../../../../arm-none-eabi/lib/thumb/v7-m/nofp\libg.a(lib_a-init.o)
                              d:/gcc-arm-none-eabi-10-2020-q4-major-win32/gcc-arm-none-eabi-10-2020-q4-major/bin/../lib/gcc/arm-none-eabi/10.2.1/../../../../arm-none-eabi/lib/thumb/v7-m/nofp/crt0.o (__libc_init_array)
d:/gcc-arm-none-eabi-10-2020-q4-major-win32/gcc-arm-none-eabi-10-2020-q4-major/bin/../lib/gcc/arm-none-eabi/10.2.1/../../../../arm-none-eabi/lib/thumb/v7-m/nofp\libg.a(lib_a-memset.o)
                              d:/gcc-arm-none-eabi-10-2020-q4-major-win32/gcc-arm-none-eabi-10-2020-q4-major/bin/../lib/gcc/arm-none-eabi/10.2.1/../../../../arm-none-eabi/lib/thumb/v7-m/nofp/crt0.o (memset)
d:/gcc-arm-none-eabi-10-2020-q4-major-win32/gcc-arm-none-eabi-10-2020-q4-major/bin/../lib/gcc/arm-none-eabi/10.2.1/../../../../arm-none-eabi/lib/thumb/v7-m/nofp\libg.a(lib_a-printf.o)
                              CMakeFiles/stm32f103c8t6_zhsx.elf.dir/Core/Src/main.c.obj (printf)
d:/gcc-arm-none-eabi-10-2020-q4-major-win32/gcc-arm-none-eabi-10-2020-q4-major/bin/../lib/gcc/arm-none-eabi/10.2.1/../../../../arm-none-eabi/lib/thumb/v7-m/nofp\libg.a(lib_a-vfprintf.o)
                              d:/gcc-arm-none-eabi-10-2020-q4-major-win32/gcc-arm-none-eabi-10-2020-q4-major/bin/../lib/gcc/arm-none-eabi/10.2.1/../../../../arm-none-eabi/lib/thumb/v7-m/nofp\libg.a(lib_a-printf.o) (_vfprintf_r)
d:/gcc-arm-none-eabi-10-2020-q4-major-win32/gcc-arm-none-eabi-10-2020-q4-major/bin/../lib/gcc/arm-none-eabi/10.2.1/../../../../arm-none-eabi/lib/thumb/v7-m/nofp\libg.a(lib_a-wsetup.o)
                              d:/gcc-arm-none-eabi-10-2020-q4-major-win32/gcc-arm-none-eabi-10-2020-q4-major/bin/../lib/gcc/arm-none-eabi/10.2.1/../../../../arm-none-eabi/lib/thumb/v7-m/nofp\libg.a(lib_a-vfprintf.o) (__swsetup_r)
d:/gcc-arm-none-eabi-10-2020-q4-major-win32/gcc-arm-none-eabi-10-2020-q4-major/bin/../lib/gcc/arm-none-eabi/10.2.1/../../../../arm-none-eabi/lib/thumb/v7-m/nofp\libg.a(lib_a-__call_atexit.o)
                              d:/gcc-arm-none-eabi-10-2020-q4-major-win32/gcc-arm-none-eabi-10-2020-q4-major/bin/../lib/gcc/arm-none-eabi/10.2.1/../../../../arm-none-eabi/lib/thumb/v7-m/nofp\libg.a(lib_a-exit.o) (__call_exitprocs)
d:/gcc-arm-none-eabi-10-2020-q4-major-win32/gcc-arm-none-eabi-10-2020-q4-major/bin/../lib/gcc/arm-none-eabi/10.2.1/../../../../arm-none-eabi/lib/thumb/v7-m/nofp\libg.a(lib_a-atexit.o)
                              d:/gcc-arm-none-eabi-10-2020-q4-major-win32/gcc-arm-none-eabi-10-2020-q4-major/bin/../lib/gcc/arm-none-eabi/10.2.1/../../../../arm-none-eabi/lib/thumb/v7-m/nofp\libg.a(lib_a-__call_atexit.o) (atexit)
[...]
Memory Configuration

Name             Origin             Length             Attributes
RAM              0x20000000         0x00005000         xrw
FLASH            0x08000000         0x00010000         xr
*default*        0x00000000         0xffffffff

Linker script and memory map

LOAD d:/gcc-arm-none-eabi-10-2020-q4-major-win32/gcc-arm-none-eabi-10-2020-q4-major/bin/../lib/gcc/arm-none-eabi/10.2.1/thumb/v7-m/nofp/crti.o
LOAD d:/gcc-arm-none-eabi-10-2020-q4-major-win32/gcc-arm-none-eabi-10-2020-q4-major/bin/../lib/gcc/arm-none-eabi/10.2.1/thumb/v7-m/nofp/crtbegin.o
LOAD d:/gcc-arm-none-eabi-10-2020-q4-major-win32/gcc-arm-none-eabi-10-2020-q4-major/bin/../lib/gcc/arm-none-eabi/10.2.1/../../../../arm-none-eabi/lib/thumb/v7-m/nofp/crt0.o
LOAD CMakeFiles/stm32f103c8t6_zhsx.elf.dir/Core/Src/bsp_Buzzer.c.obj
LOAD CMakeFiles/stm32f103c8t6_zhsx.elf.dir/Core/Src/bsp_InnerFlash.c.obj
LOAD CMakeFiles/stm32f103c8t6_zhsx.elf.dir/Core/Src/bsp_delay.c.obj
LOAD CMakeFiles/stm32f103c8t6_zhsx.elf.dir/Core/Src/bsp_hx711.c.obj
LOAD CMakeFiles/stm32f103c8t6_zhsx.elf.dir/Core/Src/bsp_i2c.c.obj
LOAD CMakeFiles/stm32f103c8t6_zhsx.elf.dir/Core/Src/bsp_key.c.obj
LOAD CMakeFiles/stm32f103c8t6_zhsx.elf.dir/Core/Src/bsp_oled.c.obj
LOAD CMakeFiles/stm32f103c8t6_zhsx.elf.dir/Core/Src/main.c.obj
LOAD CMakeFiles/stm32f103c8t6_zhsx.elf.dir/Core/Src/stm32f1xx_hal_msp.c.obj
LOAD CMakeFiles/stm32f103c8t6_zhsx.elf.dir/Core/Src/stm32f1xx_it.c.obj
LOAD CMakeFiles/stm32f103c8t6_zhsx.elf.dir/Core/Src/syscalls.c.obj
LOAD CMakeFiles/stm32f103c8t6_zhsx.elf.dir/Core/Src/sysmem.c.obj
LOAD CMakeFiles/stm32f103c8t6_zhsx.elf.dir/Core/Src/system_stm32f1xx.c.obj
LOAD CMakeFiles/stm32f103c8t6_zhsx.elf.dir/Core/Startup/startup_stm32f103c8tx.s.obj
LOAD CMakeFiles/stm32f103c8t6_zhsx.elf.dir/Drivers/STM32F1xx_HAL_Driver/Src/stm32f1xx_hal.c.obj
LOAD CMakeFiles/stm32f103c8t6_zhsx.elf.dir/Drivers/STM32F1xx_HAL_Driver/Src/stm32f1xx_hal_cortex.c.obj
LOAD CMakeFiles/stm32f103c8t6_zhsx.elf.dir/Drivers/STM32F1xx_HAL_Driver/Src/stm32f1xx_hal_dma.c.obj
LOAD CMakeFiles/stm32f103c8t6_zhsx.elf.dir/Drivers/STM32F1xx_HAL_Driver/Src/stm32f1xx_hal_exti.c.obj
LOAD CMakeFiles/stm32f103c8t6_zhsx.elf.dir/Drivers/STM32F1xx_HAL_Driver/Src/stm32f1xx_hal_flash.c.obj
LOAD CMakeFiles/stm32f103c8t6_zhsx.elf.dir/Drivers/STM32F1xx_HAL_Driver/Src/stm32f1xx_hal_flash_ex.c.obj
LOAD CMakeFiles/stm32f103c8t6_zhsx.elf.dir/Drivers/STM32F1xx_HAL_Driver/Src/stm32f1xx_hal_gpio.c.obj
LOAD CMakeFiles/stm32f103c8t6_zhsx.elf.dir/Drivers/STM32F1xx_HAL_Driver/Src/stm32f1xx_hal_gpio_ex.c.obj
LOAD CMakeFiles/stm32f103c8t6_zhsx.elf.dir/Drivers/STM32F1xx_HAL_Driver/Src/stm32f1xx_hal_pwr.c.obj
LOAD CMakeFiles/stm32f103c8t6_zhsx.elf.dir/Drivers/STM32F1xx_HAL_Driver/Src/stm32f1xx_hal_rcc.c.obj
LOAD CMakeFiles/stm32f103c8t6_zhsx.elf.dir/Drivers/STM32F1xx_HAL_Driver/Src/stm32f1xx_hal_rcc_ex.c.obj
LOAD CMakeFiles/stm32f103c8t6_zhsx.elf.dir/Drivers/STM32F1xx_HAL_Driver/Src/stm32f1xx_hal_tim.c.obj
LOAD CMakeFiles/stm32f103c8t6_zhsx.elf.dir/Drivers/STM32F1xx_HAL_Driver/Src/stm32f1xx_hal_tim_ex.c.obj
LOAD CMakeFiles/stm32f103c8t6_zhsx.elf.dir/Drivers/STM32F1xx_HAL_Driver/Src/stm32f1xx_hal_uart.c.obj
START GROUP
LOAD d:/gcc-arm-none-eabi-10-2020-q4-major-win32/gcc-arm-none-eabi-10-2020-q4-major/bin/../lib/gcc/arm-none-eabi/10.2.1/thumb/v7-m/nofp\libgcc.a
LOAD d:/gcc-arm-none-eabi-10-2020-q4-major-win32/gcc-arm-none-eabi-10-2020-q4-major/bin/../lib/gcc/arm-none-eabi/10.2.1/../../../../arm-none-eabi/lib/thumb/v7-m/nofp\libg.a
LOAD d:/gcc-arm-none-eabi-10-2020-q4-major-win32/gcc-arm-none-eabi-10-2020-q4-major/bin/../lib/gcc/arm-none-eabi/10.2.1/../../../../arm-none-eabi/lib/thumb/v7-m/nofp\libc.a
END GROUP
LOAD d:/gcc-arm-none-eabi-10-2020-q4-major-win32/gcc-arm-none-eabi-10-2020-q4-major/bin/../lib/gcc/arm-none-eabi/10.2.1/thumb/v7-m/nofp/crtend.o
LOAD d:/gcc-arm-none-eabi-10-2020-q4-major-win32/gcc-arm-none-eabi-10-2020-q4-major/bin/../lib/gcc/arm-none-eabi/10.2.1/thumb/v7-m/nofp/crtn.o
                0x20005000                _estack = (ORIGIN (RAM) + LENGTH (RAM))
                0x00000200                _Min_Heap_Size = 0x200
                0x00000400                _Min_Stack_Size = 0x400

.isr_vector     0x08000000      0x10c
                0x08000000                . = ALIGN (0x4)
 *(.isr_vector)
 .isr_vector    0x08000000      0x10c CMakeFiles/stm32f103c8t6_zhsx.elf.dir/Core/Startup/startup_stm32f103c8tx.s.obj
                0x08000000                g_pfnVectors
                0x0800010c                . = ALIGN (0x4)

.text           0x08000110     0x9220
                0x08000110                . = ALIGN (0x4)
 *(.text)
 .text          0x08000110       0x40 d:/gcc-arm-none-eabi-10-2020-q4-major-win32/gcc-arm-none-eabi-10-2020-q4-major/bin/../lib/gcc/arm-none-eabi/10.2.1/thumb/v7-m/nofp/crtbegin.o
 .text          0x08000150      0x378 d:/gcc-arm-none-eabi-10-2020-q4-major-win32/gcc-arm-none-eabi-10-2020-q4-major/bin/../lib/gcc/arm-none-eabi/10.2.1/thumb/v7-m/nofp\libgcc.a(_arm_addsubdf3.o)
                0x08000150                __aeabi_drsub
                0x08000158                __aeabi_dsub
                0x08000158                __subdf3
                0x0800015c                __aeabi_dadd
                0x0800015c                __adddf3
                0x080003d4                __floatunsidf
                0x080003d4                __aeabi_ui2d
                0x080003f4                __floatsidf
                0x080003f4                __aeabi_i2d
                0x08000418                __aeabi_f2d
                0x08000418                __extendsfdf2
                0x0800045c                __floatundidf
                0x0800045c                __aeabi_ul2d
                0x0800046c                __floatdidf
                0x0800046c                __aeabi_l2d
 .text          0x080004c8      0x424 d:/gcc-arm-none-eabi-10-2020-q4-major-win32/gcc-arm-none-eabi-10-2020-q4-major/bin/../lib/gcc/arm-none-eabi/10.2.1/thumb/v7-m/nofp\libgcc.a(_arm_muldivdf3.o)
                0x080004c8                __aeabi_dmul
                0x080004c8                __muldf3
                0x0800071c                __divdf3
                0x0800071c                __aeabi_ddiv
 .text          0x080008ec       0xa0 d:/gcc-arm-none-eabi-10-2020-q4-major-win32/gcc-arm-none-eabi-10-2020-q4-major/bin/../lib/gcc/arm-none-eabi/10.2.1/thumb/v7-m/nofp\libgcc.a(_arm_truncdfsf2.o)
                0x080008ec                __truncdfsf2
                0x080008ec                __aeabi_d2f
 .text          0x0800098c       0x40 d:/gcc-arm-none-eabi-10-2020-q4-major-win32/gcc-arm-none-eabi-10-2020-q4-major/bin/../lib/gcc/arm-none-eabi/10.2.1/thumb/v7-m/nofp\libgcc.a(_arm_fixunssfsi.o)
                0x0800098c                __fixunssfsi
                0x0800098c                __aeabi_f2uiz
 .text          0x080009cc       0xec d:/gcc-arm-none-eabi-10-2020-q4-major-win32/gcc-arm-none-eabi-10-2020-q4-major/bin/../lib/gcc/arm-none-eabi/10.2.1/../../../../arm-none-eabi/lib/thumb/v7-m/nofp\libg.a(lib_a-memcpy.o)
                0x080009cc                memcpy
 .text          0x08000ab8      0x110 d:/gcc-arm-none-eabi-10-2020-q4-major-win32/gcc-arm-none-eabi-10-2020-q4-major/bin/../lib/gcc/arm-none-eabi/10.2.1/thumb/v7-m/nofp\libgcc.a(_arm_cmpdf2.o)
                0x08000ab8                __gtdf2
                0x08000ab8                __gedf2
                0x08000ac0                __ltdf2
                0x08000ac0                __ledf2
                0x08000ac8                __nedf2
                0x08000ac8                __eqdf2
                0x08000ac8                __cmpdf2
                0x08000b44                __aeabi_cdrcmple
                0x08000b54                __aeabi_cdcmpeq
                0x08000b54                __aeabi_cdcmple
                0x08000b64                __aeabi_dcmpeq
                0x08000b78                __aeabi_dcmplt
                0x08000b8c                __aeabi_dcmple
                0x08000ba0                __aeabi_dcmpge
                0x08000bb4                __aeabi_dcmpgt
 .text          0x08000bc8       0x2c d:/gcc-arm-none-eabi-10-2020-q4-major-win32/gcc-arm-none-eabi-10-2020-q4-major/bin/../lib/gcc/arm-none-eabi/10.2.1/thumb/v7-m/nofp\libgcc.a(_arm_unorddf2.o)
                0x08000bc8                __unorddf2
                0x08000bc8                __aeabi_dcmpun
 .text          0x08000bf4       0x50 d:/gcc-arm-none-eabi-10-2020-q4-major-win32/gcc-arm-none-eabi-10-2020-q4-major/bin/../lib/gcc/arm-none-eabi/10.2.1/thumb/v7-m/nofp\libgcc.a(_arm_fixdfsi.o)
                0x08000bf4                __aeabi_d2iz
                0x08000bf4                __fixdfsi
 .text          0x08000c44       0x30 d:/gcc-arm-none-eabi-10-2020-q4-major-win32/gcc-arm-none-eabi-10-2020-q4-major/bin/../lib/gcc/arm-none-eabi/10.2.1/thumb/v7-m/nofp\libgcc.a(_aeabi_uldivmod.o)
                0x08000c44                __aeabi_uldivmod
 .text          0x08000c74      0x2d4 d:/gcc-arm-none-eabi-10-2020-q4-major-win32/gcc-arm-none-eabi-10-2020-q4-major/bin/../lib/gcc/arm-none-eabi/10.2.1/thumb/v7-m/nofp\libgcc.a(_udivmoddi4.o)
                0x08000c74                __udivmoddi4
 .text          0x08000f48        0x4 d:/gcc-arm-none-eabi-10-2020-q4-major-win32/gcc-arm-none-eabi-10-2020-q4-major/bin/../lib/gcc/arm-none-eabi/10.2.1/thumb/v7-m/nofp\libgcc.a(_dvmd_tls.o)
                0x08000f48                __aeabi_idiv0
                0x08000f48                __aeabi_ldiv0
 *(.text*)
 .text.bsp_BuzzerInit
                0x08000f4c       0x40 CMakeFiles/stm32f103c8t6_zhsx.elf.dir/Core/Src/bsp_Buzzer.c.obj
                0x08000f4c                bsp_BuzzerInit
 .text.bsp_BuzzerOneVocal
                0x08000f8c       0x24 CMakeFiles/stm32f103c8t6_zhsx.elf.dir/Core/Src/bsp_Buzzer.c.obj
                0x08000f8c                bsp_BuzzerOneVocal
 .text.bsp_InnerFlashWrite
                0x08000fb0       0x3a CMakeFiles/stm32f103c8t6_zhsx.elf.dir/Core/Src/bsp_InnerFlash.c.obj
                0x08000fb0                bsp_InnerFlashWrite
 .text.bsp_InnerFlashRead
                0x08000fea        0xa CMakeFiles/stm32f103c8t6_zhsx.elf.dir/Core/Src/bsp_InnerFlash.c.obj
                0x08000fea                bsp_InnerFlashRead
 .text.bsp_DelayInit
                0x08000ff4       0x40 CMakeFiles/stm32f103c8t6_zhsx.elf.dir/Core/Src/bsp_delay.c.obj
                0x08000ff4                bsp_DelayInit
 .text.bsp_DelayUs
                0x08001034       0x54 CMakeFiles/stm32f103c8t6_zhsx.elf.dir/Core/Src/bsp_delay.c.obj
                0x08001034                bsp_DelayUs
 .text.bsp_DelayMs
                0x08001088       0x18 CMakeFiles/stm32f103c8t6_zhsx.elf.dir/Core/Src/bsp_delay.c.obj
                0x08001088                bsp_DelayMs
 .text.bsp_Hx711Init
                0x080010a0       0x8c CMakeFiles/stm32f103c8t6_zhsx.elf.dir/Core/Src/bsp_hx711.c.obj
                0x080010a0                bsp_Hx711Init
 .text.bsp_Hx711Read
                0x0800112c       0x98 CMakeFiles/stm32f103c8t6_zhsx.elf.dir/Core/Src/bsp_hx711.c.obj
                0x0800112c                bsp_Hx711Read
 .text.bsp_GetMaopi
                0x080011c4       0x10 CMakeFiles/stm32f103c8t6_zhsx.elf.dir/Core/Src/bsp_hx711.c.obj
                0x080011c4                bsp_GetMaopi
 *fill*         0x080011d4        0x4 
 .text.Get_Weight
                0x080011d8       0xa0 CMakeFiles/stm32f103c8t6_zhsx.elf.dir/Core/Src/bsp_hx711.c.obj
                0x080011d8                Get_Weight
 .text.IIC_Init
                0x08001278       0x50 CMakeFiles/stm32f103c8t6_zhsx.elf.dir/Core/Src/bsp_i2c.c.obj
                0x08001278                IIC_Init
 .text.IIC_Start
                0x080012c8       0x54 CMakeFiles/stm32f103c8t6_zhsx.elf.dir/Core/Src/bsp_i2c.c.obj
                0x080012c8                IIC_Start
 .text.IIC_Stop
                0x0800131c       0x60 CMakeFiles/stm32f103c8t6_zhsx.elf.dir/Core/Src/bsp_i2c.c.obj
                0x0800131c                IIC_Stop
 .text.IIC_Wait_Ack
                0x0800137c       0x70 CMakeFiles/stm32f103c8t6_zhsx.elf.dir/Core/Src/bsp_i2c.c.obj
                0x0800137c                IIC_Wait_Ack
 .text.IIC_Send_Byte
                0x080013ec       0x84 CMakeFiles/stm32f103c8t6_zhsx.elf.dir/Core/Src/bsp_i2c.c.obj
                0x080013ec                IIC_Send_Byte
 .text.KeyPinActive
                0x08001470       0x30 CMakeFiles/stm32f103c8t6_zhsx.elf.dir/Core/Src/bsp_key.c.obj
 .text.IsKeyDownFunc
                0x080014a0       0x7c CMakeFiles/stm32f103c8t6_zhsx.elf.dir/Core/Src/bsp_key.c.obj
 .text.bsp_InitKeyHard
                0x0800151c       0x50 CMakeFiles/stm32f103c8t6_zhsx.elf.dir/Core/Src/bsp_key.c.obj
 .text.bsp_PutKey
                0x0800156c       0x1c CMakeFiles/stm32f103c8t6_zhsx.elf.dir/Core/Src/bsp_key.c.obj
                0x0800156c                bsp_PutKey
 .text.bsp_DetectKey
                0x08001588      0x110 CMakeFiles/stm32f103c8t6_zhsx.elf.dir/Core/Src/bsp_key.c.obj
 .text.bsp_GetKey
                0x08001698       0x28 CMakeFiles/stm32f103c8t6_zhsx.elf.dir/Core/Src/bsp_key.c.obj
                0x08001698                bsp_GetKey
 .text.bsp_SetKeyParam
                0x080016c0       0x14 CMakeFiles/stm32f103c8t6_zhsx.elf.dir/Core/Src/bsp_key.c.obj
                0x080016c0                bsp_SetKeyParam
 .text.bsp_InitKeyVar
                0x080016d4       0x4c CMakeFiles/stm32f103c8t6_zhsx.elf.dir/Core/Src/bsp_key.c.obj
 .text.bsp_InitKey
                0x08001720        0xc CMakeFiles/stm32f103c8t6_zhsx.elf.dir/Core/Src/bsp_key.c.obj
                0x08001720                bsp_InitKey
 .text.bsp_KeyScan10ms
                0x0800172c       0x16 CMakeFiles/stm32f103c8t6_zhsx.elf.dir/Core/Src/bsp_key.c.obj
                0x0800172c                bsp_KeyScan10ms
 .text.OledWriteByte
                0x08001742       0x34 CMakeFiles/stm32f103c8t6_zhsx.elf.dir/Core/Src/bsp_oled.c.obj
 .text.OledWriteCmd
                0x08001776        0xc CMakeFiles/stm32f103c8t6_zhsx.elf.dir/Core/Src/bsp_oled.c.obj
 .text.OledWriteData
                0x08001782        0xc CMakeFiles/stm32f103c8t6_zhsx.elf.dir/Core/Src/bsp_oled.c.obj
 .text.OledSetPos
                0x0800178e       0x26 CMakeFiles/stm32f103c8t6_zhsx.elf.dir/Core/Src/bsp_oled.c.obj
                0x0800178e                OledSetPos
 .text.OledFill
                0x080017b4       0x3a CMakeFiles/stm32f103c8t6_zhsx.elf.dir/Core/Src/bsp_oled.c.obj
                0x080017b4                OledFill
 .text.OledCls  0x080017ee        0xa CMakeFiles/stm32f103c8t6_zhsx.elf.dir/Core/Src/bsp_oled.c.obj
                0x080017ee                OledCls
 .text.OledInit
                0x080017f8       0xb6 CMakeFiles/stm32f103c8t6_zhsx.elf.dir/Core/Src/bsp_oled.c.obj
                0x080017f8                OledInit
 *fill*         0x080018ae        0x2 
 .text.OledShowStr
                0x080018b0       0xd8 CMakeFiles/stm32f103c8t6_zhsx.elf.dir/Core/Src/bsp_oled.c.obj
                0x080018b0                OledShowStr
 .text.OledShowCN
                0x08001988       0x60 CMakeFiles/stm32f103c8t6_zhsx.elf.dir/Core/Src/bsp_oled.c.obj
                0x08001988                OledShowCN
 .text.Oled_ShowTitle
                0x080019e8       0x94 CMakeFiles/stm32f103c8t6_zhsx.elf.dir/Core/Src/bsp_oled.c.obj
                0x080019e8                Oled_ShowTitle
 .text.Oled_SetWin
                0x08001a7c      0x198 CMakeFiles/stm32f103c8t6_zhsx.elf.dir/Core/Src/bsp_oled.c.obj
                0x08001a7c                Oled_SetWin
 .text.MX_GPIO_Init
                0x08001c14       0x74 CMakeFiles/stm32f103c8t6_zhsx.elf.dir/Core/Src/main.c.obj
 .text.__io_putchar
                0x08001c88       0x20 CMakeFiles/stm32f103c8t6_zhsx.elf.dir/Core/Src/main.c.obj
                0x08001c88                __io_putchar
 .text.HAL_UART_RxCpltCallback
                0x08001ca8        0xc CMakeFiles/stm32f103c8t6_zhsx.elf.dir/Core/Src/main.c.obj
                0x08001ca8                HAL_UART_RxCpltCallback
 .text.Error_Handler
                0x08001cb4        0x4 CMakeFiles/stm32f103c8t6_zhsx.elf.dir/Core/Src/main.c.obj
                0x08001cb4                Error_Handler
 .text.MX_USART1_UART_Init
                0x08001cb8       0x34 CMakeFiles/stm32f103c8t6_zhsx.elf.dir/Core/Src/main.c.obj
 .text.SystemClock_Config
                0x08001cec       0x64 CMakeFiles/stm32f103c8t6_zhsx.elf.dir/Core/Src/main.c.obj
                0x08001cec                SystemClock_Config
 .text.main     0x08001d50       0xe0 CMakeFiles/stm32f103c8t6_zhsx.elf.dir/Core/Src/main.c.obj
                0x08001d50                main
 .text.HAL_MspInit
                0x08001e30       0x44 CMakeFiles/stm32f103c8t6_zhsx.elf.dir/Core/Src/stm32f1xx_hal_msp.c.obj
                0x08001e30                HAL_MspInit
 .text.HAL_UART_MspInit
                0x08001e74       0x88 CMakeFiles/stm32f103c8t6_zhsx.elf.dir/Core/Src/stm32f1xx_hal_msp.c.obj
                0x08001e74                HAL_UART_MspInit
 .text.NMI_Handler
                0x08001efc        0x2 CMakeFiles/stm32f103c8t6_zhsx.elf.dir/Core/Src/stm32f1xx_it.c.obj
                0x08001efc                NMI_Handler
 .text.HardFault_Handler
                0x08001efe        0x2 CMakeFiles/stm32f103c8t6_zhsx.elf.dir/Core/Src/stm32f1xx_it.c.obj
                0x08001efe                HardFault_Handler
 .text.MemManage_Handler
                0x08001f00        0x2 CMakeFiles/stm32f103c8t6_zhsx.elf.dir/Core/Src/stm32f1xx_it.c.obj
                0x08001f00                MemManage_Handler
 .text.BusFault_Handler
                0x08001f02        0x2 CMakeFiles/stm32f103c8t6_zhsx.elf.dir/Core/Src/stm32f1xx_it.c.obj
                0x08001f02                BusFault_Handler
 .text.UsageFault_Handler
                0x08001f04        0x2 CMakeFiles/stm32f103c8t6_zhsx.elf.dir/Core/Src/stm32f1xx_it.c.obj
                0x08001f04                UsageFault_Handler
 .text.SVC_Handler
                0x08001f06        0x2 CMakeFiles/stm32f103c8t6_zhsx.elf.dir/Core/Src/stm32f1xx_it.c.obj
                0x08001f06                SVC_Handler
 .text.DebugMon_Handler
                0x08001f08        0x2 CMakeFiles/stm32f103c8t6_zhsx.elf.dir/Core/Src/stm32f1xx_it.c.obj
                0x08001f08                DebugMon_Handler
 .text.PendSV_Handler
                0x08001f0a        0x2 CMakeFiles/stm32f103c8t6_zhsx.elf.dir/Core/Src/stm32f1xx_it.c.obj
                0x08001f0a                PendSV_Handler
 .text.SysTick_Handler
                0x08001f0c       0x28 CMakeFiles/stm32f103c8t6_zhsx.elf.dir/Core/Src/stm32f1xx_it.c.obj
                0x08001f0c                SysTick_Handler
 .text.USART1_IRQHandler
                0x08001f34       0x10 CMakeFiles/stm32f103c8t6_zhsx.elf.dir/Core/Src/stm32f1xx_it.c.obj
                0x08001f34                USART1_IRQHandler
 .text._getpid  0x08001f44        0x4 CMakeFiles/stm32f103c8t6_zhsx.elf.dir/Core/Src/syscalls.c.obj
                0x08001f44                _getpid
 .text._kill    0x08001f48       0x10 CMakeFiles/stm32f103c8t6_zhsx.elf.dir/Core/Src/syscalls.c.obj
                0x08001f48                _kill
 .text._exit    0x08001f58        0xc CMakeFiles/stm32f103c8t6_zhsx.elf.dir/Core/Src/syscalls.c.obj
                0x08001f58                _exit
 .text._read    0x08001f64       0x20 CMakeFiles/stm32f103c8t6_zhsx.elf.dir/Core/Src/syscalls.c.obj
                0x08001f64                _read
 .text._write   0x08001f84       0x1c CMakeFiles/stm32f103c8t6_zhsx.elf.dir/Core/Src/syscalls.c.obj
                0x08001f84                _write
 .text._close   0x08001fa0        0x6 CMakeFiles/stm32f103c8t6_zhsx.elf.dir/Core/Src/syscalls.c.obj
                0x08001fa0                _close
 .text._fstat   0x08001fa6        0xa CMakeFiles/stm32f103c8t6_zhsx.elf.dir/Core/Src/syscalls.c.obj
                0x08001fa6                _fstat
 .text._isatty  0x08001fb0        0x4 CMakeFiles/stm32f103c8t6_zhsx.elf.dir/Core/Src/syscalls.c.obj
                0x08001fb0                _isatty
 .text._lseek   0x08001fb4        0x4 CMakeFiles/stm32f103c8t6_zhsx.elf.dir/Core/Src/syscalls.c.obj
                0x08001fb4                _lseek
 .text._sbrk    0x08001fb8       0x48 CMakeFiles/stm32f103c8t6_zhsx.elf.dir/Core/Src/sysmem.c.obj
                0x08001fb8                _sbrk
 .text.SystemInit
                0x08002000        0x2 CMakeFiles/stm32f103c8t6_zhsx.elf.dir/Core/Src/system_stm32f1xx.c.obj
                0x08002000                SystemInit
 *fill*         0x08002002        0x2 
 .text.Reset_Handler
                0x08002004       0x48 CMakeFiles/stm32f103c8t6_zhsx.elf.dir/Core/Startup/startup_stm32f103c8tx.s.obj
                0x08002004                Reset_Handler
 .text.Default_Handler
                0x0800204c        0x2 CMakeFiles/stm32f103c8t6_zhsx.elf.dir/Core/Startup/startup_stm32f103c8tx.s.obj
                0x0800204c                RTC_Alarm_IRQHandler
                0x0800204c                EXTI2_IRQHandler
                0x0800204c                TIM1_CC_IRQHandler
                0x0800204c                PVD_IRQHandler
                0x0800204c                EXTI3_IRQHandler
                0x0800204c                EXTI0_IRQHandler
                0x0800204c                I2C2_EV_IRQHandler
                0x0800204c                ADC1_2_IRQHandler
                0x0800204c                SPI1_IRQHandler
                0x0800204c                TAMPER_IRQHandler
                0x0800204c                DMA1_Channel4_IRQHandler
                0x0800204c                USART3_IRQHandler
                0x0800204c                RTC_IRQHandler
                0x0800204c                DMA1_Channel7_IRQHandler
                0x0800204c                CAN1_RX1_IRQHandler
                0x0800204c                TIM4_IRQHandler
                0x0800204c                I2C1_EV_IRQHandler
                0x0800204c                DMA1_Channel6_IRQHandler
                0x0800204c                TIM3_IRQHandler
                0x0800204c                RCC_IRQHandler
                0x0800204c                TIM1_TRG_COM_IRQHandler
                0x0800204c                DMA1_Channel1_IRQHandler
                0x0800204c                Default_Handler
                0x0800204c                EXTI15_10_IRQHandler
                0x0800204c                EXTI9_5_IRQHandler
                0x0800204c                SPI2_IRQHandler
                0x0800204c                DMA1_Channel5_IRQHandler
                0x0800204c                EXTI4_IRQHandler
                0x0800204c                USB_LP_CAN1_RX0_IRQHandler
                0x0800204c                USB_HP_CAN1_TX_IRQHandler
                0x0800204c                DMA1_Channel3_IRQHandler
                0x0800204c                TIM1_UP_IRQHandler
                0x0800204c                WWDG_IRQHandler
                0x0800204c                TIM2_IRQHandler
                0x0800204c                TIM1_BRK_IRQHandler
                0x0800204c                EXTI1_IRQHandler
                0x0800204c                USART2_IRQHandler
                0x0800204c                I2C2_ER_IRQHandler
                0x0800204c                DMA1_Channel2_IRQHandler
                0x0800204c                CAN1_SCE_IRQHandler
                0x0800204c                FLASH_IRQHandler
                0x0800204c                I2C1_ER_IRQHandler
                0x0800204c                USBWakeUp_IRQHandler
 *fill*         0x0800204e        0x2 
 .text.HAL_InitTick
                0x08002050       0x4c CMakeFiles/stm32f103c8t6_zhsx.elf.dir/Drivers/STM32F1xx_HAL_Driver/Src/stm32f1xx_hal.c.obj
                0x08002050                HAL_InitTick
 .text.HAL_Init
                0x0800209c       0x24 CMakeFiles/stm32f103c8t6_zhsx.elf.dir/Drivers/STM32F1xx_HAL_Driver/Src/stm32f1xx_hal.c.obj
                0x0800209c                HAL_Init
 .text.HAL_IncTick
                0x080020c0       0x18 CMakeFiles/stm32f103c8t6_zhsx.elf.dir/Drivers/STM32F1xx_HAL_Driver/Src/stm32f1xx_hal.c.obj
                0x080020c0                HAL_IncTick
 .text.HAL_GetTick
                0x080020d8        0xc CMakeFiles/stm32f103c8t6_zhsx.elf.dir/Drivers/STM32F1xx_HAL_Driver/Src/stm32f1xx_hal.c.obj
                0x080020d8                HAL_GetTick
 .text.HAL_NVIC_SetPriorityGrouping
                0x080020e4       0x24 CMakeFiles/stm32f103c8t6_zhsx.elf.dir/Drivers/STM32F1xx_HAL_Driver/Src/stm32f1xx_hal_cortex.c.obj
                0x080020e4                HAL_NVIC_SetPriorityGrouping
 .text.HAL_NVIC_SetPriority
                0x08002108       0x70 CMakeFiles/stm32f103c8t6_zhsx.elf.dir/Drivers/STM32F1xx_HAL_Driver/Src/stm32f1xx_hal_cortex.c.obj
                0x08002108                HAL_NVIC_SetPriority
 .text.HAL_NVIC_EnableIRQ
                0x08002178       0x1c CMakeFiles/stm32f103c8t6_zhsx.elf.dir/Drivers/STM32F1xx_HAL_Driver/Src/stm32f1xx_hal_cortex.c.obj
                0x08002178                HAL_NVIC_EnableIRQ
 .text.HAL_SYSTICK_Config
                0x08002194       0x28 CMakeFiles/stm32f103c8t6_zhsx.elf.dir/Drivers/STM32F1xx_HAL_Driver/Src/stm32f1xx_hal_cortex.c.obj
                0x08002194                HAL_SYSTICK_Config
 .text.HAL_SYSTICK_CLKSourceConfig
                0x080021bc       0x20 CMakeFiles/stm32f103c8t6_zhsx.elf.dir/Drivers/STM32F1xx_HAL_Driver/Src/stm32f1xx_hal_cortex.c.obj
                0x080021bc                HAL_SYSTICK_CLKSourceConfig
 .text.HAL_DMA_Abort_IT
                0x080021dc       0x98 CMakeFiles/stm32f103c8t6_zhsx.elf.dir/Drivers/STM32F1xx_HAL_Driver/Src/stm32f1xx_hal_dma.c.obj
                0x080021dc                HAL_DMA_Abort_IT
 .text.FLASH_Program_HalfWord
                0x08002274       0x1c CMakeFiles/stm32f103c8t6_zhsx.elf.dir/Drivers/STM32F1xx_HAL_Driver/Src/stm32f1xx_hal_flash.c.obj
 .text.FLASH_SetErrorCode
                0x08002290       0x70 CMakeFiles/stm32f103c8t6_zhsx.elf.dir/Drivers/STM32F1xx_HAL_Driver/Src/stm32f1xx_hal_flash.c.obj
 .text.HAL_FLASH_Unlock
                0x08002300       0x34 CMakeFiles/stm32f103c8t6_zhsx.elf.dir/Drivers/STM32F1xx_HAL_Driver/Src/stm32f1xx_hal_flash.c.obj
                0x08002300                HAL_FLASH_Unlock
 .text.HAL_FLASH_Lock
                0x08002334       0x14 CMakeFiles/stm32f103c8t6_zhsx.elf.dir/Drivers/STM32F1xx_HAL_Driver/Src/stm32f1xx_hal_flash.c.obj
                0x08002334                HAL_FLASH_Lock
 .text.FLASH_WaitForLastOperation
                0x08002348       0x68 CMakeFiles/stm32f103c8t6_zhsx.elf.dir/Drivers/STM32F1xx_HAL_Driver/Src/stm32f1xx_hal_flash.c.obj
                0x08002348                FLASH_WaitForLastOperation
 .text.HAL_FLASH_Program
                0x080023b0       0xa0 CMakeFiles/stm32f103c8t6_zhsx.elf.dir/Drivers/STM32F1xx_HAL_Driver/Src/stm32f1xx_hal_flash.c.obj
                0x080023b0                HAL_FLASH_Program
 .text.FLASH_MassErase
                0x08002450       0x24 CMakeFiles/stm32f103c8t6_zhsx.elf.dir/Drivers/STM32F1xx_HAL_Driver/Src/stm32f1xx_hal_flash_ex.c.obj
 .text.FLASH_PageErase
                0x08002474       0x24 CMakeFiles/stm32f103c8t6_zhsx.elf.dir/Drivers/STM32F1xx_HAL_Driver/Src/stm32f1xx_hal_flash_ex.c.obj
                0x08002474                FLASH_PageErase
 .text.HAL_FLASHEx_Erase
                0x08002498       0xa4 CMakeFiles/stm32f103c8t6_zhsx.elf.dir/Drivers/STM32F1xx_HAL_Driver/Src/stm32f1xx_hal_flash_ex.c.obj
                0x08002498                HAL_FLASHEx_Erase
 .text.HAL_GPIO_Init
                0x0800253c      0x224 CMakeFiles/stm32f103c8t6_zhsx.elf.dir/Drivers/STM32F1xx_HAL_Driver/Src/stm32f1xx_hal_gpio.c.obj
                0x0800253c                HAL_GPIO_Init
 .text.HAL_GPIO_ReadPin
                0x08002760        0xe CMakeFiles/stm32f103c8t6_zhsx.elf.dir/Drivers/STM32F1xx_HAL_Driver/Src/stm32f1xx_hal_gpio.c.obj
                0x08002760                HAL_GPIO_ReadPin
 .text.HAL_GPIO_WritePin
                0x0800276e        0xc CMakeFiles/stm32f103c8t6_zhsx.elf.dir/Drivers/STM32F1xx_HAL_Driver/Src/stm32f1xx_hal_gpio.c.obj
                0x0800276e                HAL_GPIO_WritePin
 .text.HAL_GPIO_TogglePin
                0x0800277a       0x12 CMakeFiles/stm32f103c8t6_zhsx.elf.dir/Drivers/STM32F1xx_HAL_Driver/Src/stm32f1xx_hal_gpio.c.obj
                0x0800277a                HAL_GPIO_TogglePin
 .text.RCC_Delay
                0x0800278c       0x2c CMakeFiles/stm32f103c8t6_zhsx.elf.dir/Drivers/STM32F1xx_HAL_Driver/Src/stm32f1xx_hal_rcc.c.obj
 .text.HAL_RCC_OscConfig
                0x080027b8      0x410 CMakeFiles/stm32f103c8t6_zhsx.elf.dir/Drivers/STM32F1xx_HAL_Driver/Src/stm32f1xx_hal_rcc.c.obj
                0x080027b8                HAL_RCC_OscConfig
 .text.HAL_RCC_GetSysClockFreq
                0x08002bc8       0x6c CMakeFiles/stm32f103c8t6_zhsx.elf.dir/Drivers/STM32F1xx_HAL_Driver/Src/stm32f1xx_hal_rcc.c.obj
                0x08002bc8                HAL_RCC_GetSysClockFreq
 .text.HAL_RCC_ClockConfig
                0x08002c34      0x16c CMakeFiles/stm32f103c8t6_zhsx.elf.dir/Drivers/STM32F1xx_HAL_Driver/Src/stm32f1xx_hal_rcc.c.obj
                0x08002c34                HAL_RCC_ClockConfig
 .text.HAL_RCC_GetHCLKFreq
                0x08002da0        0xc CMakeFiles/stm32f103c8t6_zhsx.elf.dir/Drivers/STM32F1xx_HAL_Driver/Src/stm32f1xx_hal_rcc.c.obj
                0x08002da0                HAL_RCC_GetHCLKFreq
 .text.HAL_RCC_GetPCLK1Freq
                0x08002dac       0x20 CMakeFiles/stm32f103c8t6_zhsx.elf.dir/Drivers/STM32F1xx_HAL_Driver/Src/stm32f1xx_hal_rcc.c.obj
                0x08002dac                HAL_RCC_GetPCLK1Freq
 .text.HAL_RCC_GetPCLK2Freq
                0x08002dcc       0x20 CMakeFiles/stm32f103c8t6_zhsx.elf.dir/Drivers/STM32F1xx_HAL_Driver/Src/stm32f1xx_hal_rcc.c.obj
                0x08002dcc                HAL_RCC_GetPCLK2Freq
 .text.UART_EndRxTransfer
                0x08002dec       0x1c CMakeFiles/stm32f103c8t6_zhsx.elf.dir/Drivers/STM32F1xx_HAL_Driver/Src/stm32f1xx_hal_uart.c.obj
 .text.UART_Transmit_IT
                0x08002e08       0x60 CMakeFiles/stm32f103c8t6_zhsx.elf.dir/Drivers/STM32F1xx_HAL_Driver/Src/stm32f1xx_hal_uart.c.obj
 .text.UART_SetConfig
                0x08002e68       0x94 CMakeFiles/stm32f103c8t6_zhsx.elf.dir/Drivers/STM32F1xx_HAL_Driver/Src/stm32f1xx_hal_uart.c.obj
 .text.UART_WaitOnFlagUntilTimeout
                0x08002efc       0x6c CMakeFiles/stm32f103c8t6_zhsx.elf.dir/Drivers/STM32F1xx_HAL_Driver/Src/stm32f1xx_hal_uart.c.obj
 .text.HAL_UART_Init
                0x08002f68       0x5e CMakeFiles/stm32f103c8t6_zhsx.elf.dir/Drivers/STM32F1xx_HAL_Driver/Src/stm32f1xx_hal_uart.c.obj
                0x08002f68                HAL_UART_Init
 .text.HAL_UART_Transmit
                0x08002fc6       0xd8 CMakeFiles/stm32f103c8t6_zhsx.elf.dir/Drivers/STM32F1xx_HAL_Driver/Src/stm32f1xx_hal_uart.c.obj
                0x08002fc6                HAL_UART_Transmit
 .text.HAL_UART_Receive_IT
                0x0800309e       0x62 CMakeFiles/stm32f103c8t6_zhsx.elf.dir/Drivers/STM32F1xx_HAL_Driver/Src/stm32f1xx_hal_uart.c.obj
                0x0800309e                HAL_UART_Receive_IT
 .text.HAL_UART_TxCpltCallback
                0x08003100        0x2 CMakeFiles/stm32f103c8t6_zhsx.elf.dir/Drivers/STM32F1xx_HAL_Driver/Src/stm32f1xx_hal_uart.c.obj
                0x08003100                HAL_UART_TxCpltCallback
 .text.UART_EndTransmit_IT
                0x08003102       0x1a CMakeFiles/stm32f103c8t6_zhsx.elf.dir/Drivers/STM32F1xx_HAL_Driver/Src/stm32f1xx_hal_uart.c.obj
 .text.UART_Receive_IT
                0x0800311c       0x94 CMakeFiles/stm32f103c8t6_zhsx.elf.dir/Drivers/STM32F1xx_HAL_Driver/Src/stm32f1xx_hal_uart.c.obj
 .text.HAL_UART_ErrorCallback
                0x080031b0        0x2 CMakeFiles/stm32f103c8t6_zhsx.elf.dir/Drivers/STM32F1xx_HAL_Driver/Src/stm32f1xx_hal_uart.c.obj
                0x080031b0                HAL_UART_ErrorCallback
 *fill*         0x080031b2        0x2 
 .text.HAL_UART_IRQHandler
                0x080031b4      0x128 CMakeFiles/stm32f103c8t6_zhsx.elf.dir/Drivers/STM32F1xx_HAL_Driver/Src/stm32f1xx_hal_uart.c.obj
                0x080031b4                HAL_UART_IRQHandler
 .text.UART_DMAAbortOnError
                0x080032dc       0x10 CMakeFiles/stm32f103c8t6_zhsx.elf.dir/Drivers/STM32F1xx_HAL_Driver/Src/stm32f1xx_hal_uart.c.obj
 .text.__errno  0x080032ec        0xc d:/gcc-arm-none-eabi-10-2020-q4-major-win32/gcc-arm-none-eabi-10-2020-q4-major/bin/../lib/gcc/arm-none-eabi/10.2.1/../../../../arm-none-eabi/lib/thumb/v7-m/nofp\libg.a(lib_a-errno.o)
                0x080032ec                __errno
 .text.__libc_init_array
                0x080032f8       0x48 d:/gcc-arm-none-eabi-10-2020-q4-major-win32/gcc-arm-none-eabi-10-2020-q4-major/bin/../lib/gcc/arm-none-eabi/10.2.1/../../../../arm-none-eabi/lib/thumb/v7-m/nofp\libg.a(lib_a-init.o)
                0x080032f8                __libc_init_array
 .text.memset   0x08003340       0xa4 d:/gcc-arm-none-eabi-10-2020-q4-major-win32/gcc-arm-none-eabi-10-2020-q4-major/bin/../lib/gcc/arm-none-eabi/10.2.1/../../../../arm-none-eabi/lib/thumb/v7-m/nofp\libg.a(lib_a-memset.o)
                0x08003340                memset
 .text.printf   0x080033e4       0x28 d:/gcc-arm-none-eabi-10-2020-q4-major-win32/gcc-arm-none-eabi-10-2020-q4-major/bin/../lib/gcc/arm-none-eabi/10.2.1/../../../../arm-none-eabi/lib/thumb/v7-m/nofp\libg.a(lib_a-printf.o)
                0x080033e4                printf
 .text._vfprintf_r
                0x0800340c     0x1b58 d:/gcc-arm-none-eabi-10-2020-q4-major-win32/gcc-arm-none-eabi-10-2020-q4-major/bin/../lib/gcc/arm-none-eabi/10.2.1/../../../../arm-none-eabi/lib/thumb/v7-m/nofp\libg.a(lib_a-vfprintf.o)
                0x0800340c                _vfprintf_r
 .text.__sbprintf
                0x08004f64       0x84 d:/gcc-arm-none-eabi-10-2020-q4-major-win32/gcc-arm-none-eabi-10-2020-q4-major/bin/../lib/gcc/arm-none-eabi/10.2.1/../../../../arm-none-eabi/lib/thumb/v7-m/nofp\libg.a(lib_a-vfprintf.o)
 .text.__swsetup_r
                0x08004fe8       0xd4 d:/gcc-arm-none-eabi-10-2020-q4-major-win32/gcc-arm-none-eabi-10-2020-q4-major/bin/../lib/gcc/arm-none-eabi/10.2.1/../../../../arm-none-eabi/lib/thumb/v7-m/nofp\libg.a(lib_a-wsetup.o)
                0x08004fe8                __swsetup_r
 .text.startup.register_fini
                0x080050bc       0x14 d:/gcc-arm-none-eabi-10-2020-q4-major-win32/gcc-arm-none-eabi-10-2020-q4-major/bin/../lib/gcc/arm-none-eabi/10.2.1/../../../../arm-none-eabi/lib/thumb/v7-m/nofp\libg.a(lib_a-__call_atexit.o)
 .text.atexit   0x080050d0        0xc d:/gcc-arm-none-eabi-10-2020-q4-major-win32/gcc-arm-none-eabi-10-2020-q4-major/bin/../lib/gcc/arm-none-eabi/10.2.1/../../../../arm-none-eabi/lib/thumb/v7-m/nofp\libg.a(lib_a-atexit.o)
                0x080050d0                atexit
 .text.quorem   0x080050dc      0x12c d:/gcc-arm-none-eabi-10-2020-q4-major-win32/gcc-arm-none-eabi-10-2020-q4-major/bin/../lib/gcc/arm-none-eabi/10.2.1/../../../../arm-none-eabi/lib/thumb/v7-m/nofp\libg.a(lib_a-dtoa.o)
 .text._dtoa_r  0x08005208      0xecc d:/gcc-arm-none-eabi-10-2020-q4-major-win32/gcc-arm-none-eabi-10-2020-q4-major/bin/../lib/gcc/arm-none-eabi/10.2.1/../../../../arm-none-eabi/lib/thumb/v7-m/nofp\libg.a(lib_a-dtoa.o)
                0x08005208                _dtoa_r
 .text.__sflush_r
                0x080060d4      0x124 d:/gcc-arm-none-eabi-10-2020-q4-major-win32/gcc-arm-none-eabi-10-2020-q4-major/bin/../lib/gcc/arm-none-eabi/10.2.1/../../../../arm-none-eabi/lib/thumb/v7-m/nofp\libg.a(lib_a-fflush.o)
                0x080060d4                __sflush_r
 .text._fflush_r
                0x080061f8       0x5c d:/gcc-arm-none-eabi-10-2020-q4-major-win32/gcc-arm-none-eabi-10-2020-q4-major/bin/../lib/gcc/arm-none-eabi/10.2.1/../../../../arm-none-eabi/lib/thumb/v7-m/nofp\libg.a(lib_a-fflush.o)
                0x080061f8                _fflush_r
 .text._cleanup_r
                0x08006254        0xc d:/gcc-arm-none-eabi-10-2020-q4-major-win32/gcc-arm-none-eabi-10-2020-q4-major/bin/../lib/gcc/arm-none-eabi/10.2.1/../../../../arm-none-eabi/lib/thumb/v7-m/nofp\libg.a(lib_a-findfp.o)
                0x08006254                _cleanup_r
 .text.__sinit  0x08006260      0x10c d:/gcc-arm-none-eabi-10-2020-q4-major-win32/gcc-arm-none-eabi-10-2020-q4-major/bin/../lib/gcc/arm-none-eabi/10.2.1/../../../../arm-none-eabi/lib/thumb/v7-m/nofp\libg.a(lib_a-findfp.o)
                0x08006260                __sinit
 .text.__sfp_lock_acquire
                0x0800636c        0xc d:/gcc-arm-none-eabi-10-2020-q4-major-win32/gcc-arm-none-eabi-10-2020-q4-major/bin/../lib/gcc/arm-none-eabi/10.2.1/../../../../arm-none-eabi/lib/thumb/v7-m/nofp\libg.a(lib_a-findfp.o)
                0x0800636c                __sfp_lock_acquire
 .text.__sfp_lock_release
                0x08006378        0xc d:/gcc-arm-none-eabi-10-2020-q4-major-win32/gcc-arm-none-eabi-10-2020-q4-major/bin/../lib/gcc/arm-none-eabi/10.2.1/../../../../arm-none-eabi/lib/thumb/v7-m/nofp\libg.a(lib_a-findfp.o)
                0x08006378                __sfp_lock_release
 .text.__libc_fini_array
                0x08006384       0x2c d:/gcc-arm-none-eabi-10-2020-q4-major-win32/gcc-arm-none-eabi-10-2020-q4-major/bin/../lib/gcc/arm-none-eabi/10.2.1/../../../../arm-none-eabi/lib/thumb/v7-m/nofp\libg.a(lib_a-fini.o)
                0x08006384                __libc_fini_array
 .text._malloc_trim_r
                0x080063b0       0xa0 d:/gcc-arm-none-eabi-10-2020-q4-major-win32/gcc-arm-none-eabi-10-2020-q4-major/bin/../lib/gcc/arm-none-eabi/10.2.1/../../../../arm-none-eabi/lib/thumb/v7-m/nofp\libg.a(lib_a-freer.o)
                0x080063b0                _malloc_trim_r
 .text._free_r  0x08006450      0x200 d:/gcc-arm-none-eabi-10-2020-q4-major-win32/gcc-arm-none-eabi-10-2020-q4-major/bin/../lib/gcc/arm-none-eabi/10.2.1/../../../../arm-none-eabi/lib/thumb/v7-m/nofp\libg.a(lib_a-freer.o)
                0x08006450                _free_r
 .text._fwalk_reent
                0x08006650       0x48 d:/gcc-arm-none-eabi-10-2020-q4-major-win32/gcc-arm-none-eabi-10-2020-q4-major/bin/../lib/gcc/arm-none-eabi/10.2.1/../../../../arm-none-eabi/lib/thumb/v7-m/nofp\libg.a(lib_a-fwalk.o)
                0x08006650                _fwalk_reent
 .text._localeconv_r
                0x08006698        0x8 d:/gcc-arm-none-eabi-10-2020-q4-major-win32/gcc-arm-none-eabi-10-2020-q4-major/bin/../lib/gcc/arm-none-eabi/10.2.1/../../../../arm-none-eabi/lib/thumb/v7-m/nofp\libg.a(lib_a-localeconv.o)
                0x08006698                _localeconv_r
 .text.__retarget_lock_init_recursive
                0x080066a0        0x4 d:/gcc-arm-none-eabi-10-2020-q4-major-win32/gcc-arm-none-eabi-10-2020-q4-major/bin/../lib/gcc/arm-none-eabi/10.2.1/../../../../arm-none-eabi/lib/thumb/v7-m/nofp\libg.a(lib_a-lock.o)
                0x080066a0                __retarget_lock_init_recursive
 .text.__retarget_lock_close_recursive
                0x080066a4        0x4 d:/gcc-arm-none-eabi-10-2020-q4-major-win32/gcc-arm-none-eabi-10-2020-q4-major/bin/../lib/gcc/arm-none-eabi/10.2.1/../../../../arm-none-eabi/lib/thumb/v7-m/nofp\libg.a(lib_a-lock.o)
                0x080066a4                __retarget_lock_close_recursive
 .text.__retarget_lock_acquire_recursive
                0x080066a8        0x4 d:/gcc-arm-none-eabi-10-2020-q4-major-win32/gcc-arm-none-eabi-10-2020-q4-major/bin/../lib/gcc/arm-none-eabi/10.2.1/../../../../arm-none-eabi/lib/thumb/v7-m/nofp\libg.a(lib_a-lock.o)
                0x080066a8                __retarget_lock_acquire_recursive
 .text.__retarget_lock_release_recursive
                0x080066ac        0x4 d:/gcc-arm-none-eabi-10-2020-q4-major-win32/gcc-arm-none-eabi-10-2020-q4-major/bin/../lib/gcc/arm-none-eabi/10.2.1/../../../../arm-none-eabi/lib/thumb/v7-m/nofp\libg.a(lib_a-lock.o)
                0x080066ac                __retarget_lock_release_recursive
 .text.__smakebuf_r
                0x080066b0       0xe0 d:/gcc-arm-none-eabi-10-2020-q4-major-win32/gcc-arm-none-eabi-10-2020-q4-major/bin/../lib/gcc/arm-none-eabi/10.2.1/../../../../arm-none-eabi/lib/thumb/v7-m/nofp\libg.a(lib_a-makebuf.o)
                0x080066b0                __smakebuf_r
 .text._malloc_r
                0x08006790      0x558 d:/gcc-arm-none-eabi-10-2020-q4-major-win32/gcc-arm-none-eabi-10-2020-q4-major/bin/../lib/gcc/arm-none-eabi/10.2.1/../../../../arm-none-eabi/lib/thumb/v7-m/nofp\libg.a(lib_a-mallocr.o)
                0x08006790                _malloc_r
 .text.memchr   0x08006ce8       0x90 d:/gcc-arm-none-eabi-10-2020-q4-major-win32/gcc-arm-none-eabi-10-2020-q4-major/bin/../lib/gcc/arm-none-eabi/10.2.1/../../../../arm-none-eabi/lib/thumb/v7-m/nofp\libg.a(lib_a-memchr-stub.o)
                0x08006ce8                memchr
 .text.__malloc_lock
                0x08006d78        0xc d:/gcc-arm-none-eabi-10-2020-q4-major-win32/gcc-arm-none-eabi-10-2020-q4-major/bin/../lib/gcc/arm-none-eabi/10.2.1/../../../../arm-none-eabi/lib/thumb/v7-m/nofp\libg.a(lib_a-mlock.o)
                0x08006d78                __malloc_lock
 .text.__malloc_unlock
                0x08006d84        0xc d:/gcc-arm-none-eabi-10-2020-q4-major-win32/gcc-arm-none-eabi-10-2020-q4-major/bin/../lib/gcc/arm-none-eabi/10.2.1/../../../../arm-none-eabi/lib/thumb/v7-m/nofp\libg.a(lib_a-mlock.o)
                0x08006d84                __malloc_unlock
 .text._Balloc  0x08006d90       0x4c d:/gcc-arm-none-eabi-10-2020-q4-major-win32/gcc-arm-none-eabi-10-2020-q4-major/bin/../lib/gcc/arm-none-eabi/10.2.1/../../../../arm-none-eabi/lib/thumb/v7-m/nofp\libg.a(lib_a-mprec.o)
                0x08006d90                _Balloc
 .text._Bfree   0x08006ddc       0x14 d:/gcc-arm-none-eabi-10-2020-q4-major-win32/gcc-arm-none-eabi-10-2020-q4-major/bin/../lib/gcc/arm-none-eabi/10.2.1/../../../../arm-none-eabi/lib/thumb/v7-m/nofp\libg.a(lib_a-mprec.o)
                0x08006ddc                _Bfree
 .text.__multadd
                0x08006df0       0xa4 d:/gcc-arm-none-eabi-10-2020-q4-major-win32/gcc-arm-none-eabi-10-2020-q4-major/bin/../lib/gcc/arm-none-eabi/10.2.1/../../../../arm-none-eabi/lib/thumb/v7-m/nofp\libg.a(lib_a-mprec.o)
                0x08006df0                __multadd
 .text.__hi0bits
                0x08006e94       0x40 d:/gcc-arm-none-eabi-10-2020-q4-major-win32/gcc-arm-none-eabi-10-2020-q4-major/bin/../lib/gcc/arm-none-eabi/10.2.1/../../../../arm-none-eabi/lib/thumb/v7-m/nofp\libg.a(lib_a-mprec.o)
                0x08006e94                __hi0bits
 .text.__lo0bits
                0x08006ed4       0x58 d:/gcc-arm-none-eabi-10-2020-q4-major-win32/gcc-arm-none-eabi-10-2020-q4-major/bin/../lib/gcc/arm-none-eabi/10.2.1/../../../../arm-none-eabi/lib/thumb/v7-m/nofp\libg.a(lib_a-mprec.o)
                0x08006ed4                __lo0bits
 .text.__i2b    0x08006f2c       0x5c d:/gcc-arm-none-eabi-10-2020-q4-major-win32/gcc-arm-none-eabi-10-2020-q4-major/bin/../lib/gcc/arm-none-eabi/10.2.1/../../../../arm-none-eabi/lib/thumb/v7-m/nofp\libg.a(lib_a-mprec.o)
                0x08006f2c                __i2b
 .text.__multiply
                0x08006f88      0x15c d:/gcc-arm-none-eabi-10-2020-q4-major-win32/gcc-arm-none-eabi-10-2020-q4-major/bin/../lib/gcc/arm-none-eabi/10.2.1/../../../../arm-none-eabi/lib/thumb/v7-m/nofp\libg.a(lib_a-mprec.o)
                0x08006f88                __multiply
 .text.__pow5mult
                0x080070e4       0xb8 d:/gcc-arm-none-eabi-10-2020-q4-major-win32/gcc-arm-none-eabi-10-2020-q4-major/bin/../lib/gcc/arm-none-eabi/10.2.1/../../../../arm-none-eabi/lib/thumb/v7-m/nofp\libg.a(lib_a-mprec.o)
                0x080070e4                __pow5mult
 .text.__lshift
                0x0800719c       0xec d:/gcc-arm-none-eabi-10-2020-q4-major-win32/gcc-arm-none-eabi-10-2020-q4-major/bin/../lib/gcc/arm-none-eabi/10.2.1/../../../../arm-none-eabi/lib/thumb/v7-m/nofp\libg.a(lib_a-mprec.o)
                0x0800719c                __lshift
 .text.__mcmp   0x08007288       0x40 d:/gcc-arm-none-eabi-10-2020-q4-major-win32/gcc-arm-none-eabi-10-2020-q4-major/bin/../lib/gcc/arm-none-eabi/10.2.1/../../../../arm-none-eabi/lib/thumb/v7-m/nofp\libg.a(lib_a-mprec.o)
                0x08007288                __mcmp
 .text.__mdiff  0x080072c8      0x14c d:/gcc-arm-none-eabi-10-2020-q4-major-win32/gcc-arm-none-eabi-10-2020-q4-major/bin/../lib/gcc/arm-none-eabi/10.2.1/../../../../arm-none-eabi/lib/thumb/v7-m/nofp\libg.a(lib_a-mprec.o)
                0x080072c8                __mdiff
 .text.__d2b    0x08007414       0xc4 d:/gcc-arm-none-eabi-10-2020-q4-major-win32/gcc-arm-none-eabi-10-2020-q4-major/bin/../lib/gcc/arm-none-eabi/10.2.1/../../../../arm-none-eabi/lib/thumb/v7-m/nofp\libg.a(lib_a-mprec.o)
                0x08007414                __d2b
 .text.frexp    0x080074d8       0x70 d:/gcc-arm-none-eabi-10-2020-q4-major-win32/gcc-arm-none-eabi-10-2020-q4-major/bin/../lib/gcc/arm-none-eabi/10.2.1/../../../../arm-none-eabi/lib/thumb/v7-m/nofp\libg.a(lib_a-s_frexp.o)
                0x080074d8                frexp
 .text._sbrk_r  0x08007548       0x24 d:/gcc-arm-none-eabi-10-2020-q4-major-win32/gcc-arm-none-eabi-10-2020-q4-major/bin/../lib/gcc/arm-none-eabi/10.2.1/../../../../arm-none-eabi/lib/thumb/v7-m/nofp\libg.a(lib_a-sbrkr.o)
                0x08007548                _sbrk_r
 .text.__sread  0x0800756c       0x24 d:/gcc-arm-none-eabi-10-2020-q4-major-win32/gcc-arm-none-eabi-10-2020-q4-major/bin/../lib/gcc/arm-none-eabi/10.2.1/../../../../arm-none-eabi/lib/thumb/v7-m/nofp\libg.a(lib_a-stdio.o)
                0x0800756c                __sread
 .text.__swrite
                0x08007590       0x40 d:/gcc-arm-none-eabi-10-2020-q4-major-win32/gcc-arm-none-eabi-10-2020-q4-major/bin/../lib/gcc/arm-none-eabi/10.2.1/../../../../arm-none-eabi/lib/thumb/v7-m/nofp\libg.a(lib_a-stdio.o)
                0x08007590                __swrite
 .text.__sseek  0x080075d0       0x20 d:/gcc-arm-none-eabi-10-2020-q4-major-win32/gcc-arm-none-eabi-10-2020-q4-major/bin/../lib/gcc/arm-none-eabi/10.2.1/../../../../arm-none-eabi/lib/thumb/v7-m/nofp\libg.a(lib_a-stdio.o)
                0x080075d0                __sseek
 .text.__sclose
                0x080075f0        0x8 d:/gcc-arm-none-eabi-10-2020-q4-major-win32/gcc-arm-none-eabi-10-2020-q4-major/bin/../lib/gcc/arm-none-eabi/10.2.1/../../../../arm-none-eabi/lib/thumb/v7-m/nofp\libg.a(lib_a-stdio.o)
                0x080075f0                __sclose
 .text.strlen   0x080075f8       0x5c d:/gcc-arm-none-eabi-10-2020-q4-major-win32/gcc-arm-none-eabi-10-2020-q4-major/bin/../lib/gcc/arm-none-eabi/10.2.1/../../../../arm-none-eabi/lib/thumb/v7-m/nofp\libg.a(lib_a-strlen-stub.o)
                0x080075f8                strlen
 .text.strncpy  0x08007654       0x68 d:/gcc-arm-none-eabi-10-2020-q4-major-win32/gcc-arm-none-eabi-10-2020-q4-major/bin/../lib/gcc/arm-none-eabi/10.2.1/../../../../arm-none-eabi/lib/thumb/v7-m/nofp\libg.a(lib_a-strncpy.o)
                0x08007654                strncpy
 .text.__sprint_r.part.0
                0x080076bc       0x78 d:/gcc-arm-none-eabi-10-2020-q4-major-win32/gcc-arm-none-eabi-10-2020-q4-major/bin/../lib/gcc/arm-none-eabi/10.2.1/../../../../arm-none-eabi/lib/thumb/v7-m/nofp\libg.a(lib_a-vfiprintf.o)
 .text.__sprint_r
                0x08007734       0x14 d:/gcc-arm-none-eabi-10-2020-q4-major-win32/gcc-arm-none-eabi-10-2020-q4-major/bin/../lib/gcc/arm-none-eabi/10.2.1/../../../../arm-none-eabi/lib/thumb/v7-m/nofp\libg.a(lib_a-vfiprintf.o)
                0x08007734                __sprint_r
 .text._vfiprintf_r
                0x08007748      0xd94 d:/gcc-arm-none-eabi-10-2020-q4-major-win32/gcc-arm-none-eabi-10-2020-q4-major/bin/../lib/gcc/arm-none-eabi/10.2.1/../../../../arm-none-eabi/lib/thumb/v7-m/nofp\libg.a(lib_a-vfiprintf.o)
                0x08007748                _vfiprintf_r
 .text.__sbprintf
                0x080084dc       0x84 d:/gcc-arm-none-eabi-10-2020-q4-major-win32/gcc-arm-none-eabi-10-2020-q4-major/bin/../lib/gcc/arm-none-eabi/10.2.1/../../../../arm-none-eabi/lib/thumb/v7-m/nofp\libg.a(lib_a-vfiprintf.o)
 .text._write_r
                0x08008560       0x2c d:/gcc-arm-none-eabi-10-2020-q4-major-win32/gcc-arm-none-eabi-10-2020-q4-major/bin/../lib/gcc/arm-none-eabi/10.2.1/../../../../arm-none-eabi/lib/thumb/v7-m/nofp\libg.a(lib_a-writer.o)
                0x08008560                _write_r
 .text.__register_exitproc
                0x0800858c       0x8c d:/gcc-arm-none-eabi-10-2020-q4-major-win32/gcc-arm-none-eabi-10-2020-q4-major/bin/../lib/gcc/arm-none-eabi/10.2.1/../../../../arm-none-eabi/lib/thumb/v7-m/nofp\libg.a(lib_a-__atexit.o)
                0x0800858c                __register_exitproc
 .text.__assert_func
                0x08008618       0x40 d:/gcc-arm-none-eabi-10-2020-q4-major-win32/gcc-arm-none-eabi-10-2020-q4-major/bin/../lib/gcc/arm-none-eabi/10.2.1/../../../../arm-none-eabi/lib/thumb/v7-m/nofp\libg.a(lib_a-assert.o)
                0x08008618                __assert_func
 .text._calloc_r
                0x08008658       0x60 d:/gcc-arm-none-eabi-10-2020-q4-major-win32/gcc-arm-none-eabi-10-2020-q4-major/bin/../lib/gcc/arm-none-eabi/10.2.1/../../../../arm-none-eabi/lib/thumb/v7-m/nofp\libg.a(lib_a-callocr.o)
                0x08008658                _calloc_r
 .text._close_r
                0x080086b8       0x24 d:/gcc-arm-none-eabi-10-2020-q4-major-win32/gcc-arm-none-eabi-10-2020-q4-major/bin/../lib/gcc/arm-none-eabi/10.2.1/../../../../arm-none-eabi/lib/thumb/v7-m/nofp\libg.a(lib_a-closer.o)
                0x080086b8                _close_r
 .text._fclose_r
                0x080086dc       0xcc d:/gcc-arm-none-eabi-10-2020-q4-major-win32/gcc-arm-none-eabi-10-2020-q4-major/bin/../lib/gcc/arm-none-eabi/10.2.1/../../../../arm-none-eabi/lib/thumb/v7-m/nofp\libg.a(lib_a-fclose.o)
                0x080086dc                _fclose_r
 .text.fiprintf
                0x080087a8       0x28 d:/gcc-arm-none-eabi-10-2020-q4-major-win32/gcc-arm-none-eabi-10-2020-q4-major/bin/../lib/gcc/arm-none-eabi/10.2.1/../../../../arm-none-eabi/lib/thumb/v7-m/nofp\libg.a(lib_a-fiprintf.o)
                0x080087a8                fiprintf
 .text.__fputwc
                0x080087d0       0xa0 d:/gcc-arm-none-eabi-10-2020-q4-major-win32/gcc-arm-none-eabi-10-2020-q4-major/bin/../lib/gcc/arm-none-eabi/10.2.1/../../../../arm-none-eabi/lib/thumb/v7-m/nofp\libg.a(lib_a-fputwc.o)
                0x080087d0                __fputwc
 .text._fputwc_r
                0x08008870       0x68 d:/gcc-arm-none-eabi-10-2020-q4-major-win32/gcc-arm-none-eabi-10-2020-q4-major/bin/../lib/gcc/arm-none-eabi/10.2.1/../../../../arm-none-eabi/lib/thumb/v7-m/nofp\libg.a(lib_a-fputwc.o)
                0x08008870                _fputwc_r
 .text._fstat_r
                0x080088d8       0x28 d:/gcc-arm-none-eabi-10-2020-q4-major-win32/gcc-arm-none-eabi-10-2020-q4-major/bin/../lib/gcc/arm-none-eabi/10.2.1/../../../../arm-none-eabi/lib/thumb/v7-m/nofp\libg.a(lib_a-fstatr.o)
                0x080088d8                _fstat_r
 .text.__sfvwrite_r
                0x08008900      0x2f0 d:/gcc-arm-none-eabi-10-2020-q4-major-win32/gcc-arm-none-eabi-10-2020-q4-major/bin/../lib/gcc/arm-none-eabi/10.2.1/../../../../arm-none-eabi/lib/thumb/v7-m/nofp\libg.a(lib_a-fvwrite.o)
                0x08008900                __sfvwrite_r
 .text._isatty_r
                0x08008bf0       0x24 d:/gcc-arm-none-eabi-10-2020-q4-major-win32/gcc-arm-none-eabi-10-2020-q4-major/bin/../lib/gcc/arm-none-eabi/10.2.1/../../../../arm-none-eabi/lib/thumb/v7-m/nofp\libg.a(lib_a-isattyr.o)
                0x08008bf0                _isatty_r
 .text.__locale_mb_cur_max
                0x08008c14        0xc d:/gcc-arm-none-eabi-10-2020-q4-major-win32/gcc-arm-none-eabi-10-2020-q4-major/bin/../lib/gcc/arm-none-eabi/10.2.1/../../../../arm-none-eabi/lib/thumb/v7-m/nofp\libg.a(lib_a-locale.o)
                0x08008c14                __locale_mb_cur_max
 .text._lseek_r
                0x08008c20       0x2c d:/gcc-arm-none-eabi-10-2020-q4-major-win32/gcc-arm-none-eabi-10-2020-q4-major/bin/../lib/gcc/arm-none-eabi/10.2.1/../../../../arm-none-eabi/lib/thumb/v7-m/nofp\libg.a(lib_a-lseekr.o)
                0x08008c20                _lseek_r
 .text.__ascii_mbtowc
                0x08008c4c       0x2c d:/gcc-arm-none-eabi-10-2020-q4-major-win32/gcc-arm-none-eabi-10-2020-q4-major/bin/../lib/gcc/arm-none-eabi/10.2.1/../../../../arm-none-eabi/lib/thumb/v7-m/nofp\libg.a(lib_a-mbtowc_r.o)
                0x08008c4c                __ascii_mbtowc
 .text.memmove  0x08008c78       0xf8 d:/gcc-arm-none-eabi-10-2020-q4-major-win32/gcc-arm-none-eabi-10-2020-q4-major/bin/../lib/gcc/arm-none-eabi/10.2.1/../../../../arm-none-eabi/lib/thumb/v7-m/nofp\libg.a(lib_a-memmove.o)
                0x08008c78                memmove
 .text._read_r  0x08008d70       0x2c d:/gcc-arm-none-eabi-10-2020-q4-major-win32/gcc-arm-none-eabi-10-2020-q4-major/bin/../lib/gcc/arm-none-eabi/10.2.1/../../../../arm-none-eabi/lib/thumb/v7-m/nofp\libg.a(lib_a-readr.o)
                0x08008d70                _read_r
 .text._realloc_r
                0x08008d9c      0x3dc d:/gcc-arm-none-eabi-10-2020-q4-major-win32/gcc-arm-none-eabi-10-2020-q4-major/bin/../lib/gcc/arm-none-eabi/10.2.1/../../../../arm-none-eabi/lib/thumb/v7-m/nofp\libg.a(lib_a-reallocr.o)
                0x08008d9c                _realloc_r
 .text.__swbuf_r
                0x08009178       0xb0 d:/gcc-arm-none-eabi-10-2020-q4-major-win32/gcc-arm-none-eabi-10-2020-q4-major/bin/../lib/gcc/arm-none-eabi/10.2.1/../../../../arm-none-eabi/lib/thumb/v7-m/nofp\libg.a(lib_a-wbuf.o)
                0x08009178                __swbuf_r
 .text._wcrtomb_r
                0x08009228       0x3c d:/gcc-arm-none-eabi-10-2020-q4-major-win32/gcc-arm-none-eabi-10-2020-q4-major/bin/../lib/gcc/arm-none-eabi/10.2.1/../../../../arm-none-eabi/lib/thumb/v7-m/nofp\libg.a(lib_a-wcrtomb.o)
                0x08009228                _wcrtomb_r
 .text.__ascii_wctomb
                0x08009264       0x1c d:/gcc-arm-none-eabi-10-2020-q4-major-win32/gcc-arm-none-eabi-10-2020-q4-major/bin/../lib/gcc/arm-none-eabi/10.2.1/../../../../arm-none-eabi/lib/thumb/v7-m/nofp\libg.a(lib_a-wctomb_r.o)
                0x08009264                __ascii_wctomb
 .text.abort    0x08009280       0x10 d:/gcc-arm-none-eabi-10-2020-q4-major-win32/gcc-arm-none-eabi-10-2020-q4-major/bin/../lib/gcc/arm-none-eabi/10.2.1/../../../../arm-none-eabi/lib/thumb/v7-m/nofp\libg.a(lib_a-abort.o)
                0x08009280                abort
 .text.raise    0x08009290       0x5c d:/gcc-arm-none-eabi-10-2020-q4-major-win32/gcc-arm-none-eabi-10-2020-q4-major/bin/../lib/gcc/arm-none-eabi/10.2.1/../../../../arm-none-eabi/lib/thumb/v7-m/nofp\libg.a(lib_a-signal.o)
                0x08009290                raise
 .text._kill_r  0x080092ec       0x28 d:/gcc-arm-none-eabi-10-2020-q4-major-win32/gcc-arm-none-eabi-10-2020-q4-major/bin/../lib/gcc/arm-none-eabi/10.2.1/../../../../arm-none-eabi/lib/thumb/v7-m/nofp\libg.a(lib_a-signalr.o)
                0x080092ec                _kill_r
 .text._getpid_r
                0x08009314        0x4 d:/gcc-arm-none-eabi-10-2020-q4-major-win32/gcc-arm-none-eabi-10-2020-q4-major/bin/../lib/gcc/arm-none-eabi/10.2.1/../../../../arm-none-eabi/lib/thumb/v7-m/nofp\libg.a(lib_a-signalr.o)
                0x08009314                _getpid_r
 *(.glue_7)
 .glue_7        0x08009318        0x0 linker stubs
 *(.glue_7t)
 .glue_7t       0x08009318        0x0 linker stubs
 *(.eh_frame)
 .eh_frame      0x08009318        0x0 d:/gcc-arm-none-eabi-10-2020-q4-major-win32/gcc-arm-none-eabi-10-2020-q4-major/bin/../lib/gcc/arm-none-eabi/10.2.1/thumb/v7-m/nofp/crtbegin.o
 *(.init)
 .init          0x08009318        0x4 d:/gcc-arm-none-eabi-10-2020-q4-major-win32/gcc-arm-none-eabi-10-2020-q4-major/bin/../lib/gcc/arm-none-eabi/10.2.1/thumb/v7-m/nofp/crti.o
                0x08009318                _init
 .init          0x0800931c        0x8 d:/gcc-arm-none-eabi-10-2020-q4-major-win32/gcc-arm-none-eabi-10-2020-q4-major/bin/../lib/gcc/arm-none-eabi/10.2.1/thumb/v7-m/nofp/crtn.o
 *(.fini)
 .fini          0x08009324        0x4 d:/gcc-arm-none-eabi-10-2020-q4-major-win32/gcc-arm-none-eabi-10-2020-q4-major/bin/../lib/gcc/arm-none-eabi/10.2.1/thumb/v7-m/nofp/crti.o
                0x08009324                _fini
 .fini          0x08009328        0x8 d:/gcc-arm-none-eabi-10-2020-q4-major-win32/gcc-arm-none-eabi-10-2020-q4-major/bin/../lib/gcc/arm-none-eabi/10.2.1/thumb/v7-m/nofp/crtn.o
                0x08009330                . = ALIGN (0x4)
                0x08009330                _etext = .

.vfp11_veneer   0x08009330        0x0
 .vfp11_veneer  0x08009330        0x0 linker stubs

.v4_bx          0x08009330        0x0
 .v4_bx         0x08009330        0x0 linker stubs

.iplt           0x08009330        0x0
 .iplt          0x08009330        0x0 d:/gcc-arm-none-eabi-10-2020-q4-major-win32/gcc-arm-none-eabi-10-2020-q4-major/bin/../lib/gcc/arm-none-eabi/10.2.1/thumb/v7-m/nofp/crtbegin.o

.rodata         0x08009330      0xfb8
                0x08009330                . = ALIGN (0x4)
 *(.rodata)
 *(.rodata*)
 .rodata.s_gpio_list
                0x08009330       0x18 CMakeFiles/stm32f103c8t6_zhsx.elf.dir/Core/Src/bsp_key.c.obj
 .rodata.Oled_ShowTitle.str1.4
                0x08009348        0x2 CMakeFiles/stm32f103c8t6_zhsx.elf.dir/Core/Src/bsp_oled.c.obj
 *fill*         0x0800934a        0x2 
 .rodata.CZZ16X16
                0x0800934c       0x60 CMakeFiles/stm32f103c8t6_zhsx.elf.dir/Core/Src/bsp_oled.c.obj
                0x0800934c                CZZ16X16
 .rodata.DZC16X16
                0x080093ac       0x60 CMakeFiles/stm32f103c8t6_zhsx.elf.dir/Core/Src/bsp_oled.c.obj
                0x080093ac                DZC16X16
 .rodata.F6x8   0x0800940c      0x228 CMakeFiles/stm32f103c8t6_zhsx.elf.dir/Core/Src/bsp_oled.c.obj
                0x0800940c                F6x8
 .rodata.F8X16  0x08009634      0x5f0 CMakeFiles/stm32f103c8t6_zhsx.elf.dir/Core/Src/bsp_oled.c.obj
                0x08009634                F8X16
 .rodata.NUM16X32
                0x08009c24      0x280 CMakeFiles/stm32f103c8t6_zhsx.elf.dir/Core/Src/bsp_oled.c.obj
                0x08009c24                NUM16X32
 .rodata.main.str1.4
                0x08009ea4       0x18 CMakeFiles/stm32f103c8t6_zhsx.elf.dir/Core/Src/main.c.obj
 .rodata.AHBPrescTable
                0x08009ebc       0x10 CMakeFiles/stm32f103c8t6_zhsx.elf.dir/Core/Src/system_stm32f1xx.c.obj
                0x08009ebc                AHBPrescTable
 .rodata.APBPrescTable
                0x08009ecc        0x8 CMakeFiles/stm32f103c8t6_zhsx.elf.dir/Core/Src/system_stm32f1xx.c.obj
                0x08009ecc                APBPrescTable
 .rodata.HAL_RCC_GetSysClockFreq.str1.4
                0x08009ed4       0x11 CMakeFiles/stm32f103c8t6_zhsx.elf.dir/Drivers/STM32F1xx_HAL_Driver/Src/stm32f1xx_hal_rcc.c.obj
 *fill*         0x08009ee5        0x3 
 .rodata._global_impure_ptr
                0x08009ee8        0x4 d:/gcc-arm-none-eabi-10-2020-q4-major-win32/gcc-arm-none-eabi-10-2020-q4-major/bin/../lib/gcc/arm-none-eabi/10.2.1/../../../../arm-none-eabi/lib/thumb/v7-m/nofp\libg.a(lib_a-impure.o)
                0x08009ee8                _global_impure_ptr
 .rodata._vfprintf_r.str1.4
                0x08009eec       0x42 d:/gcc-arm-none-eabi-10-2020-q4-major-win32/gcc-arm-none-eabi-10-2020-q4-major/bin/../lib/gcc/arm-none-eabi/10.2.1/../../../../arm-none-eabi/lib/thumb/v7-m/nofp\libg.a(lib_a-vfprintf.o)
 *fill*         0x08009f2e        0x2 
 .rodata.blanks.1
                0x08009f30       0x10 d:/gcc-arm-none-eabi-10-2020-q4-major-win32/gcc-arm-none-eabi-10-2020-q4-major/bin/../lib/gcc/arm-none-eabi/10.2.1/../../../../arm-none-eabi/lib/thumb/v7-m/nofp\libg.a(lib_a-vfprintf.o)
 .rodata.zeroes.0
                0x08009f40       0x10 d:/gcc-arm-none-eabi-10-2020-q4-major-win32/gcc-arm-none-eabi-10-2020-q4-major/bin/../lib/gcc/arm-none-eabi/10.2.1/../../../../arm-none-eabi/lib/thumb/v7-m/nofp\libg.a(lib_a-vfprintf.o)
 .rodata._dtoa_r.str1.4
                0x08009f50       0xa1 d:/gcc-arm-none-eabi-10-2020-q4-major-win32/gcc-arm-none-eabi-10-2020-q4-major/bin/../lib/gcc/arm-none-eabi/10.2.1/../../../../arm-none-eabi/lib/thumb/v7-m/nofp\libg.a(lib_a-dtoa.o)
                                 0xa5 (size before relaxing)
 *fill*         0x08009ff1        0x3 
 .rodata.__multadd.str1.4
                0x08009ff4       0x7e d:/gcc-arm-none-eabi-10-2020-q4-major-win32/gcc-arm-none-eabi-10-2020-q4-major/bin/../lib/gcc/arm-none-eabi/10.2.1/../../../../arm-none-eabi/lib/thumb/v7-m/nofp\libg.a(lib_a-mprec.o)
                                 0x92 (size before relaxing)
 *fill*         0x0800a072        0x6 
 .rodata.__mprec_bigtens
                0x0800a078       0x28 d:/gcc-arm-none-eabi-10-2020-q4-major-win32/gcc-arm-none-eabi-10-2020-q4-major/bin/../lib/gcc/arm-none-eabi/10.2.1/../../../../arm-none-eabi/lib/thumb/v7-m/nofp\libg.a(lib_a-mprec.o)
                0x0800a078                __mprec_bigtens
 .rodata.__mprec_tens
                0x0800a0a0       0xc8 d:/gcc-arm-none-eabi-10-2020-q4-major-win32/gcc-arm-none-eabi-10-2020-q4-major/bin/../lib/gcc/arm-none-eabi/10.2.1/../../../../arm-none-eabi/lib/thumb/v7-m/nofp\libg.a(lib_a-mprec.o)
                0x0800a0a0                __mprec_tens
 .rodata.p05.0  0x0800a168        0xc d:/gcc-arm-none-eabi-10-2020-q4-major-win32/gcc-arm-none-eabi-10-2020-q4-major/bin/../lib/gcc/arm-none-eabi/10.2.1/../../../../arm-none-eabi/lib/thumb/v7-m/nofp\libg.a(lib_a-mprec.o)
 .rodata._vfiprintf_r.str1.4
                0x0800a174       0x2f d:/gcc-arm-none-eabi-10-2020-q4-major-win32/gcc-arm-none-eabi-10-2020-q4-major/bin/../lib/gcc/arm-none-eabi/10.2.1/../../../../arm-none-eabi/lib/thumb/v7-m/nofp\libg.a(lib_a-vfiprintf.o)
 .rodata.blanks.1
                0x0800a174       0x10 d:/gcc-arm-none-eabi-10-2020-q4-major-win32/gcc-arm-none-eabi-10-2020-q4-major/bin/../lib/gcc/arm-none-eabi/10.2.1/../../../../arm-none-eabi/lib/thumb/v7-m/nofp\libg.a(lib_a-vfiprintf.o)
 .rodata.zeroes.0
                0x0800a184       0x10 d:/gcc-arm-none-eabi-10-2020-q4-major-win32/gcc-arm-none-eabi-10-2020-q4-major/bin/../lib/gcc/arm-none-eabi/10.2.1/../../../../arm-none-eabi/lib/thumb/v7-m/nofp\libg.a(lib_a-vfiprintf.o)
 .rodata.__assert_func.str1.4
                0x0800a194       0x3f d:/gcc-arm-none-eabi-10-2020-q4-major-win32/gcc-arm-none-eabi-10-2020-q4-major/bin/../lib/gcc/arm-none-eabi/10.2.1/../../../../arm-none-eabi/lib/thumb/v7-m/nofp\libg.a(lib_a-assert.o)
                                 0x43 (size before relaxing)
 *fill*         0x0800a1d3        0x1 
 .rodata._setlocale_r.str1.4
                0x0800a1d4        0xa d:/gcc-arm-none-eabi-10-2020-q4-major-win32/gcc-arm-none-eabi-10-2020-q4-major/bin/../lib/gcc/arm-none-eabi/10.2.1/../../../../arm-none-eabi/lib/thumb/v7-m/nofp\libg.a(lib_a-locale.o)
                                  0xd (size before relaxing)
 *fill*         0x0800a1de        0x2 
 .rodata.str1.4
                0x0800a1e0        0x2 d:/gcc-arm-none-eabi-10-2020-q4-major-win32/gcc-arm-none-eabi-10-2020-q4-major/bin/../lib/gcc/arm-none-eabi/10.2.1/../../../../arm-none-eabi/lib/thumb/v7-m/nofp\libg.a(lib_a-locale.o)
 *fill*         0x0800a1e2        0x2 
 .rodata._ctype_
                0x0800a1e4      0x101 d:/gcc-arm-none-eabi-10-2020-q4-major-win32/gcc-arm-none-eabi-10-2020-q4-major/bin/../lib/gcc/arm-none-eabi/10.2.1/../../../../arm-none-eabi/lib/thumb/v7-m/nofp\libg.a(lib_a-ctype_.o)
                0x0800a1e4                _ctype_
                0x0800a2e8                . = ALIGN (0x4)
 *fill*         0x0800a2e5        0x3 

.ARM.extab      0x0800a2e8        0x0
                0x0800a2e8                . = ALIGN (0x4)
 *(.ARM.extab* .gnu.linkonce.armextab.*)
                0x0800a2e8                . = ALIGN (0x4)

.ARM            0x0800a2e8        0x8
                0x0800a2e8                . = ALIGN (0x4)
                0x0800a2e8                __exidx_start = .
 *(.ARM.exidx*)
 .ARM.exidx     0x0800a2e8        0x8 d:/gcc-arm-none-eabi-10-2020-q4-major-win32/gcc-arm-none-eabi-10-2020-q4-major/bin/../lib/gcc/arm-none-eabi/10.2.1/thumb/v7-m/nofp\libgcc.a(_udivmoddi4.o)
                0x0800a2f0                __exidx_end = .
                0x0800a2f0                . = ALIGN (0x4)

.rel.dyn        0x0800a2f0        0x0
 .rel.iplt      0x0800a2f0        0x0 d:/gcc-arm-none-eabi-10-2020-q4-major-win32/gcc-arm-none-eabi-10-2020-q4-major/bin/../lib/gcc/arm-none-eabi/10.2.1/thumb/v7-m/nofp/crtbegin.o

.preinit_array  0x0800a2f0        0x0
                0x0800a2f0                . = ALIGN (0x4)
                0x0800a2f0                PROVIDE (__preinit_array_start = .)
 *(.preinit_array*)
                0x0800a2f0                PROVIDE (__preinit_array_end = .)
                0x0800a2f0                . = ALIGN (0x4)

.init_array     0x0800a2f0        0x8
                0x0800a2f0                . = ALIGN (0x4)
                0x0800a2f0                PROVIDE (__init_array_start = .)
 *(SORT_BY_NAME(.init_array.*))
 .init_array.00000
                0x0800a2f0        0x4 d:/gcc-arm-none-eabi-10-2020-q4-major-win32/gcc-arm-none-eabi-10-2020-q4-major/bin/../lib/gcc/arm-none-eabi/10.2.1/../../../../arm-none-eabi/lib/thumb/v7-m/nofp\libg.a(lib_a-__call_atexit.o)
 *(.init_array*)
 .init_array    0x0800a2f4        0x4 d:/gcc-arm-none-eabi-10-2020-q4-major-win32/gcc-arm-none-eabi-10-2020-q4-major/bin/../lib/gcc/arm-none-eabi/10.2.1/thumb/v7-m/nofp/crtbegin.o
                0x0800a2f8                PROVIDE (__init_array_end = .)
                0x0800a2f8                . = ALIGN (0x4)

.fini_array     0x0800a2f8        0x4
                0x0800a2f8                . = ALIGN (0x4)
                0x0800a2f8                PROVIDE (__fini_array_start = .)
 *(SORT_BY_NAME(.fini_array.*))
 *(.fini_array*)
 .fini_array    0x0800a2f8        0x4 d:/gcc-arm-none-eabi-10-2020-q4-major-win32/gcc-arm-none-eabi-10-2020-q4-major/bin/../lib/gcc/arm-none-eabi/10.2.1/thumb/v7-m/nofp/crtbegin.o
                0x0800a2fc                PROVIDE (__fini_array_end = .)
                0x0800a2fc                . = ALIGN (0x4)
                0x0800a2fc                _sidata = LOADADDR (.data)

.data           0x20000000      0x9c0 load address 0x0800a2fc
                0x20000000                . = ALIGN (0x4)
                0x20000000                _sdata = .
 *(.data)
 *(.data*)
 .data.B.0      0x20000000        0x1 CMakeFiles/stm32f103c8t6_zhsx.elf.dir/Core/Src/bsp_oled.c.obj
 *fill*         0x20000001        0x3 
 .data.SystemCoreClock
                0x20000004        0x4 CMakeFiles/stm32f103c8t6_zhsx.elf.dir/Core/Src/system_stm32f1xx.c.obj
                0x20000004                SystemCoreClock
 .data.uwTickFreq
                0x20000008        0x1 CMakeFiles/stm32f103c8t6_zhsx.elf.dir/Drivers/STM32F1xx_HAL_Driver/Src/stm32f1xx_hal.c.obj
                0x20000008                uwTickFreq
 *fill*         0x20000009        0x3 
 .data.uwTickPrio
                0x2000000c        0x4 CMakeFiles/stm32f103c8t6_zhsx.elf.dir/Drivers/STM32F1xx_HAL_Driver/Src/stm32f1xx_hal.c.obj
                0x2000000c                uwTickPrio
 .data._impure_ptr
                0x20000010        0x4 d:/gcc-arm-none-eabi-10-2020-q4-major-win32/gcc-arm-none-eabi-10-2020-q4-major/bin/../lib/gcc/arm-none-eabi/10.2.1/../../../../arm-none-eabi/lib/thumb/v7-m/nofp\libg.a(lib_a-impure.o)
                0x20000010                _impure_ptr
 *fill*         0x20000014        0x4 
 .data.impure_data
                0x20000018      0x428 d:/gcc-arm-none-eabi-10-2020-q4-major-win32/gcc-arm-none-eabi-10-2020-q4-major/bin/../lib/gcc/arm-none-eabi/10.2.1/../../../../arm-none-eabi/lib/thumb/v7-m/nofp\libg.a(lib_a-impure.o)
 .data.__atexit_recursive_mutex
                0x20000440        0x4 d:/gcc-arm-none-eabi-10-2020-q4-major-win32/gcc-arm-none-eabi-10-2020-q4-major/bin/../lib/gcc/arm-none-eabi/10.2.1/../../../../arm-none-eabi/lib/thumb/v7-m/nofp\libg.a(lib_a-__call_atexit.o)
                0x20000440                __atexit_recursive_mutex
 .data.__malloc_av_
                0x20000444      0x408 d:/gcc-arm-none-eabi-10-2020-q4-major-win32/gcc-arm-none-eabi-10-2020-q4-major/bin/../lib/gcc/arm-none-eabi/10.2.1/../../../../arm-none-eabi/lib/thumb/v7-m/nofp\libg.a(lib_a-mallocr.o)
                0x20000444                __malloc_av_
 .data.__malloc_sbrk_base
                0x2000084c        0x4 d:/gcc-arm-none-eabi-10-2020-q4-major-win32/gcc-arm-none-eabi-10-2020-q4-major/bin/../lib/gcc/arm-none-eabi/10.2.1/../../../../arm-none-eabi/lib/thumb/v7-m/nofp\libg.a(lib_a-mallocr.o)
                0x2000084c                __malloc_sbrk_base
 .data.__malloc_trim_threshold
                0x20000850        0x4 d:/gcc-arm-none-eabi-10-2020-q4-major-win32/gcc-arm-none-eabi-10-2020-q4-major/bin/../lib/gcc/arm-none-eabi/10.2.1/../../../../arm-none-eabi/lib/thumb/v7-m/nofp\libg.a(lib_a-mallocr.o)
                0x20000850                __malloc_trim_threshold
 .data.__global_locale
                0x20000854      0x16c d:/gcc-arm-none-eabi-10-2020-q4-major-win32/gcc-arm-none-eabi-10-2020-q4-major/bin/../lib/gcc/arm-none-eabi/10.2.1/../../../../arm-none-eabi/lib/thumb/v7-m/nofp\libg.a(lib_a-locale.o)
                0x20000854                __global_locale
                0x200009c0                . = ALIGN (0x4)
                0x200009c0                _edata = .

.igot.plt       0x200009c0        0x0 load address 0x0800acbc
 .igot.plt      0x200009c0        0x0 d:/gcc-arm-none-eabi-10-2020-q4-major-win32/gcc-arm-none-eabi-10-2020-q4-major/bin/../lib/gcc/arm-none-eabi/10.2.1/thumb/v7-m/nofp/crtbegin.o
                0x200009c0                . = ALIGN (0x4)

.bss            0x200009c0      0x130 load address 0x0800acbc
                0x200009c0                _sbss = .
                0x200009c0                __bss_start__ = _sbss
 *(.bss)
 .bss           0x200009c0       0x1c d:/gcc-arm-none-eabi-10-2020-q4-major-win32/gcc-arm-none-eabi-10-2020-q4-major/bin/../lib/gcc/arm-none-eabi/10.2.1/thumb/v7-m/nofp/crtbegin.o
 *(.bss*)
 .bss.CZ_H_FLAG
                0x200009dc        0x4 CMakeFiles/stm32f103c8t6_zhsx.elf.dir/Core/Src/bsp_hx711.c.obj
                0x200009dc                CZ_H_FLAG
 .bss.HX711_Data
                0x200009e0        0x4 CMakeFiles/stm32f103c8t6_zhsx.elf.dir/Core/Src/bsp_hx711.c.obj
                0x200009e0                HX711_Data
 .bss.Weight_Shiwu
                0x200009e4        0x2 CMakeFiles/stm32f103c8t6_zhsx.elf.dir/Core/Src/bsp_hx711.c.obj
                0x200009e4                Weight_Shiwu
 *fill*         0x200009e6        0x2 
 .bss.maopi_ad  0x200009e8        0x4 CMakeFiles/stm32f103c8t6_zhsx.elf.dir/Core/Src/bsp_hx711.c.obj
                0x200009e8                maopi_ad
 .bss.s_tBtn    0x200009ec       0x40 CMakeFiles/stm32f103c8t6_zhsx.elf.dir/Core/Src/bsp_key.c.obj
 .bss.s_tKey    0x20000a2c        0x9 CMakeFiles/stm32f103c8t6_zhsx.elf.dir/Core/Src/bsp_key.c.obj
 *fill*         0x20000a35        0x3 
 .bss.ReTemp    0x20000a38        0x3 CMakeFiles/stm32f103c8t6_zhsx.elf.dir/Core/Src/main.c.obj
                0x20000a38                ReTemp
 .bss.g_ucRecieveFlag
                0x20000a3b        0x1 CMakeFiles/stm32f103c8t6_zhsx.elf.dir/Core/Src/main.c.obj
                0x20000a3b                g_ucRecieveFlag
 .bss.huart1    0x20000a3c       0x40 CMakeFiles/stm32f103c8t6_zhsx.elf.dir/Core/Src/main.c.obj
                0x20000a3c                huart1
 .bss.i.0       0x20000a7c        0x1 CMakeFiles/stm32f103c8t6_zhsx.elf.dir/Core/Src/stm32f1xx_it.c.obj
 *fill*         0x20000a7d        0x3 
 .bss.__sbrk_heap_end
                0x20000a80        0x4 CMakeFiles/stm32f103c8t6_zhsx.elf.dir/Core/Src/sysmem.c.obj
 .bss.uwTick    0x20000a84        0x4 CMakeFiles/stm32f103c8t6_zhsx.elf.dir/Drivers/STM32F1xx_HAL_Driver/Src/stm32f1xx_hal.c.obj
                0x20000a84                uwTick
 .bss.pFlash    0x20000a88       0x20 CMakeFiles/stm32f103c8t6_zhsx.elf.dir/Drivers/STM32F1xx_HAL_Driver/Src/stm32f1xx_hal_flash.c.obj
                0x20000a88                pFlash
 .bss.__lock___atexit_recursive_mutex
                0x20000aa8        0x1 d:/gcc-arm-none-eabi-10-2020-q4-major-win32/gcc-arm-none-eabi-10-2020-q4-major/bin/../lib/gcc/arm-none-eabi/10.2.1/../../../../arm-none-eabi/lib/thumb/v7-m/nofp\libg.a(lib_a-lock.o)
                0x20000aa8                __lock___atexit_recursive_mutex
 *fill*         0x20000aa9        0x3 
 .bss.__lock___malloc_recursive_mutex
                0x20000aac        0x1 d:/gcc-arm-none-eabi-10-2020-q4-major-win32/gcc-arm-none-eabi-10-2020-q4-major/bin/../lib/gcc/arm-none-eabi/10.2.1/../../../../arm-none-eabi/lib/thumb/v7-m/nofp\libg.a(lib_a-lock.o)
                0x20000aac                __lock___malloc_recursive_mutex
 *fill*         0x20000aad        0x3 
 .bss.__lock___sfp_recursive_mutex
                0x20000ab0        0x1 d:/gcc-arm-none-eabi-10-2020-q4-major-win32/gcc-arm-none-eabi-10-2020-q4-major/bin/../lib/gcc/arm-none-eabi/10.2.1/../../../../arm-none-eabi/lib/thumb/v7-m/nofp\libg.a(lib_a-lock.o)
                0x20000ab0                __lock___sfp_recursive_mutex
 *fill*         0x20000ab1        0x3 
 .bss.__lock___sinit_recursive_mutex
                0x20000ab4        0x1 d:/gcc-arm-none-eabi-10-2020-q4-major-win32/gcc-arm-none-eabi-10-2020-q4-major/bin/../lib/gcc/arm-none-eabi/10.2.1/../../../../arm-none-eabi/lib/thumb/v7-m/nofp\libg.a(lib_a-lock.o)
                0x20000ab4                __lock___sinit_recursive_mutex
 *fill*         0x20000ab5        0x3 
 .bss.__malloc_current_mallinfo
                0x20000ab8       0x28 d:/gcc-arm-none-eabi-10-2020-q4-major-win32/gcc-arm-none-eabi-10-2020-q4-major/bin/../lib/gcc/arm-none-eabi/10.2.1/../../../../arm-none-eabi/lib/thumb/v7-m/nofp\libg.a(lib_a-mallocr.o)
                0x20000ab8                __malloc_current_mallinfo
 .bss.__malloc_max_sbrked_mem
                0x20000ae0        0x4 d:/gcc-arm-none-eabi-10-2020-q4-major-win32/gcc-arm-none-eabi-10-2020-q4-major/bin/../lib/gcc/arm-none-eabi/10.2.1/../../../../arm-none-eabi/lib/thumb/v7-m/nofp\libg.a(lib_a-mallocr.o)
                0x20000ae0                __malloc_max_sbrked_mem
 .bss.__malloc_max_total_mem
                0x20000ae4        0x4 d:/gcc-arm-none-eabi-10-2020-q4-major-win32/gcc-arm-none-eabi-10-2020-q4-major/bin/../lib/gcc/arm-none-eabi/10.2.1/../../../../arm-none-eabi/lib/thumb/v7-m/nofp\libg.a(lib_a-mallocr.o)
                0x20000ae4                __malloc_max_total_mem
 .bss.__malloc_top_pad
                0x20000ae8        0x4 d:/gcc-arm-none-eabi-10-2020-q4-major-win32/gcc-arm-none-eabi-10-2020-q4-major/bin/../lib/gcc/arm-none-eabi/10.2.1/../../../../arm-none-eabi/lib/thumb/v7-m/nofp\libg.a(lib_a-mallocr.o)
                0x20000ae8                __malloc_top_pad
 .bss.errno     0x20000aec        0x4 d:/gcc-arm-none-eabi-10-2020-q4-major-win32/gcc-arm-none-eabi-10-2020-q4-major/bin/../lib/gcc/arm-none-eabi/10.2.1/../../../../arm-none-eabi/lib/thumb/v7-m/nofp\libg.a(lib_a-reent.o)
                0x20000aec                errno
 *(COMMON)
                0x20000af0                . = ALIGN (0x4)
                0x20000af0                _ebss = .
                0x20000af0                __bss_end__ = _ebss

._user_heap_stack
                0x20000af0      0x600 load address 0x0800acbc
                0x20000af0                . = ALIGN (0x8)
                [!provide]                PROVIDE (end = .)
                0x20000af0                PROVIDE (_end = .)
                0x20000cf0                . = (. + _Min_Heap_Size)
 *fill*         0x20000af0      0x200 
                0x200010f0                . = (. + _Min_Stack_Size)
 *fill*         0x20000cf0      0x400 
                0x200010f0                . = ALIGN (0x8)

/DISCARD/
 libc.a(*)
 libm.a(*)
 libgcc.a(*)

.ARM.attributes
                0x00000000       0x29
 *(.ARM.attributes)
 .ARM.attributes
                0x00000000       0x1d d:/gcc-arm-none-eabi-10-2020-q4-major-win32/gcc-arm-none-eabi-10-2020-q4-major/bin/../lib/gcc/arm-none-eabi/10.2.1/thumb/v7-m/nofp/crti.o
 .ARM.attributes
                0x0000001d       0x2d d:/gcc-arm-none-eabi-10-2020-q4-major-win32/gcc-arm-none-eabi-10-2020-q4-major/bin/../lib/gcc/arm-none-eabi/10.2.1/thumb/v7-m/nofp/crtbegin.o
 .ARM.attributes
                0x0000004a       0x2d CMakeFiles/stm32f103c8t6_zhsx.elf.dir/Core/Src/bsp_Buzzer.c.obj
 .ARM.attributes
                0x00000077       0x2d CMakeFiles/stm32f103c8t6_zhsx.elf.dir/Core/Src/bsp_InnerFlash.c.obj
 .ARM.attributes
                0x000000a4       0x2d CMakeFiles/stm32f103c8t6_zhsx.elf.dir/Core/Src/bsp_delay.c.obj
 .ARM.attributes
                0x000000d1       0x2d CMakeFiles/stm32f103c8t6_zhsx.elf.dir/Core/Src/bsp_hx711.c.obj
 .ARM.attributes
                0x000000fe       0x2d CMakeFiles/stm32f103c8t6_zhsx.elf.dir/Core/Src/bsp_i2c.c.obj
 .ARM.attributes
                0x0000012b       0x2d CMakeFiles/stm32f103c8t6_zhsx.elf.dir/Core/Src/bsp_key.c.obj
 .ARM.attributes
                0x00000158       0x2d CMakeFiles/stm32f103c8t6_zhsx.elf.dir/Core/Src/bsp_oled.c.obj
 .ARM.attributes
                0x00000185       0x2d CMakeFiles/stm32f103c8t6_zhsx.elf.dir/Core/Src/main.c.obj
 .ARM.attributes
                0x000001b2       0x2d CMakeFiles/stm32f103c8t6_zhsx.elf.dir/Core/Src/stm32f1xx_hal_msp.c.obj
 .ARM.attributes
                0x000001df       0x2d CMakeFiles/stm32f103c8t6_zhsx.elf.dir/Core/Src/stm32f1xx_it.c.obj
 .ARM.attributes
                0x0000020c       0x2d CMakeFiles/stm32f103c8t6_zhsx.elf.dir/Core/Src/syscalls.c.obj
 .ARM.attributes
                0x00000239       0x2d CMakeFiles/stm32f103c8t6_zhsx.elf.dir/Core/Src/sysmem.c.obj
 .ARM.attributes
                0x00000266       0x2d CMakeFiles/stm32f103c8t6_zhsx.elf.dir/Core/Src/system_stm32f1xx.c.obj
 .ARM.attributes
                0x00000293       0x21 CMakeFiles/stm32f103c8t6_zhsx.elf.dir/Core/Startup/startup_stm32f103c8tx.s.obj
 .ARM.attributes
                0x000002b4       0x2d CMakeFiles/stm32f103c8t6_zhsx.elf.dir/Drivers/STM32F1xx_HAL_Driver/Src/stm32f1xx_hal.c.obj
 .ARM.attributes
                0x000002e1       0x2d CMakeFiles/stm32f103c8t6_zhsx.elf.dir/Drivers/STM32F1xx_HAL_Driver/Src/stm32f1xx_hal_cortex.c.obj
 .ARM.attributes
                0x0000030e       0x2d CMakeFiles/stm32f103c8t6_zhsx.elf.dir/Drivers/STM32F1xx_HAL_Driver/Src/stm32f1xx_hal_dma.c.obj
 .ARM.attributes
                0x0000033b       0x2d CMakeFiles/stm32f103c8t6_zhsx.elf.dir/Drivers/STM32F1xx_HAL_Driver/Src/stm32f1xx_hal_flash.c.obj
 .ARM.attributes
                0x00000368       0x2d CMakeFiles/stm32f103c8t6_zhsx.elf.dir/Drivers/STM32F1xx_HAL_Driver/Src/stm32f1xx_hal_flash_ex.c.obj
 .ARM.attributes
                0x00000395       0x2d CMakeFiles/stm32f103c8t6_zhsx.elf.dir/Drivers/STM32F1xx_HAL_Driver/Src/stm32f1xx_hal_gpio.c.obj
 .ARM.attributes
                0x000003c2       0x2d CMakeFiles/stm32f103c8t6_zhsx.elf.dir/Drivers/STM32F1xx_HAL_Driver/Src/stm32f1xx_hal_rcc.c.obj
 .ARM.attributes
                0x000003ef       0x2d CMakeFiles/stm32f103c8t6_zhsx.elf.dir/Drivers/STM32F1xx_HAL_Driver/Src/stm32f1xx_hal_uart.c.obj
 .ARM.attributes
                0x0000041c       0x1d d:/gcc-arm-none-eabi-10-2020-q4-major-win32/gcc-arm-none-eabi-10-2020-q4-major/bin/../lib/gcc/arm-none-eabi/10.2.1/thumb/v7-m/nofp\libgcc.a(_arm_addsubdf3.o)
 .ARM.attributes
                0x00000439       0x1d d:/gcc-arm-none-eabi-10-2020-q4-major-win32/gcc-arm-none-eabi-10-2020-q4-major/bin/../lib/gcc/arm-none-eabi/10.2.1/thumb/v7-m/nofp\libgcc.a(_arm_muldivdf3.o)
 .ARM.attributes
                0x00000456       0x1d d:/gcc-arm-none-eabi-10-2020-q4-major-win32/gcc-arm-none-eabi-10-2020-q4-major/bin/../lib/gcc/arm-none-eabi/10.2.1/thumb/v7-m/nofp\libgcc.a(_arm_truncdfsf2.o)
 .ARM.attributes
                0x00000473       0x1d d:/gcc-arm-none-eabi-10-2020-q4-major-win32/gcc-arm-none-eabi-10-2020-q4-major/bin/../lib/gcc/arm-none-eabi/10.2.1/thumb/v7-m/nofp\libgcc.a(_arm_fixunssfsi.o)
 .ARM.attributes
                0x00000490       0x2d d:/gcc-arm-none-eabi-10-2020-q4-major-win32/gcc-arm-none-eabi-10-2020-q4-major/bin/../lib/gcc/arm-none-eabi/10.2.1/../../../../arm-none-eabi/lib/thumb/v7-m/nofp\libg.a(lib_a-errno.o)
 .ARM.attributes
                0x000004bd       0x2d d:/gcc-arm-none-eabi-10-2020-q4-major-win32/gcc-arm-none-eabi-10-2020-q4-major/bin/../lib/gcc/arm-none-eabi/10.2.1/../../../../arm-none-eabi/lib/thumb/v7-m/nofp\libg.a(lib_a-impure.o)
 .ARM.attributes
                0x000004ea       0x2d d:/gcc-arm-none-eabi-10-2020-q4-major-win32/gcc-arm-none-eabi-10-2020-q4-major/bin/../lib/gcc/arm-none-eabi/10.2.1/../../../../arm-none-eabi/lib/thumb/v7-m/nofp\libg.a(lib_a-init.o)
 .ARM.attributes
                0x00000517       0x2d d:/gcc-arm-none-eabi-10-2020-q4-major-win32/gcc-arm-none-eabi-10-2020-q4-major/bin/../lib/gcc/arm-none-eabi/10.2.1/../../../../arm-none-eabi/lib/thumb/v7-m/nofp\libg.a(lib_a-memset.o)
 .ARM.attributes
                0x00000544       0x2d d:/gcc-arm-none-eabi-10-2020-q4-major-win32/gcc-arm-none-eabi-10-2020-q4-major/bin/../lib/gcc/arm-none-eabi/10.2.1/../../../../arm-none-eabi/lib/thumb/v7-m/nofp\libg.a(lib_a-printf.o)
 .ARM.attributes
                0x00000571       0x2d d:/gcc-arm-none-eabi-10-2020-q4-major-win32/gcc-arm-none-eabi-10-2020-q4-major/bin/../lib/gcc/arm-none-eabi/10.2.1/../../../../arm-none-eabi/lib/thumb/v7-m/nofp\libg.a(lib_a-vfprintf.o)
 .ARM.attributes
                0x0000059e       0x2d d:/gcc-arm-none-eabi-10-2020-q4-major-win32/gcc-arm-none-eabi-10-2020-q4-major/bin/../lib/gcc/arm-none-eabi/10.2.1/../../../../arm-none-eabi/lib/thumb/v7-m/nofp\libg.a(lib_a-wsetup.o)
 .ARM.attributes
                0x000005cb       0x2d d:/gcc-arm-none-eabi-10-2020-q4-major-win32/gcc-arm-none-eabi-10-2020-q4-major/bin/../lib/gcc/arm-none-eabi/10.2.1/../../../../arm-none-eabi/lib/thumb/v7-m/nofp\libg.a(lib_a-__call_atexit.o)
 .ARM.attributes
                0x000005f8       0x2d d:/gcc-arm-none-eabi-10-2020-q4-major-win32/gcc-arm-none-eabi-10-2020-q4-major/bin/../lib/gcc/arm-none-eabi/10.2.1/../../../../arm-none-eabi/lib/thumb/v7-m/nofp\libg.a(lib_a-atexit.o)
 .ARM.attributes
                0x00000625       0x2d d:/gcc-arm-none-eabi-10-2020-q4-major-win32/gcc-arm-none-eabi-10-2020-q4-major/bin/../lib/gcc/arm-none-eabi/10.2.1/../../../../arm-none-eabi/lib/thumb/v7-m/nofp\libg.a(lib_a-dtoa.o)
 .ARM.attributes
                0x00000652       0x2d d:/gcc-arm-none-eabi-10-2020-q4-major-win32/gcc-arm-none-eabi-10-2020-q4-major/bin/../lib/gcc/arm-none-eabi/10.2.1/../../../../arm-none-eabi/lib/thumb/v7-m/nofp\libg.a(lib_a-fflush.o)
 .ARM.attributes
                0x0000067f       0x2d d:/gcc-arm-none-eabi-10-2020-q4-major-win32/gcc-arm-none-eabi-10-2020-q4-major/bin/../lib/gcc/arm-none-eabi/10.2.1/../../../../arm-none-eabi/lib/thumb/v7-m/nofp\libg.a(lib_a-findfp.o)
 .ARM.attributes
                0x000006ac       0x2d d:/gcc-arm-none-eabi-10-2020-q4-major-win32/gcc-arm-none-eabi-10-2020-q4-major/bin/../lib/gcc/arm-none-eabi/10.2.1/../../../../arm-none-eabi/lib/thumb/v7-m/nofp\libg.a(lib_a-fini.o)
 .ARM.attributes
                0x000006d9       0x2d d:/gcc-arm-none-eabi-10-2020-q4-major-win32/gcc-arm-none-eabi-10-2020-q4-major/bin/../lib/gcc/arm-none-eabi/10.2.1/../../../../arm-none-eabi/lib/thumb/v7-m/nofp\libg.a(lib_a-freer.o)
 .ARM.attributes
                0x00000706       0x2d d:/gcc-arm-none-eabi-10-2020-q4-major-win32/gcc-arm-none-eabi-10-2020-q4-major/bin/../lib/gcc/arm-none-eabi/10.2.1/../../../../arm-none-eabi/lib/thumb/v7-m/nofp\libg.a(lib_a-fwalk.o)
 .ARM.attributes
                0x00000733       0x2d d:/gcc-arm-none-eabi-10-2020-q4-major-win32/gcc-arm-none-eabi-10-2020-q4-major/bin/../lib/gcc/arm-none-eabi/10.2.1/../../../../arm-none-eabi/lib/thumb/v7-m/nofp\libg.a(lib_a-localeconv.o)
 .ARM.attributes
                0x00000760       0x2d d:/gcc-arm-none-eabi-10-2020-q4-major-win32/gcc-arm-none-eabi-10-2020-q4-major/bin/../lib/gcc/arm-none-eabi/10.2.1/../../../../arm-none-eabi/lib/thumb/v7-m/nofp\libg.a(lib_a-lock.o)
 .ARM.attributes
                0x0000078d       0x2d d:/gcc-arm-none-eabi-10-2020-q4-major-win32/gcc-arm-none-eabi-10-2020-q4-major/bin/../lib/gcc/arm-none-eabi/10.2.1/../../../../arm-none-eabi/lib/thumb/v7-m/nofp\libg.a(lib_a-makebuf.o)
 .ARM.attributes
                0x000007ba       0x2d d:/gcc-arm-none-eabi-10-2020-q4-major-win32/gcc-arm-none-eabi-10-2020-q4-major/bin/../lib/gcc/arm-none-eabi/10.2.1/../../../../arm-none-eabi/lib/thumb/v7-m/nofp\libg.a(lib_a-mallocr.o)
 .ARM.attributes
                0x000007e7       0x2d d:/gcc-arm-none-eabi-10-2020-q4-major-win32/gcc-arm-none-eabi-10-2020-q4-major/bin/../lib/gcc/arm-none-eabi/10.2.1/../../../../arm-none-eabi/lib/thumb/v7-m/nofp\libg.a(lib_a-memchr-stub.o)
 .ARM.attributes
                0x00000814       0x1b d:/gcc-arm-none-eabi-10-2020-q4-major-win32/gcc-arm-none-eabi-10-2020-q4-major/bin/../lib/gcc/arm-none-eabi/10.2.1/../../../../arm-none-eabi/lib/thumb/v7-m/nofp\libg.a(lib_a-memcpy.o)
 .ARM.attributes
                0x0000082f       0x2d d:/gcc-arm-none-eabi-10-2020-q4-major-win32/gcc-arm-none-eabi-10-2020-q4-major/bin/../lib/gcc/arm-none-eabi/10.2.1/../../../../arm-none-eabi/lib/thumb/v7-m/nofp\libg.a(lib_a-mlock.o)
 .ARM.attributes
                0x0000085c       0x2d d:/gcc-arm-none-eabi-10-2020-q4-major-win32/gcc-arm-none-eabi-10-2020-q4-major/bin/../lib/gcc/arm-none-eabi/10.2.1/../../../../arm-none-eabi/lib/thumb/v7-m/nofp\libg.a(lib_a-mprec.o)
 .ARM.attributes
                0x00000889       0x2d d:/gcc-arm-none-eabi-10-2020-q4-major-win32/gcc-arm-none-eabi-10-2020-q4-major/bin/../lib/gcc/arm-none-eabi/10.2.1/../../../../arm-none-eabi/lib/thumb/v7-m/nofp\libg.a(lib_a-s_frexp.o)
 .ARM.attributes
                0x000008b6       0x2d d:/gcc-arm-none-eabi-10-2020-q4-major-win32/gcc-arm-none-eabi-10-2020-q4-major/bin/../lib/gcc/arm-none-eabi/10.2.1/../../../../arm-none-eabi/lib/thumb/v7-m/nofp\libg.a(lib_a-sbrkr.o)
 .ARM.attributes
                0x000008e3       0x2d d:/gcc-arm-none-eabi-10-2020-q4-major-win32/gcc-arm-none-eabi-10-2020-q4-major/bin/../lib/gcc/arm-none-eabi/10.2.1/../../../../arm-none-eabi/lib/thumb/v7-m/nofp\libg.a(lib_a-stdio.o)
 .ARM.attributes
                0x00000910       0x2d d:/gcc-arm-none-eabi-10-2020-q4-major-win32/gcc-arm-none-eabi-10-2020-q4-major/bin/../lib/gcc/arm-none-eabi/10.2.1/../../../../arm-none-eabi/lib/thumb/v7-m/nofp\libg.a(lib_a-strlen-stub.o)
 .ARM.attributes
                0x0000093d       0x2d d:/gcc-arm-none-eabi-10-2020-q4-major-win32/gcc-arm-none-eabi-10-2020-q4-major/bin/../lib/gcc/arm-none-eabi/10.2.1/../../../../arm-none-eabi/lib/thumb/v7-m/nofp\libg.a(lib_a-strncpy.o)
 .ARM.attributes
                0x0000096a       0x2d d:/gcc-arm-none-eabi-10-2020-q4-major-win32/gcc-arm-none-eabi-10-2020-q4-major/bin/../lib/gcc/arm-none-eabi/10.2.1/../../../../arm-none-eabi/lib/thumb/v7-m/nofp\libg.a(lib_a-vfiprintf.o)
 .ARM.attributes
                0x00000997       0x2d d:/gcc-arm-none-eabi-10-2020-q4-major-win32/gcc-arm-none-eabi-10-2020-q4-major/bin/../lib/gcc/arm-none-eabi/10.2.1/../../../../arm-none-eabi/lib/thumb/v7-m/nofp\libg.a(lib_a-writer.o)
 .ARM.attributes
                0x000009c4       0x2d d:/gcc-arm-none-eabi-10-2020-q4-major-win32/gcc-arm-none-eabi-10-2020-q4-major/bin/../lib/gcc/arm-none-eabi/10.2.1/../../../../arm-none-eabi/lib/thumb/v7-m/nofp\libg.a(lib_a-__atexit.o)
 .ARM.attributes
                0x000009f1       0x2d d:/gcc-arm-none-eabi-10-2020-q4-major-win32/gcc-arm-none-eabi-10-2020-q4-major/bin/../lib/gcc/arm-none-eabi/10.2.1/../../../../arm-none-eabi/lib/thumb/v7-m/nofp\libg.a(lib_a-assert.o)
 .ARM.attributes
                0x00000a1e       0x2d d:/gcc-arm-none-eabi-10-2020-q4-major-win32/gcc-arm-none-eabi-10-2020-q4-major/bin/../lib/gcc/arm-none-eabi/10.2.1/../../../../arm-none-eabi/lib/thumb/v7-m/nofp\libg.a(lib_a-callocr.o)
 .ARM.attributes
                0x00000a4b       0x2d d:/gcc-arm-none-eabi-10-2020-q4-major-win32/gcc-arm-none-eabi-10-2020-q4-major/bin/../lib/gcc/arm-none-eabi/10.2.1/../../../../arm-none-eabi/lib/thumb/v7-m/nofp\libg.a(lib_a-closer.o)
 .ARM.attributes
                0x00000a78       0x2d d:/gcc-arm-none-eabi-10-2020-q4-major-win32/gcc-arm-none-eabi-10-2020-q4-major/bin/../lib/gcc/arm-none-eabi/10.2.1/../../../../arm-none-eabi/lib/thumb/v7-m/nofp\libg.a(lib_a-fclose.o)
 .ARM.attributes
                0x00000aa5       0x2d d:/gcc-arm-none-eabi-10-2020-q4-major-win32/gcc-arm-none-eabi-10-2020-q4-major/bin/../lib/gcc/arm-none-eabi/10.2.1/../../../../arm-none-eabi/lib/thumb/v7-m/nofp\libg.a(lib_a-fiprintf.o)
 .ARM.attributes
                0x00000ad2       0x2d d:/gcc-arm-none-eabi-10-2020-q4-major-win32/gcc-arm-none-eabi-10-2020-q4-major/bin/../lib/gcc/arm-none-eabi/10.2.1/../../../../arm-none-eabi/lib/thumb/v7-m/nofp\libg.a(lib_a-fputwc.o)
 .ARM.attributes
                0x00000aff       0x2d d:/gcc-arm-none-eabi-10-2020-q4-major-win32/gcc-arm-none-eabi-10-2020-q4-major/bin/../lib/gcc/arm-none-eabi/10.2.1/../../../../arm-none-eabi/lib/thumb/v7-m/nofp\libg.a(lib_a-fstatr.o)
 .ARM.attributes
                0x00000b2c       0x2d d:/gcc-arm-none-eabi-10-2020-q4-major-win32/gcc-arm-none-eabi-10-2020-q4-major/bin/../lib/gcc/arm-none-eabi/10.2.1/../../../../arm-none-eabi/lib/thumb/v7-m/nofp\libg.a(lib_a-fvwrite.o)
 .ARM.attributes
                0x00000b59       0x2d d:/gcc-arm-none-eabi-10-2020-q4-major-win32/gcc-arm-none-eabi-10-2020-q4-major/bin/../lib/gcc/arm-none-eabi/10.2.1/../../../../arm-none-eabi/lib/thumb/v7-m/nofp\libg.a(lib_a-isattyr.o)
 .ARM.attributes
                0x00000b86       0x2d d:/gcc-arm-none-eabi-10-2020-q4-major-win32/gcc-arm-none-eabi-10-2020-q4-major/bin/../lib/gcc/arm-none-eabi/10.2.1/../../../../arm-none-eabi/lib/thumb/v7-m/nofp\libg.a(lib_a-locale.o)
 .ARM.attributes
                0x00000bb3       0x2d d:/gcc-arm-none-eabi-10-2020-q4-major-win32/gcc-arm-none-eabi-10-2020-q4-major/bin/../lib/gcc/arm-none-eabi/10.2.1/../../../../arm-none-eabi/lib/thumb/v7-m/nofp\libg.a(lib_a-lseekr.o)
 .ARM.attributes
                0x00000be0       0x2d d:/gcc-arm-none-eabi-10-2020-q4-major-win32/gcc-arm-none-eabi-10-2020-q4-major/bin/../lib/gcc/arm-none-eabi/10.2.1/../../../../arm-none-eabi/lib/thumb/v7-m/nofp\libg.a(lib_a-mbtowc_r.o)
 .ARM.attributes
                0x00000c0d       0x2d d:/gcc-arm-none-eabi-10-2020-q4-major-win32/gcc-arm-none-eabi-10-2020-q4-major/bin/../lib/gcc/arm-none-eabi/10.2.1/../../../../arm-none-eabi/lib/thumb/v7-m/nofp\libg.a(lib_a-memmove.o)
 .ARM.attributes
                0x00000c3a       0x2d d:/gcc-arm-none-eabi-10-2020-q4-major-win32/gcc-arm-none-eabi-10-2020-q4-major/bin/../lib/gcc/arm-none-eabi/10.2.1/../../../../arm-none-eabi/lib/thumb/v7-m/nofp\libg.a(lib_a-readr.o)
 .ARM.attributes
                0x00000c67       0x2d d:/gcc-arm-none-eabi-10-2020-q4-major-win32/gcc-arm-none-eabi-10-2020-q4-major/bin/../lib/gcc/arm-none-eabi/10.2.1/../../../../arm-none-eabi/lib/thumb/v7-m/nofp\libg.a(lib_a-reallocr.o)
 .ARM.attributes
                0x00000c94       0x2d d:/gcc-arm-none-eabi-10-2020-q4-major-win32/gcc-arm-none-eabi-10-2020-q4-major/bin/../lib/gcc/arm-none-eabi/10.2.1/../../../../arm-none-eabi/lib/thumb/v7-m/nofp\libg.a(lib_a-reent.o)
 .ARM.attributes
                0x00000cc1       0x2d d:/gcc-arm-none-eabi-10-2020-q4-major-win32/gcc-arm-none-eabi-10-2020-q4-major/bin/../lib/gcc/arm-none-eabi/10.2.1/../../../../arm-none-eabi/lib/thumb/v7-m/nofp\libg.a(lib_a-wbuf.o)
 .ARM.attributes
                0x00000cee       0x2d d:/gcc-arm-none-eabi-10-2020-q4-major-win32/gcc-arm-none-eabi-10-2020-q4-major/bin/../lib/gcc/arm-none-eabi/10.2.1/../../../../arm-none-eabi/lib/thumb/v7-m/nofp\libg.a(lib_a-wcrtomb.o)
 .ARM.attributes
                0x00000d1b       0x2d d:/gcc-arm-none-eabi-10-2020-q4-major-win32/gcc-arm-none-eabi-10-2020-q4-major/bin/../lib/gcc/arm-none-eabi/10.2.1/../../../../arm-none-eabi/lib/thumb/v7-m/nofp\libg.a(lib_a-wctomb_r.o)
 .ARM.attributes
                0x00000d48       0x2d d:/gcc-arm-none-eabi-10-2020-q4-major-win32/gcc-arm-none-eabi-10-2020-q4-major/bin/../lib/gcc/arm-none-eabi/10.2.1/../../../../arm-none-eabi/lib/thumb/v7-m/nofp\libg.a(lib_a-abort.o)
 .ARM.attributes
                0x00000d75       0x2d d:/gcc-arm-none-eabi-10-2020-q4-major-win32/gcc-arm-none-eabi-10-2020-q4-major/bin/../lib/gcc/arm-none-eabi/10.2.1/../../../../arm-none-eabi/lib/thumb/v7-m/nofp\libg.a(lib_a-ctype_.o)
 .ARM.attributes
                0x00000da2       0x2d d:/gcc-arm-none-eabi-10-2020-q4-major-win32/gcc-arm-none-eabi-10-2020-q4-major/bin/../lib/gcc/arm-none-eabi/10.2.1/../../../../arm-none-eabi/lib/thumb/v7-m/nofp\libg.a(lib_a-signal.o)
 .ARM.attributes
                0x00000dcf       0x2d d:/gcc-arm-none-eabi-10-2020-q4-major-win32/gcc-arm-none-eabi-10-2020-q4-major/bin/../lib/gcc/arm-none-eabi/10.2.1/../../../../arm-none-eabi/lib/thumb/v7-m/nofp\libg.a(lib_a-signalr.o)
 .ARM.attributes
                0x00000dfc       0x1d d:/gcc-arm-none-eabi-10-2020-q4-major-win32/gcc-arm-none-eabi-10-2020-q4-major/bin/../lib/gcc/arm-none-eabi/10.2.1/thumb/v7-m/nofp\libgcc.a(_arm_cmpdf2.o)
 .ARM.attributes
                0x00000e19       0x1d d:/gcc-arm-none-eabi-10-2020-q4-major-win32/gcc-arm-none-eabi-10-2020-q4-major/bin/../lib/gcc/arm-none-eabi/10.2.1/thumb/v7-m/nofp\libgcc.a(_arm_unorddf2.o)
 .ARM.attributes
                0x00000e36       0x1d d:/gcc-arm-none-eabi-10-2020-q4-major-win32/gcc-arm-none-eabi-10-2020-q4-major/bin/../lib/gcc/arm-none-eabi/10.2.1/thumb/v7-m/nofp\libgcc.a(_arm_fixdfsi.o)
 .ARM.attributes
                0x00000e53       0x1d d:/gcc-arm-none-eabi-10-2020-q4-major-win32/gcc-arm-none-eabi-10-2020-q4-major/bin/../lib/gcc/arm-none-eabi/10.2.1/thumb/v7-m/nofp\libgcc.a(_aeabi_uldivmod.o)
 .ARM.attributes
                0x00000e70       0x2d d:/gcc-arm-none-eabi-10-2020-q4-major-win32/gcc-arm-none-eabi-10-2020-q4-major/bin/../lib/gcc/arm-none-eabi/10.2.1/thumb/v7-m/nofp\libgcc.a(_udivmoddi4.o)
 .ARM.attributes
                0x00000e9d       0x1d d:/gcc-arm-none-eabi-10-2020-q4-major-win32/gcc-arm-none-eabi-10-2020-q4-major/bin/../lib/gcc/arm-none-eabi/10.2.1/thumb/v7-m/nofp\libgcc.a(_dvmd_tls.o)
 .ARM.attributes
                0x00000eba       0x1d d:/gcc-arm-none-eabi-10-2020-q4-major-win32/gcc-arm-none-eabi-10-2020-q4-major/bin/../lib/gcc/arm-none-eabi/10.2.1/thumb/v7-m/nofp/crtn.o
OUTPUT(stm32f103c8t6_zhsx.elf elf32-littlearm)
LOAD linker stubs
LOAD d:/gcc-arm-none-eabi-10-2020-q4-major-win32/gcc-arm-none-eabi-10-2020-q4-major/bin/../lib/gcc/arm-none-eabi/10.2.1/../../../../arm-none-eabi/lib/thumb/v7-m/nofp\libc.a