Archive member included to satisfy reference by file (symbol)

d:/gcc-arm-none-eabi-10-2020-q4-major-win32/gcc-arm-none-eabi-10-2020-q4-major/bin/../lib/gcc/arm-none-eabi/10.2.1/thumb/v7e-m/nofp\libgcc.a(_arm_mulsf3.o)
                              CMakeFiles/DianZiChen.elf.dir/Core/Src/system_stm32h7xx.c.obj (__aeabi_fmul)
d:/gcc-arm-none-eabi-10-2020-q4-major-win32/gcc-arm-none-eabi-10-2020-q4-major/bin/../lib/gcc/arm-none-eabi/10.2.1/thumb/v7e-m/nofp\libgcc.a(_arm_addsubdf3.o)
                              CMakeFiles/DianZiChen.elf.dir/Core/Src/bsp_hx711.c.obj (__aeabi_ui2d)
d:/gcc-arm-none-eabi-10-2020-q4-major-win32/gcc-arm-none-eabi-10-2020-q4-major/bin/../lib/gcc/arm-none-eabi/10.2.1/thumb/v7e-m/nofp\libgcc.a(_arm_muldivdf3.o)
                              CMakeFiles/DianZiChen.elf.dir/Core/Src/bsp_hx711.c.obj (__aeabi_ddiv)
d:/gcc-arm-none-eabi-10-2020-q4-major-win32/gcc-arm-none-eabi-10-2020-q4-major/bin/../lib/gcc/arm-none-eabi/10.2.1/thumb/v7e-m/nofp\libgcc.a(_arm_truncdfsf2.o)
                              CMakeFiles/DianZiChen.elf.dir/Core/Src/bsp_hx711.c.obj (__aeabi_d2f)
d:/gcc-arm-none-eabi-10-2020-q4-major-win32/gcc-arm-none-eabi-10-2020-q4-major/bin/../lib/gcc/arm-none-eabi/10.2.1/thumb/v7e-m/nofp\libgcc.a(_arm_addsubsf3.o)
                              CMakeFiles/DianZiChen.elf.dir/Core/Src/system_stm32h7xx.c.obj (__aeabi_fadd)
d:/gcc-arm-none-eabi-10-2020-q4-major-win32/gcc-arm-none-eabi-10-2020-q4-major/bin/../lib/gcc/arm-none-eabi/10.2.1/thumb/v7e-m/nofp\libgcc.a(_arm_muldivsf3.o)
                              CMakeFiles/DianZiChen.elf.dir/Core/Src/system_stm32h7xx.c.obj (__aeabi_fdiv)
d:/gcc-arm-none-eabi-10-2020-q4-major-win32/gcc-arm-none-eabi-10-2020-q4-major/bin/../lib/gcc/arm-none-eabi/10.2.1/thumb/v7e-m/nofp\libgcc.a(_arm_fixunssfsi.o)
                              CMakeFiles/DianZiChen.elf.dir/Core/Src/bsp_hx711.c.obj (__aeabi_f2uiz)
d:/gcc-arm-none-eabi-10-2020-q4-major-win32/gcc-arm-none-eabi-10-2020-q4-major/bin/../lib/gcc/arm-none-eabi/10.2.1/thumb/v7e-m/nofp\libgcc.a(_aeabi_uldivmod.o)
                              CMakeFiles/DianZiChen.elf.dir/Drivers/STM32H7xx_HAL_Driver/Src/stm32h7xx_hal_uart.c.obj (__aeabi_uldivmod)
d:/gcc-arm-none-eabi-10-2020-q4-major-win32/gcc-arm-none-eabi-10-2020-q4-major/bin/../lib/gcc/arm-none-eabi/10.2.1/thumb/v7e-m/nofp\libgcc.a(_udivmoddi4.o)
                              d:/gcc-arm-none-eabi-10-2020-q4-major-win32/gcc-arm-none-eabi-10-2020-q4-major/bin/../lib/gcc/arm-none-eabi/10.2.1/thumb/v7e-m/nofp\libgcc.a(_aeabi_uldivmod.o) (__udivmoddi4)
d:/gcc-arm-none-eabi-10-2020-q4-major-win32/gcc-arm-none-eabi-10-2020-q4-major/bin/../lib/gcc/arm-none-eabi/10.2.1/thumb/v7e-m/nofp\libgcc.a(_dvmd_tls.o)
                              d:/gcc-arm-none-eabi-10-2020-q4-major-win32/gcc-arm-none-eabi-10-2020-q4-major/bin/../lib/gcc/arm-none-eabi/10.2.1/thumb/v7e-m/nofp\libgcc.a(_aeabi_uldivmod.o) (__aeabi_ldiv0)
d:/gcc-arm-none-eabi-10-2020-q4-major-win32/gcc-arm-none-eabi-10-2020-q4-major/bin/../lib/gcc/arm-none-eabi/10.2.1/../../../../arm-none-eabi/lib/thumb/v7e-m/nofp\libg.a(lib_a-errno.o)
                              CMakeFiles/DianZiChen.elf.dir/Core/Src/syscalls.c.obj (__errno)
d:/gcc-arm-none-eabi-10-2020-q4-major-win32/gcc-arm-none-eabi-10-2020-q4-major/bin/../lib/gcc/arm-none-eabi/10.2.1/../../../../arm-none-eabi/lib/thumb/v7e-m/nofp\libg.a(lib_a-exit.o)
                              d:/gcc-arm-none-eabi-10-2020-q4-major-win32/gcc-arm-none-eabi-10-2020-q4-major/bin/../lib/gcc/arm-none-eabi/10.2.1/../../../../arm-none-eabi/lib/thumb/v7e-m/nofp/crt0.o (exit)
d:/gcc-arm-none-eabi-10-2020-q4-major-win32/gcc-arm-none-eabi-10-2020-q4-major/bin/../lib/gcc/arm-none-eabi/10.2.1/../../../../arm-none-eabi/lib/thumb/v7e-m/nofp\libg.a(lib_a-impure.o)
                              d:/gcc-arm-none-eabi-10-2020-q4-major-win32/gcc-arm-none-eabi-10-2020-q4-major/bin/../lib/gcc/arm-none-eabi/10.2.1/../../../../arm-none-eabi/lib/thumb/v7e-m/nofp\libg.a(lib_a-exit.o) (_global_impure_ptr)
d:/gcc-arm-none-eabi-10-2020-q4-major-win32/gcc-arm-none-eabi-10-2020-q4-major/bin/../lib/gcc/arm-none-eabi/10.2.1/../../../../arm-none-eabi/lib/thumb/v7e-m/nofp\libg.a(lib_a-init.o)
                              d:/gcc-arm-none-eabi-10-2020-q4-major-win32/gcc-arm-none-eabi-10-2020-q4-major/bin/../lib/gcc/arm-none-eabi/10.2.1/../../../../arm-none-eabi/lib/thumb/v7e-m/nofp/crt0.o (__libc_init_array)
d:/gcc-arm-none-eabi-10-2020-q4-major-win32/gcc-arm-none-eabi-10-2020-q4-major/bin/../lib/gcc/arm-none-eabi/10.2.1/../../../../arm-none-eabi/lib/thumb/v7e-m/nofp\libg.a(lib_a-memset.o)
                              d:/gcc-arm-none-eabi-10-2020-q4-major-win32/gcc-arm-none-eabi-10-2020-q4-major/bin/../lib/gcc/arm-none-eabi/10.2.1/../../../../arm-none-eabi/lib/thumb/v7e-m/nofp/crt0.o (memset)
d:/gcc-arm-none-eabi-10-2020-q4-major-win32/gcc-arm-none-eabi-10-2020-q4-major/bin/../lib/gcc/arm-none-eabi/10.2.1/../../../../arm-none-eabi/lib/thumb/v7e-m/nofp\libg.a(lib_a-strlen.o)
[...]
Memory Configuration

Name             Origin             Length             Attributes
DTCMRAM          0x20000000         0x00020000         xrw
ITCMRAM          0x00000000         0x00010000         xrw
RAM_D1           0x24000000         0x00080000         xrw
RAM_D2           0x30000000         0x00048000         xrw
RAM_D3           0x38000000         0x00010000         xrw
FLASH            0x08000000         0x00020000         xr
*default*        0x00000000         0xffffffff

Linker script and memory map

LOAD d:/gcc-arm-none-eabi-10-2020-q4-major-win32/gcc-arm-none-eabi-10-2020-q4-major/bin/../lib/gcc/arm-none-eabi/10.2.1/thumb/v7e-m/nofp/crti.o
LOAD d:/gcc-arm-none-eabi-10-2020-q4-major-win32/gcc-arm-none-eabi-10-2020-q4-major/bin/../lib/gcc/arm-none-eabi/10.2.1/thumb/v7e-m/nofp/crtbegin.o
LOAD d:/gcc-arm-none-eabi-10-2020-q4-major-win32/gcc-arm-none-eabi-10-2020-q4-major/bin/../lib/gcc/arm-none-eabi/10.2.1/../../../../arm-none-eabi/lib/thumb/v7e-m/nofp/crt0.o
LOAD CMakeFiles/DianZiChen.elf.dir/Core/Src/bsp_delay.c.obj
LOAD CMakeFiles/DianZiChen.elf.dir/Core/Src/bsp_dubug.c.obj
LOAD CMakeFiles/DianZiChen.elf.dir/Core/Src/bsp_hx711.c.obj
LOAD CMakeFiles/DianZiChen.elf.dir/Core/Src/bsp_led.c.obj
LOAD CMakeFiles/DianZiChen.elf.dir/Core/Src/main.c.obj
LOAD CMakeFiles/DianZiChen.elf.dir/Core/Src/stm32h7xx_hal_msp.c.obj
LOAD CMakeFiles/DianZiChen.elf.dir/Core/Src/stm32h7xx_it.c.obj
LOAD CMakeFiles/DianZiChen.elf.dir/Core/Src/syscalls.c.obj
LOAD CMakeFiles/DianZiChen.elf.dir/Core/Src/sysmem.c.obj
LOAD CMakeFiles/DianZiChen.elf.dir/Core/Src/system_stm32h7xx.c.obj
LOAD CMakeFiles/DianZiChen.elf.dir/Core/Startup/startup_stm32h750xbhx.s.obj
LOAD CMakeFiles/DianZiChen.elf.dir/Drivers/STM32H7xx_HAL_Driver/Src/stm32h7xx_hal.c.obj
LOAD CMakeFiles/DianZiChen.elf.dir/Drivers/STM32H7xx_HAL_Driver/Src/stm32h7xx_hal_cortex.c.obj
LOAD CMakeFiles/DianZiChen.elf.dir/Drivers/STM32H7xx_HAL_Driver/Src/stm32h7xx_hal_dma.c.obj
LOAD CMakeFiles/DianZiChen.elf.dir/Drivers/STM32H7xx_HAL_Driver/Src/stm32h7xx_hal_dma_ex.c.obj
LOAD CMakeFiles/DianZiChen.elf.dir/Drivers/STM32H7xx_HAL_Driver/Src/stm32h7xx_hal_exti.c.obj
LOAD CMakeFiles/DianZiChen.elf.dir/Drivers/STM32H7xx_HAL_Driver/Src/stm32h7xx_hal_flash.c.obj
LOAD CMakeFiles/DianZiChen.elf.dir/Drivers/STM32H7xx_HAL_Driver/Src/stm32h7xx_hal_flash_ex.c.obj
LOAD CMakeFiles/DianZiChen.elf.dir/Drivers/STM32H7xx_HAL_Driver/Src/stm32h7xx_hal_gpio.c.obj
LOAD CMakeFiles/DianZiChen.elf.dir/Drivers/STM32H7xx_HAL_Driver/Src/stm32h7xx_hal_hsem.c.obj
LOAD CMakeFiles/DianZiChen.elf.dir/Drivers/STM32H7xx_HAL_Driver/Src/stm32h7xx_hal_i2c.c.obj
LOAD CMakeFiles/DianZiChen.elf.dir/Drivers/STM32H7xx_HAL_Driver/Src/stm32h7xx_hal_i2c_ex.c.obj
LOAD CMakeFiles/DianZiChen.elf.dir/Drivers/STM32H7xx_HAL_Driver/Src/stm32h7xx_hal_mdma.c.obj
LOAD CMakeFiles/DianZiChen.elf.dir/Drivers/STM32H7xx_HAL_Driver/Src/stm32h7xx_hal_pwr.c.obj
LOAD CMakeFiles/DianZiChen.elf.dir/Drivers/STM32H7xx_HAL_Driver/Src/stm32h7xx_hal_pwr_ex.c.obj
LOAD CMakeFiles/DianZiChen.elf.dir/Drivers/STM32H7xx_HAL_Driver/Src/stm32h7xx_hal_rcc.c.obj
LOAD CMakeFiles/DianZiChen.elf.dir/Drivers/STM32H7xx_HAL_Driver/Src/stm32h7xx_hal_rcc_ex.c.obj
LOAD CMakeFiles/DianZiChen.elf.dir/Drivers/STM32H7xx_HAL_Driver/Src/stm32h7xx_hal_tim.c.obj
LOAD CMakeFiles/DianZiChen.elf.dir/Drivers/STM32H7xx_HAL_Driver/Src/stm32h7xx_hal_tim_ex.c.obj
LOAD CMakeFiles/DianZiChen.elf.dir/Drivers/STM32H7xx_HAL_Driver/Src/stm32h7xx_hal_uart.c.obj
LOAD CMakeFiles/DianZiChen.elf.dir/Drivers/STM32H7xx_HAL_Driver/Src/stm32h7xx_hal_uart_ex.c.obj
START GROUP
LOAD d:/gcc-arm-none-eabi-10-2020-q4-major-win32/gcc-arm-none-eabi-10-2020-q4-major/bin/../lib/gcc/arm-none-eabi/10.2.1/thumb/v7e-m/nofp\libgcc.a
LOAD d:/gcc-arm-none-eabi-10-2020-q4-major-win32/gcc-arm-none-eabi-10-2020-q4-major/bin/../lib/gcc/arm-none-eabi/10.2.1/../../../../arm-none-eabi/lib/thumb/v7e-m/nofp\libg.a
LOAD d:/gcc-arm-none-eabi-10-2020-q4-major-win32/gcc-arm-none-eabi-10-2020-q4-major/bin/../lib/gcc/arm-none-eabi/10.2.1/../../../../arm-none-eabi/lib/thumb/v7e-m/nofp\libc.a
END GROUP
LOAD d:/gcc-arm-none-eabi-10-2020-q4-major-win32/gcc-arm-none-eabi-10-2020-q4-major/bin/../lib/gcc/arm-none-eabi/10.2.1/thumb/v7e-m/nofp/crtend.o
LOAD d:/gcc-arm-none-eabi-10-2020-q4-major-win32/gcc-arm-none-eabi-10-2020-q4-major/bin/../lib/gcc/arm-none-eabi/10.2.1/thumb/v7e-m/nofp/crtn.o
                0x24080000                _estack = (ORIGIN (RAM_D1) + LENGTH (RAM_D1))
                0x00000200                _Min_Heap_Size = 0x200
                0x00000400                _Min_Stack_Size = 0x400

.isr_vector     0x08000000      0x298
                0x08000000                . = ALIGN (0x4)
 *(.isr_vector)
 .isr_vector    0x08000000      0x298 CMakeFiles/DianZiChen.elf.dir/Core/Startup/startup_stm32h750xbhx.s.obj
                0x08000000                g_pfnVectors
                0x08000298                . = ALIGN (0x4)

.text           0x080002c0     0xaf74
                0x080002c0                . = ALIGN (0x4)
 *(.text)
 .text          0x080002c0       0x40 d:/gcc-arm-none-eabi-10-2020-q4-major-win32/gcc-arm-none-eabi-10-2020-q4-major/bin/../lib/gcc/arm-none-eabi/10.2.1/thumb/v7e-m/nofp/crtbegin.o
 .text          0x08000300      0x378 d:/gcc-arm-none-eabi-10-2020-q4-major-win32/gcc-arm-none-eabi-10-2020-q4-major/bin/../lib/gcc/arm-none-eabi/10.2.1/thumb/v7e-m/nofp\libgcc.a(_arm_addsubdf3.o)
                0x08000300                __aeabi_drsub
                0x08000308                __aeabi_dsub
                0x08000308                __subdf3
                0x0800030c                __aeabi_dadd
                0x0800030c                __adddf3
                0x08000584                __floatunsidf
                0x08000584                __aeabi_ui2d
                0x080005a4                __floatsidf
                0x080005a4                __aeabi_i2d
                0x080005c8                __aeabi_f2d
                0x080005c8                __extendsfdf2
                0x0800060c                __floatundidf
                0x0800060c                __aeabi_ul2d
                0x0800061c                __floatdidf
                0x0800061c                __aeabi_l2d
 .text          0x08000678      0x424 d:/gcc-arm-none-eabi-10-2020-q4-major-win32/gcc-arm-none-eabi-10-2020-q4-major/bin/../lib/gcc/arm-none-eabi/10.2.1/thumb/v7e-m/nofp\libgcc.a(_arm_muldivdf3.o)
                0x08000678                __aeabi_dmul
                0x08000678                __muldf3
                0x080008cc                __divdf3
                0x080008cc                __aeabi_ddiv
 .text          0x08000a9c       0xa0 d:/gcc-arm-none-eabi-10-2020-q4-major-win32/gcc-arm-none-eabi-10-2020-q4-major/bin/../lib/gcc/arm-none-eabi/10.2.1/thumb/v7e-m/nofp\libgcc.a(_arm_truncdfsf2.o)
                0x08000a9c                __truncdfsf2
                0x08000a9c                __aeabi_d2f
 .text          0x08000b3c      0x21c d:/gcc-arm-none-eabi-10-2020-q4-major-win32/gcc-arm-none-eabi-10-2020-q4-major/bin/../lib/gcc/arm-none-eabi/10.2.1/thumb/v7e-m/nofp\libgcc.a(_arm_addsubsf3.o)
                0x08000b3c                __aeabi_frsub
                0x08000b44                __subsf3
                0x08000b44                __aeabi_fsub
                0x08000b48                __aeabi_fadd
                0x08000b48                __addsf3
                0x08000ca8                __aeabi_ui2f
                0x08000ca8                __floatunsisf
                0x08000cb0                __aeabi_i2f
                0x08000cb0                __floatsisf
                0x08000ccc                __aeabi_ul2f
                0x08000ccc                __floatundisf
                0x08000cdc                __aeabi_l2f
                0x08000cdc                __floatdisf
 .text          0x08000d58      0x2a0 d:/gcc-arm-none-eabi-10-2020-q4-major-win32/gcc-arm-none-eabi-10-2020-q4-major/bin/../lib/gcc/arm-none-eabi/10.2.1/thumb/v7e-m/nofp\libgcc.a(_arm_muldivsf3.o)
                0x08000d58                __mulsf3
                0x08000d58                __aeabi_fmul
                0x08000ec0                __aeabi_fdiv
                0x08000ec0                __divsf3
 .text          0x08000ff8       0x40 d:/gcc-arm-none-eabi-10-2020-q4-major-win32/gcc-arm-none-eabi-10-2020-q4-major/bin/../lib/gcc/arm-none-eabi/10.2.1/thumb/v7e-m/nofp\libgcc.a(_arm_fixunssfsi.o)
                0x08000ff8                __fixunssfsi
                0x08000ff8                __aeabi_f2uiz
 .text          0x08001038       0x30 d:/gcc-arm-none-eabi-10-2020-q4-major-win32/gcc-arm-none-eabi-10-2020-q4-major/bin/../lib/gcc/arm-none-eabi/10.2.1/thumb/v7e-m/nofp\libgcc.a(_aeabi_uldivmod.o)
                0x08001038                __aeabi_uldivmod
 .text          0x08001068      0x2d0 d:/gcc-arm-none-eabi-10-2020-q4-major-win32/gcc-arm-none-eabi-10-2020-q4-major/bin/../lib/gcc/arm-none-eabi/10.2.1/thumb/v7e-m/nofp\libgcc.a(_udivmoddi4.o)
                0x08001068                __udivmoddi4
 .text          0x08001338        0x4 d:/gcc-arm-none-eabi-10-2020-q4-major-win32/gcc-arm-none-eabi-10-2020-q4-major/bin/../lib/gcc/arm-none-eabi/10.2.1/thumb/v7e-m/nofp\libgcc.a(_dvmd_tls.o)
                0x08001338                __aeabi_idiv0
                0x08001338                __aeabi_ldiv0
 *fill*         0x0800133c        0x4 
 .text          0x08001340       0xdc d:/gcc-arm-none-eabi-10-2020-q4-major-win32/gcc-arm-none-eabi-10-2020-q4-major/bin/../lib/gcc/arm-none-eabi/10.2.1/../../../../arm-none-eabi/lib/thumb/v7e-m/nofp\libg.a(lib_a-strlen.o)
                0x08001340                strlen
 *fill*         0x0800141c        0x4 
 .text          0x08001420       0xa0 d:/gcc-arm-none-eabi-10-2020-q4-major-win32/gcc-arm-none-eabi-10-2020-q4-major/bin/../lib/gcc/arm-none-eabi/10.2.1/../../../../arm-none-eabi/lib/thumb/v7e-m/nofp\libg.a(lib_a-memchr.o)
                0x08001420                memchr
 .text          0x080014c0      0x134 d:/gcc-arm-none-eabi-10-2020-q4-major-win32/gcc-arm-none-eabi-10-2020-q4-major/bin/../lib/gcc/arm-none-eabi/10.2.1/../../../../arm-none-eabi/lib/thumb/v7e-m/nofp\libg.a(lib_a-memcpy.o)
                0x080014c0                memcpy
 .text          0x080015f4      0x110 d:/gcc-arm-none-eabi-10-2020-q4-major-win32/gcc-arm-none-eabi-10-2020-q4-major/bin/../lib/gcc/arm-none-eabi/10.2.1/thumb/v7e-m/nofp\libgcc.a(_arm_cmpdf2.o)
                0x080015f4                __gtdf2
                0x080015f4                __gedf2
                0x080015fc                __ltdf2
                0x080015fc                __ledf2
                0x08001604                __nedf2
                0x08001604                __eqdf2
                0x08001604                __cmpdf2
                0x08001680                __aeabi_cdrcmple
                0x08001690                __aeabi_cdcmpeq
                0x08001690                __aeabi_cdcmple
                0x080016a0                __aeabi_dcmpeq
                0x080016b4                __aeabi_dcmplt
                0x080016c8                __aeabi_dcmple
                0x080016dc                __aeabi_dcmpge
                0x080016f0                __aeabi_dcmpgt
 .text          0x08001704       0x2c d:/gcc-arm-none-eabi-10-2020-q4-major-win32/gcc-arm-none-eabi-10-2020-q4-major/bin/../lib/gcc/arm-none-eabi/10.2.1/thumb/v7e-m/nofp\libgcc.a(_arm_unorddf2.o)
                0x08001704                __unorddf2
                0x08001704                __aeabi_dcmpun
 .text          0x08001730       0x50 d:/gcc-arm-none-eabi-10-2020-q4-major-win32/gcc-arm-none-eabi-10-2020-q4-major/bin/../lib/gcc/arm-none-eabi/10.2.1/thumb/v7e-m/nofp\libgcc.a(_arm_fixdfsi.o)
                0x08001730                __aeabi_d2iz
                0x08001730                __fixdfsi
 *(.text*)
 .text.bsp_DelayInit
                0x08001780       0x40 CMakeFiles/DianZiChen.elf.dir/Core/Src/bsp_delay.c.obj
                0x08001780                bsp_DelayInit
 .text.bsp_DelayUs
                0x080017c0       0x54 CMakeFiles/DianZiChen.elf.dir/Core/Src/bsp_delay.c.obj
                0x080017c0                bsp_DelayUs
 .text.bsp_DelayMs
                0x08001814       0x18 CMakeFiles/DianZiChen.elf.dir/Core/Src/bsp_delay.c.obj
                0x08001814                bsp_DelayMs
 .text.bsp_DBPrintf
                0x0800182c       0x58 CMakeFiles/DianZiChen.elf.dir/Core/Src/bsp_dubug.c.obj
                0x0800182c                bsp_DBPrintf
 .text.bsp_U1Printf
                0x08001884       0x58 CMakeFiles/DianZiChen.elf.dir/Core/Src/bsp_dubug.c.obj
                0x08001884                bsp_U1Printf
 .text.bsp_Hx711Init
                0x080018dc       0x78 CMakeFiles/DianZiChen.elf.dir/Core/Src/bsp_hx711.c.obj
                0x080018dc                bsp_Hx711Init
 .text.bsp_Hx711Read
                0x08001954       0x98 CMakeFiles/DianZiChen.elf.dir/Core/Src/bsp_hx711.c.obj
                0x08001954                bsp_Hx711Read
 .text.bsp_Hx711GetMaopi
                0x080019ec       0x10 CMakeFiles/DianZiChen.elf.dir/Core/Src/bsp_hx711.c.obj
                0x080019ec                bsp_Hx711GetMaopi
 *fill*         0x080019fc        0x4 
 .text.bsp_Hx711GetWeight
                0x08001a00       0xa0 CMakeFiles/DianZiChen.elf.dir/Core/Src/bsp_hx711.c.obj
                0x08001a00                bsp_Hx711GetWeight
 .text.MX_GPIO_Init
                0x08001aa0       0xc8 CMakeFiles/DianZiChen.elf.dir/Core/Src/main.c.obj
 .text.HAL_UART_RxCpltCallback
                0x08001b68        0xc CMakeFiles/DianZiChen.elf.dir/Core/Src/main.c.obj
                0x08001b68                HAL_UART_RxCpltCallback
 .text.Error_Handler
                0x08001b74        0x4 CMakeFiles/DianZiChen.elf.dir/Core/Src/main.c.obj
                0x08001b74                Error_Handler
 .text.MX_UART4_Init
                0x08001b78       0x60 CMakeFiles/DianZiChen.elf.dir/Core/Src/main.c.obj
 .text.MX_USART1_UART_Init
                0x08001bd8       0x60 CMakeFiles/DianZiChen.elf.dir/Core/Src/main.c.obj
 .text.SystemClock_Config
                0x08001c38       0xe0 CMakeFiles/DianZiChen.elf.dir/Core/Src/main.c.obj
                0x08001c38                SystemClock_Config
 .text.main     0x08001d18       0x8c CMakeFiles/DianZiChen.elf.dir/Core/Src/main.c.obj
                0x08001d18                main
 .text.HAL_MspInit
                0x08001da4       0x24 CMakeFiles/DianZiChen.elf.dir/Core/Src/stm32h7xx_hal_msp.c.obj
                0x08001da4                HAL_MspInit
 .text.HAL_UART_MspInit
                0x08001dc8      0x108 CMakeFiles/DianZiChen.elf.dir/Core/Src/stm32h7xx_hal_msp.c.obj
                0x08001dc8                HAL_UART_MspInit
 .text.NMI_Handler
                0x08001ed0        0x2 CMakeFiles/DianZiChen.elf.dir/Core/Src/stm32h7xx_it.c.obj
                0x08001ed0                NMI_Handler
 .text.HardFault_Handler
                0x08001ed2        0x2 CMakeFiles/DianZiChen.elf.dir/Core/Src/stm32h7xx_it.c.obj
                0x08001ed2                HardFault_Handler
 .text.MemManage_Handler
                0x08001ed4        0x2 CMakeFiles/DianZiChen.elf.dir/Core/Src/stm32h7xx_it.c.obj
                0x08001ed4                MemManage_Handler
 .text.BusFault_Handler
                0x08001ed6        0x2 CMakeFiles/DianZiChen.elf.dir/Core/Src/stm32h7xx_it.c.obj
                0x08001ed6                BusFault_Handler
 .text.UsageFault_Handler
                0x08001ed8        0x2 CMakeFiles/DianZiChen.elf.dir/Core/Src/stm32h7xx_it.c.obj
                0x08001ed8                UsageFault_Handler
 .text.SVC_Handler
                0x08001eda        0x2 CMakeFiles/DianZiChen.elf.dir/Core/Src/stm32h7xx_it.c.obj
                0x08001eda                SVC_Handler
 .text.DebugMon_Handler
                0x08001edc        0x2 CMakeFiles/DianZiChen.elf.dir/Core/Src/stm32h7xx_it.c.obj
                0x08001edc                DebugMon_Handler
 .text.PendSV_Handler
                0x08001ede        0x2 CMakeFiles/DianZiChen.elf.dir/Core/Src/stm32h7xx_it.c.obj
                0x08001ede                PendSV_Handler
 .text.SysTick_Handler
                0x08001ee0        0x8 CMakeFiles/DianZiChen.elf.dir/Core/Src/stm32h7xx_it.c.obj
                0x08001ee0                SysTick_Handler
 .text.UART4_IRQHandler
                0x08001ee8       0x10 CMakeFiles/DianZiChen.elf.dir/Core/Src/stm32h7xx_it.c.obj
                0x08001ee8                UART4_IRQHandler
 .text._getpid  0x08001ef8        0x4 CMakeFiles/DianZiChen.elf.dir/Core/Src/syscalls.c.obj
                0x08001ef8                _getpid
 .text._kill    0x08001efc       0x10 CMakeFiles/DianZiChen.elf.dir/Core/Src/syscalls.c.obj
                0x08001efc                _kill
 .text._exit    0x08001f0c        0xc CMakeFiles/DianZiChen.elf.dir/Core/Src/syscalls.c.obj
                0x08001f0c                _exit
 .text._read    0x08001f18       0x20 CMakeFiles/DianZiChen.elf.dir/Core/Src/syscalls.c.obj
                0x08001f18                _read
 .text._write   0x08001f38       0x1c CMakeFiles/DianZiChen.elf.dir/Core/Src/syscalls.c.obj
                0x08001f38                _write
 .text._close   0x08001f54        0x6 CMakeFiles/DianZiChen.elf.dir/Core/Src/syscalls.c.obj
                0x08001f54                _close
 .text._fstat   0x08001f5a        0xa CMakeFiles/DianZiChen.elf.dir/Core/Src/syscalls.c.obj
                0x08001f5a                _fstat
 .text._isatty  0x08001f64        0x4 CMakeFiles/DianZiChen.elf.dir/Core/Src/syscalls.c.obj
                0x08001f64                _isatty
 .text._lseek   0x08001f68        0x4 CMakeFiles/DianZiChen.elf.dir/Core/Src/syscalls.c.obj
                0x08001f68                _lseek
 .text._sbrk    0x08001f6c       0x48 CMakeFiles/DianZiChen.elf.dir/Core/Src/sysmem.c.obj
                0x08001f6c                _sbrk
 .text.SystemInit
                0x08001fb4       0xc8 CMakeFiles/DianZiChen.elf.dir/Core/Src/system_stm32h7xx.c.obj
                0x08001fb4                SystemInit
 .text.Reset_Handler
                0x0800207c       0x50 CMakeFiles/DianZiChen.elf.dir/Core/Startup/startup_stm32h750xbhx.s.obj
                0x0800207c                Reset_Handler
 .text.Default_Handler
                0x080020cc        0x2 CMakeFiles/DianZiChen.elf.dir/Core/Startup/startup_stm32h750xbhx.s.obj
                0x080020cc                RTC_Alarm_IRQHandler
                0x080020cc                HASH_RNG_IRQHandler
                0x080020cc                EXTI2_IRQHandler
                0x080020cc                TIM8_CC_IRQHandler
                0x080020cc                HRTIM1_Master_IRQHandler
                0x080020cc                UART8_IRQHandler
                0x080020cc                SPI4_IRQHandler
                0x080020cc                TIM1_CC_IRQHandler
                0x080020cc                BDMA_Channel6_IRQHandler
                0x080020cc                DMA2_Stream5_IRQHandler
                0x080020cc                HRTIM1_FLT_IRQHandler
                0x080020cc                JPEG_IRQHandler
                0x080020cc                DMA1_Stream5_IRQHandler
                0x080020cc                BDMA_Channel1_IRQHandler
                0x080020cc                HRTIM1_TIMD_IRQHandler
                0x080020cc                TAMP_STAMP_IRQHandler
                0x080020cc                EXTI3_IRQHandler
                0x080020cc                LPTIM4_IRQHandler
                0x080020cc                TIM8_TRG_COM_TIM14_IRQHandler
                0x080020cc                LPTIM2_IRQHandler
                0x080020cc                DFSDM1_FLT1_IRQHandler
                0x080020cc                DMAMUX2_OVR_IRQHandler
                0x080020cc                TIM8_UP_TIM13_IRQHandler
                0x080020cc                I2C3_ER_IRQHandler
                0x080020cc                DFSDM1_FLT2_IRQHandler
                0x080020cc                MDMA_IRQHandler
                0x080020cc                LPTIM3_IRQHandler
                0x080020cc                HSEM1_IRQHandler
                0x080020cc                EXTI0_IRQHandler
                0x080020cc                I2C2_EV_IRQHandler
                0x080020cc                DMA1_Stream2_IRQHandler
                0x080020cc                FPU_IRQHandler
                0x080020cc                OTG_HS_WKUP_IRQHandler
                0x080020cc                FDCAN1_IT1_IRQHandler
                0x080020cc                LTDC_ER_IRQHandler
                0x080020cc                DMA2_Stream2_IRQHandler
                0x080020cc                HRTIM1_TIME_IRQHandler
                0x080020cc                SPI1_IRQHandler
                0x080020cc                TIM6_DAC_IRQHandler
                0x080020cc                DCMI_IRQHandler
                0x080020cc                HRTIM1_TIMC_IRQHandler
                0x080020cc                DMA2_Stream3_IRQHandler
                0x080020cc                SAI2_IRQHandler
                0x080020cc                DFSDM1_FLT3_IRQHandler
                0x080020cc                USART6_IRQHandler
                0x080020cc                TIM17_IRQHandler
                0x080020cc                USART3_IRQHandler
                0x080020cc                BDMA_Channel7_IRQHandler
                0x080020cc                CRYP_IRQHandler
                0x080020cc                LPTIM5_IRQHandler
                0x080020cc                UART5_IRQHandler
                0x080020cc                ADC3_IRQHandler
                0x080020cc                DMA2_Stream0_IRQHandler
                0x080020cc                TIM4_IRQHandler
                0x080020cc                BDMA_Channel2_IRQHandler
                0x080020cc                QUADSPI_IRQHandler
                0x080020cc                I2C1_EV_IRQHandler
                0x080020cc                DMA1_Stream6_IRQHandler
                0x080020cc                DMAMUX1_OVR_IRQHandler
                0x080020cc                DMA1_Stream1_IRQHandler
                0x080020cc                TIM16_IRQHandler
                0x080020cc                BDMA_Channel5_IRQHandler
                0x080020cc                TIM3_IRQHandler
                0x080020cc                RCC_IRQHandler
                0x080020cc                TIM8_BRK_TIM12_IRQHandler
                0x080020cc                TIM1_TRG_COM_IRQHandler
                0x080020cc                Default_Handler
                0x080020cc                ECC_IRQHandler
                0x080020cc                CEC_IRQHandler
                0x080020cc                EXTI15_10_IRQHandler
                0x080020cc                BDMA_Channel0_IRQHandler
                0x080020cc                ADC_IRQHandler
                0x080020cc                DMA1_Stream7_IRQHandler
                0x080020cc                HRTIM1_TIMA_IRQHandler
                0x080020cc                SPI5_IRQHandler
                0x080020cc                TIM7_IRQHandler
                0x080020cc                SDMMC1_IRQHandler
                0x080020cc                TIM5_IRQHandler
                0x080020cc                DMA2_Stream7_IRQHandler
                0x080020cc                TIM15_IRQHandler
                0x080020cc                PVD_AVD_IRQHandler
                0x080020cc                I2C3_EV_IRQHandler
                0x080020cc                EXTI9_5_IRQHandler
                0x080020cc                RTC_WKUP_IRQHandler
                0x080020cc                LTDC_IRQHandler
                0x080020cc                SAI3_IRQHandler
                0x080020cc                ETH_WKUP_IRQHandler
                0x080020cc                SPDIF_RX_IRQHandler
                0x080020cc                SPI2_IRQHandler
                0x080020cc                OTG_HS_EP1_IN_IRQHandler
                0x080020cc                DMA1_Stream0_IRQHandler
                0x080020cc                CRS_IRQHandler
                0x080020cc                EXTI4_IRQHandler
                0x080020cc                HRTIM1_TIMB_IRQHandler
                0x080020cc                FDCAN2_IT1_IRQHandler
                0x080020cc                ETH_IRQHandler
                0x080020cc                TIM1_UP_IRQHandler
                0x080020cc                BDMA_Channel4_IRQHandler
                0x080020cc                OTG_HS_EP1_OUT_IRQHandler
                0x080020cc                WWDG_IRQHandler
                0x080020cc                SPI6_IRQHandler
                0x080020cc                MDIOS_IRQHandler
                0x080020cc                I2C4_EV_IRQHandler
                0x080020cc                FDCAN2_IT0_IRQHandler
                0x080020cc                LPUART1_IRQHandler
                0x080020cc                FDCAN1_IT0_IRQHandler
                0x080020cc                TIM2_IRQHandler
                0x080020cc                OTG_FS_WKUP_IRQHandler
                0x080020cc                OTG_HS_IRQHandler
                0x080020cc                DMA2D_IRQHandler
                0x080020cc                TIM1_BRK_IRQHandler
                0x080020cc                EXTI1_IRQHandler
                0x080020cc                SDMMC2_IRQHandler
                0x080020cc                OTG_FS_EP1_OUT_IRQHandler
                0x080020cc                BDMA_Channel3_IRQHandler
                0x080020cc                UART7_IRQHandler
                0x080020cc                MDIOS_WKUP_IRQHandler
                0x080020cc                USART2_IRQHandler
                0x080020cc                DFSDM1_FLT0_IRQHandler
                0x080020cc                SAI4_IRQHandler
                0x080020cc                I2C2_ER_IRQHandler
                0x080020cc                DMA2_Stream1_IRQHandler
                0x080020cc                FLASH_IRQHandler
                0x080020cc                DMA2_Stream4_IRQHandler
                0x080020cc                USART1_IRQHandler
                0x080020cc                OTG_FS_IRQHandler
                0x080020cc                SPI3_IRQHandler
                0x080020cc                WAKEUP_PIN_IRQHandler
                0x080020cc                DMA1_Stream4_IRQHandler
                0x080020cc                OTG_FS_EP1_IN_IRQHandler
                0x080020cc                I2C1_ER_IRQHandler
                0x080020cc                FMC_IRQHandler
                0x080020cc                FDCAN_CAL_IRQHandler
                0x080020cc                SWPMI1_IRQHandler
                0x080020cc                COMP1_IRQHandler
                0x080020cc                LPTIM1_IRQHandler
                0x080020cc                I2C4_ER_IRQHandler
                0x080020cc                DMA2_Stream6_IRQHandler
                0x080020cc                SAI1_IRQHandler
                0x080020cc                DMA1_Stream3_IRQHandler
 *fill*         0x080020ce        0x2 
 .text.HAL_InitTick
                0x080020d0       0x50 CMakeFiles/DianZiChen.elf.dir/Drivers/STM32H7xx_HAL_Driver/Src/stm32h7xx_hal.c.obj
                0x080020d0                HAL_InitTick
 .text.HAL_Init
                0x08002120       0x5c CMakeFiles/DianZiChen.elf.dir/Drivers/STM32H7xx_HAL_Driver/Src/stm32h7xx_hal.c.obj
                0x08002120                HAL_Init
 .text.HAL_IncTick
                0x0800217c       0x18 CMakeFiles/DianZiChen.elf.dir/Drivers/STM32H7xx_HAL_Driver/Src/stm32h7xx_hal.c.obj
                0x0800217c                HAL_IncTick
 .text.HAL_GetTick
                0x08002194        0xc CMakeFiles/DianZiChen.elf.dir/Drivers/STM32H7xx_HAL_Driver/Src/stm32h7xx_hal.c.obj
                0x08002194                HAL_GetTick
 .text.HAL_GetREVID
                0x080021a0        0xc CMakeFiles/DianZiChen.elf.dir/Drivers/STM32H7xx_HAL_Driver/Src/stm32h7xx_hal.c.obj
                0x080021a0                HAL_GetREVID
 .text.HAL_NVIC_SetPriorityGrouping
                0x080021ac       0x24 CMakeFiles/DianZiChen.elf.dir/Drivers/STM32H7xx_HAL_Driver/Src/stm32h7xx_hal_cortex.c.obj
                0x080021ac                HAL_NVIC_SetPriorityGrouping
 .text.HAL_NVIC_SetPriority
                0x080021d0       0x6c CMakeFiles/DianZiChen.elf.dir/Drivers/STM32H7xx_HAL_Driver/Src/stm32h7xx_hal_cortex.c.obj
                0x080021d0                HAL_NVIC_SetPriority
 .text.HAL_NVIC_EnableIRQ
                0x0800223c       0x1c CMakeFiles/DianZiChen.elf.dir/Drivers/STM32H7xx_HAL_Driver/Src/stm32h7xx_hal_cortex.c.obj
                0x0800223c                HAL_NVIC_EnableIRQ
 .text.HAL_SYSTICK_Config
                0x08002258       0x28 CMakeFiles/DianZiChen.elf.dir/Drivers/STM32H7xx_HAL_Driver/Src/stm32h7xx_hal_cortex.c.obj
                0x08002258                HAL_SYSTICK_Config
 .text.HAL_SYSTICK_CLKSourceConfig
                0x08002280       0x20 CMakeFiles/DianZiChen.elf.dir/Drivers/STM32H7xx_HAL_Driver/Src/stm32h7xx_hal_cortex.c.obj
                0x08002280                HAL_SYSTICK_CLKSourceConfig
 .text.HAL_DMA_Abort_IT
                0x080022a0      0x270 CMakeFiles/DianZiChen.elf.dir/Drivers/STM32H7xx_HAL_Driver/Src/stm32h7xx_hal_dma.c.obj
                0x080022a0                HAL_DMA_Abort_IT
 .text.HAL_GPIO_Init
                0x08002510      0x1fc CMakeFiles/DianZiChen.elf.dir/Drivers/STM32H7xx_HAL_Driver/Src/stm32h7xx_hal_gpio.c.obj
                0x08002510                HAL_GPIO_Init
 .text.HAL_GPIO_ReadPin
                0x0800270c        0xe CMakeFiles/DianZiChen.elf.dir/Drivers/STM32H7xx_HAL_Driver/Src/stm32h7xx_hal_gpio.c.obj
                0x0800270c                HAL_GPIO_ReadPin
 .text.HAL_GPIO_WritePin
                0x0800271a        0xc CMakeFiles/DianZiChen.elf.dir/Drivers/STM32H7xx_HAL_Driver/Src/stm32h7xx_hal_gpio.c.obj
                0x0800271a                HAL_GPIO_WritePin
 *fill*         0x08002726        0x2 
 .text.HAL_PWREx_ConfigSupply
                0x08002728       0x54 CMakeFiles/DianZiChen.elf.dir/Drivers/STM32H7xx_HAL_Driver/Src/stm32h7xx_hal_pwr_ex.c.obj
                0x08002728                HAL_PWREx_ConfigSupply
 .text.HAL_RCC_OscConfig
                0x0800277c      0x648 CMakeFiles/DianZiChen.elf.dir/Drivers/STM32H7xx_HAL_Driver/Src/stm32h7xx_hal_rcc.c.obj
                0x0800277c                HAL_RCC_OscConfig
 .text.HAL_RCC_GetSysClockFreq
                0x08002dc4      0x218 CMakeFiles/DianZiChen.elf.dir/Drivers/STM32H7xx_HAL_Driver/Src/stm32h7xx_hal_rcc.c.obj
                0x08002dc4                HAL_RCC_GetSysClockFreq
 .text.HAL_RCC_ClockConfig
                0x08002fdc      0x294 CMakeFiles/DianZiChen.elf.dir/Drivers/STM32H7xx_HAL_Driver/Src/stm32h7xx_hal_rcc.c.obj
                0x08002fdc                HAL_RCC_ClockConfig
 .text.HAL_RCC_GetHCLKFreq
                0x08003270       0x44 CMakeFiles/DianZiChen.elf.dir/Drivers/STM32H7xx_HAL_Driver/Src/stm32h7xx_hal_rcc.c.obj
                0x08003270                HAL_RCC_GetHCLKFreq
 .text.HAL_RCC_GetPCLK1Freq
                0x080032b4       0x24 CMakeFiles/DianZiChen.elf.dir/Drivers/STM32H7xx_HAL_Driver/Src/stm32h7xx_hal_rcc.c.obj
                0x080032b4                HAL_RCC_GetPCLK1Freq
 .text.HAL_RCC_GetPCLK2Freq
                0x080032d8       0x24 CMakeFiles/DianZiChen.elf.dir/Drivers/STM32H7xx_HAL_Driver/Src/stm32h7xx_hal_rcc.c.obj
                0x080032d8                HAL_RCC_GetPCLK2Freq
 .text.RCCEx_PLL2_Config
                0x080032fc      0x10c CMakeFiles/DianZiChen.elf.dir/Drivers/STM32H7xx_HAL_Driver/Src/stm32h7xx_hal_rcc_ex.c.obj
 .text.RCCEx_PLL3_Config
                0x08003408      0x10c CMakeFiles/DianZiChen.elf.dir/Drivers/STM32H7xx_HAL_Driver/Src/stm32h7xx_hal_rcc_ex.c.obj
 .text.HAL_RCCEx_PeriphCLKConfig
                0x08003514      0x9a8 CMakeFiles/DianZiChen.elf.dir/Drivers/STM32H7xx_HAL_Driver/Src/stm32h7xx_hal_rcc_ex.c.obj
                0x08003514                HAL_RCCEx_PeriphCLKConfig
 .text.HAL_RCCEx_GetD3PCLK1Freq
                0x08003ebc       0x24 CMakeFiles/DianZiChen.elf.dir/Drivers/STM32H7xx_HAL_Driver/Src/stm32h7xx_hal_rcc_ex.c.obj
                0x08003ebc                HAL_RCCEx_GetD3PCLK1Freq
 .text.HAL_RCCEx_GetPLL2ClockFreq
                0x08003ee0      0x234 CMakeFiles/DianZiChen.elf.dir/Drivers/STM32H7xx_HAL_Driver/Src/stm32h7xx_hal_rcc_ex.c.obj
                0x08003ee0                HAL_RCCEx_GetPLL2ClockFreq
 .text.HAL_RCCEx_GetPLL3ClockFreq
                0x08004114      0x234 CMakeFiles/DianZiChen.elf.dir/Drivers/STM32H7xx_HAL_Driver/Src/stm32h7xx_hal_rcc_ex.c.obj
                0x08004114                HAL_RCCEx_GetPLL3ClockFreq
 .text.UART_EndRxTransfer
                0x08004348       0x24 CMakeFiles/DianZiChen.elf.dir/Drivers/STM32H7xx_HAL_Driver/Src/stm32h7xx_hal_uart.c.obj
 .text.HAL_UART_Receive_IT
                0x0800436c      0x124 CMakeFiles/DianZiChen.elf.dir/Drivers/STM32H7xx_HAL_Driver/Src/stm32h7xx_hal_uart.c.obj
                0x0800436c                HAL_UART_Receive_IT
 .text.HAL_UART_TxCpltCallback
                0x08004490        0x2 CMakeFiles/DianZiChen.elf.dir/Drivers/STM32H7xx_HAL_Driver/Src/stm32h7xx_hal_uart.c.obj
                0x08004490                HAL_UART_TxCpltCallback
 .text.UART_EndTransmit_IT
                0x08004492       0x1c CMakeFiles/DianZiChen.elf.dir/Drivers/STM32H7xx_HAL_Driver/Src/stm32h7xx_hal_uart.c.obj
 .text.UART_RxISR_8BIT
                0x080044ae       0x68 CMakeFiles/DianZiChen.elf.dir/Drivers/STM32H7xx_HAL_Driver/Src/stm32h7xx_hal_uart.c.obj
 .text.UART_RxISR_16BIT
                0x08004516       0x66 CMakeFiles/DianZiChen.elf.dir/Drivers/STM32H7xx_HAL_Driver/Src/stm32h7xx_hal_uart.c.obj
 .text.UART_RxISR_8BIT_FIFOEN
                0x0800457c       0xac CMakeFiles/DianZiChen.elf.dir/Drivers/STM32H7xx_HAL_Driver/Src/stm32h7xx_hal_uart.c.obj
 .text.UART_RxISR_16BIT_FIFOEN
                0x08004628       0xac CMakeFiles/DianZiChen.elf.dir/Drivers/STM32H7xx_HAL_Driver/Src/stm32h7xx_hal_uart.c.obj
 .text.HAL_UART_ErrorCallback
                0x080046d4        0x2 CMakeFiles/DianZiChen.elf.dir/Drivers/STM32H7xx_HAL_Driver/Src/stm32h7xx_hal_uart.c.obj
                0x080046d4                HAL_UART_ErrorCallback
 *fill*         0x080046d6        0x2 
 .text.HAL_UART_IRQHandler
                0x080046d8      0x1ec CMakeFiles/DianZiChen.elf.dir/Drivers/STM32H7xx_HAL_Driver/Src/stm32h7xx_hal_uart.c.obj
                0x080046d8                HAL_UART_IRQHandler
 .text.UART_DMAAbortOnError
                0x080048c4       0x14 CMakeFiles/DianZiChen.elf.dir/Drivers/STM32H7xx_HAL_Driver/Src/stm32h7xx_hal_uart.c.obj
 .text.UART_SetConfig
                0x080048d8      0x5f8 CMakeFiles/DianZiChen.elf.dir/Drivers/STM32H7xx_HAL_Driver/Src/stm32h7xx_hal_uart.c.obj
                0x080048d8                UART_SetConfig
 .text.UART_AdvFeatureConfig
                0x08004ed0       0xca CMakeFiles/DianZiChen.elf.dir/Drivers/STM32H7xx_HAL_Driver/Src/stm32h7xx_hal_uart.c.obj
                0x08004ed0                UART_AdvFeatureConfig
 .text.UART_WaitOnFlagUntilTimeout
                0x08004f9a       0xb0 CMakeFiles/DianZiChen.elf.dir/Drivers/STM32H7xx_HAL_Driver/Src/stm32h7xx_hal_uart.c.obj
                0x08004f9a                UART_WaitOnFlagUntilTimeout
 .text.HAL_UART_Transmit
                0x0800504a       0xda CMakeFiles/DianZiChen.elf.dir/Drivers/STM32H7xx_HAL_Driver/Src/stm32h7xx_hal_uart.c.obj
                0x0800504a                HAL_UART_Transmit
 .text.UART_CheckIdleState
                0x08005124       0x72 CMakeFiles/DianZiChen.elf.dir/Drivers/STM32H7xx_HAL_Driver/Src/stm32h7xx_hal_uart.c.obj
                0x08005124                UART_CheckIdleState
 .text.HAL_UART_Init
                0x08005196       0x66 CMakeFiles/DianZiChen.elf.dir/Drivers/STM32H7xx_HAL_Driver/Src/stm32h7xx_hal_uart.c.obj
                0x08005196                HAL_UART_Init
 .text.UARTEx_SetNbDataToProcess
                0x080051fc       0x70 CMakeFiles/DianZiChen.elf.dir/Drivers/STM32H7xx_HAL_Driver/Src/stm32h7xx_hal_uart_ex.c.obj
 .text.HAL_UARTEx_WakeupCallback
                0x0800526c        0x2 CMakeFiles/DianZiChen.elf.dir/Drivers/STM32H7xx_HAL_Driver/Src/stm32h7xx_hal_uart_ex.c.obj
                0x0800526c                HAL_UARTEx_WakeupCallback
 .text.HAL_UARTEx_RxFifoFullCallback
                0x0800526e        0x2 CMakeFiles/DianZiChen.elf.dir/Drivers/STM32H7xx_HAL_Driver/Src/stm32h7xx_hal_uart_ex.c.obj
                0x0800526e                HAL_UARTEx_RxFifoFullCallback
 .text.HAL_UARTEx_TxFifoEmptyCallback
                0x08005270        0x2 CMakeFiles/DianZiChen.elf.dir/Drivers/STM32H7xx_HAL_Driver/Src/stm32h7xx_hal_uart_ex.c.obj
                0x08005270                HAL_UARTEx_TxFifoEmptyCallback
 .text.HAL_UARTEx_DisableFifoMode
                0x08005272       0x3e CMakeFiles/DianZiChen.elf.dir/Drivers/STM32H7xx_HAL_Driver/Src/stm32h7xx_hal_uart_ex.c.obj
                0x08005272                HAL_UARTEx_DisableFifoMode
 .text.HAL_UARTEx_SetTxFifoThreshold
                0x080052b0       0x4a CMakeFiles/DianZiChen.elf.dir/Drivers/STM32H7xx_HAL_Driver/Src/stm32h7xx_hal_uart_ex.c.obj
                0x080052b0                HAL_UARTEx_SetTxFifoThreshold
 .text.HAL_UARTEx_SetRxFifoThreshold
                0x080052fa       0x4a CMakeFiles/DianZiChen.elf.dir/Drivers/STM32H7xx_HAL_Driver/Src/stm32h7xx_hal_uart_ex.c.obj
                0x080052fa                HAL_UARTEx_SetRxFifoThreshold
 .text.__errno  0x08005344        0xc d:/gcc-arm-none-eabi-10-2020-q4-major-win32/gcc-arm-none-eabi-10-2020-q4-major/bin/../lib/gcc/arm-none-eabi/10.2.1/../../../../arm-none-eabi/lib/thumb/v7e-m/nofp\libg.a(lib_a-errno.o)
                0x08005344                __errno
 .text.__libc_init_array
                0x08005350       0x48 d:/gcc-arm-none-eabi-10-2020-q4-major-win32/gcc-arm-none-eabi-10-2020-q4-major/bin/../lib/gcc/arm-none-eabi/10.2.1/../../../../arm-none-eabi/lib/thumb/v7e-m/nofp\libg.a(lib_a-init.o)
                0x08005350                __libc_init_array
 .text.memset   0x08005398       0xa4 d:/gcc-arm-none-eabi-10-2020-q4-major-win32/gcc-arm-none-eabi-10-2020-q4-major/bin/../lib/gcc/arm-none-eabi/10.2.1/../../../../arm-none-eabi/lib/thumb/v7e-m/nofp\libg.a(lib_a-memset.o)
                0x08005398                memset
 .text.vsnprintf
                0x0800543c       0x70 d:/gcc-arm-none-eabi-10-2020-q4-major-win32/gcc-arm-none-eabi-10-2020-q4-major/bin/../lib/gcc/arm-none-eabi/10.2.1/../../../../arm-none-eabi/lib/thumb/v7e-m/nofp\libg.a(lib_a-vsnprintf.o)
                0x0800543c                vsnprintf
 .text.startup.register_fini
                0x080054ac       0x14 d:/gcc-arm-none-eabi-10-2020-q4-major-win32/gcc-arm-none-eabi-10-2020-q4-major/bin/../lib/gcc/arm-none-eabi/10.2.1/../../../../arm-none-eabi/lib/thumb/v7e-m/nofp\libg.a(lib_a-__call_atexit.o)
 .text.atexit   0x080054c0        0xc d:/gcc-arm-none-eabi-10-2020-q4-major-win32/gcc-arm-none-eabi-10-2020-q4-major/bin/../lib/gcc/arm-none-eabi/10.2.1/../../../../arm-none-eabi/lib/thumb/v7e-m/nofp\libg.a(lib_a-atexit.o)
                0x080054c0                atexit
 .text.__libc_fini_array
                0x080054cc       0x2c d:/gcc-arm-none-eabi-10-2020-q4-major-win32/gcc-arm-none-eabi-10-2020-q4-major/bin/../lib/gcc/arm-none-eabi/10.2.1/../../../../arm-none-eabi/lib/thumb/v7e-m/nofp\libg.a(lib_a-fini.o)
                0x080054cc                __libc_fini_array
 .text.__retarget_lock_init_recursive
                0x080054f8        0x4 d:/gcc-arm-none-eabi-10-2020-q4-major-win32/gcc-arm-none-eabi-10-2020-q4-major/bin/../lib/gcc/arm-none-eabi/10.2.1/../../../../arm-none-eabi/lib/thumb/v7e-m/nofp\libg.a(lib_a-lock.o)
                0x080054f8                __retarget_lock_init_recursive
 .text.__retarget_lock_close_recursive
                0x080054fc        0x4 d:/gcc-arm-none-eabi-10-2020-q4-major-win32/gcc-arm-none-eabi-10-2020-q4-major/bin/../lib/gcc/arm-none-eabi/10.2.1/../../../../arm-none-eabi/lib/thumb/v7e-m/nofp\libg.a(lib_a-lock.o)
                0x080054fc                __retarget_lock_close_recursive
 .text.__retarget_lock_acquire_recursive
                0x08005500        0x4 d:/gcc-arm-none-eabi-10-2020-q4-major-win32/gcc-arm-none-eabi-10-2020-q4-major/bin/../lib/gcc/arm-none-eabi/10.2.1/../../../../arm-none-eabi/lib/thumb/v7e-m/nofp\libg.a(lib_a-lock.o)
                0x08005500                __retarget_lock_acquire_recursive
 .text.__retarget_lock_release_recursive
                0x08005504        0x4 d:/gcc-arm-none-eabi-10-2020-q4-major-win32/gcc-arm-none-eabi-10-2020-q4-major/bin/../lib/gcc/arm-none-eabi/10.2.1/../../../../arm-none-eabi/lib/thumb/v7e-m/nofp\libg.a(lib_a-lock.o)
                0x08005504                __retarget_lock_release_recursive
 .text._svfprintf_r
                0x08005508     0x1a3c d:/gcc-arm-none-eabi-10-2020-q4-major-win32/gcc-arm-none-eabi-10-2020-q4-major/bin/../lib/gcc/arm-none-eabi/10.2.1/../../../../arm-none-eabi/lib/thumb/v7e-m/nofp\libg.a(lib_a-svfprintf.o)
                0x08005508                _svfprintf_r
 .text.__register_exitproc
                0x08006f44       0x8c d:/gcc-arm-none-eabi-10-2020-q4-major-win32/gcc-arm-none-eabi-10-2020-q4-major/bin/../lib/gcc/arm-none-eabi/10.2.1/../../../../arm-none-eabi/lib/thumb/v7e-m/nofp\libg.a(lib_a-__atexit.o)
                0x08006f44                __register_exitproc
 .text.quorem   0x08006fd0      0x124 d:/gcc-arm-none-eabi-10-2020-q4-major-win32/gcc-arm-none-eabi-10-2020-q4-major/bin/../lib/gcc/arm-none-eabi/10.2.1/../../../../arm-none-eabi/lib/thumb/v7e-m/nofp\libg.a(lib_a-dtoa.o)
 *fill*         0x080070f4        0x4 
 .text._dtoa_r  0x080070f8      0xec4 d:/gcc-arm-none-eabi-10-2020-q4-major-win32/gcc-arm-none-eabi-10-2020-q4-major/bin/../lib/gcc/arm-none-eabi/10.2.1/../../../../arm-none-eabi/lib/thumb/v7e-m/nofp\libg.a(lib_a-dtoa.o)
                0x080070f8                _dtoa_r
 .text._malloc_trim_r
                0x08007fbc       0xa0 d:/gcc-arm-none-eabi-10-2020-q4-major-win32/gcc-arm-none-eabi-10-2020-q4-major/bin/../lib/gcc/arm-none-eabi/10.2.1/../../../../arm-none-eabi/lib/thumb/v7e-m/nofp\libg.a(lib_a-freer.o)
                0x08007fbc                _malloc_trim_r
 .text._free_r  0x0800805c      0x20c d:/gcc-arm-none-eabi-10-2020-q4-major-win32/gcc-arm-none-eabi-10-2020-q4-major/bin/../lib/gcc/arm-none-eabi/10.2.1/../../../../arm-none-eabi/lib/thumb/v7e-m/nofp\libg.a(lib_a-freer.o)
                0x0800805c                _free_r
 .text._localeconv_r
                0x08008268        0x8 d:/gcc-arm-none-eabi-10-2020-q4-major-win32/gcc-arm-none-eabi-10-2020-q4-major/bin/../lib/gcc/arm-none-eabi/10.2.1/../../../../arm-none-eabi/lib/thumb/v7e-m/nofp\libg.a(lib_a-localeconv.o)
                0x08008268                _localeconv_r
 .text._malloc_r
                0x08008270      0x560 d:/gcc-arm-none-eabi-10-2020-q4-major-win32/gcc-arm-none-eabi-10-2020-q4-major/bin/../lib/gcc/arm-none-eabi/10.2.1/../../../../arm-none-eabi/lib/thumb/v7e-m/nofp\libg.a(lib_a-mallocr.o)
                0x08008270                _malloc_r
 .text.__malloc_lock
                0x080087d0        0xc d:/gcc-arm-none-eabi-10-2020-q4-major-win32/gcc-arm-none-eabi-10-2020-q4-major/bin/../lib/gcc/arm-none-eabi/10.2.1/../../../../arm-none-eabi/lib/thumb/v7e-m/nofp\libg.a(lib_a-mlock.o)
                0x080087d0                __malloc_lock
 .text.__malloc_unlock
                0x080087dc        0xc d:/gcc-arm-none-eabi-10-2020-q4-major-win32/gcc-arm-none-eabi-10-2020-q4-major/bin/../lib/gcc/arm-none-eabi/10.2.1/../../../../arm-none-eabi/lib/thumb/v7e-m/nofp\libg.a(lib_a-mlock.o)
                0x080087dc                __malloc_unlock
 .text._Balloc  0x080087e8       0x4c d:/gcc-arm-none-eabi-10-2020-q4-major-win32/gcc-arm-none-eabi-10-2020-q4-major/bin/../lib/gcc/arm-none-eabi/10.2.1/../../../../arm-none-eabi/lib/thumb/v7e-m/nofp\libg.a(lib_a-mprec.o)
                0x080087e8                _Balloc
 .text._Bfree   0x08008834       0x14 d:/gcc-arm-none-eabi-10-2020-q4-major-win32/gcc-arm-none-eabi-10-2020-q4-major/bin/../lib/gcc/arm-none-eabi/10.2.1/../../../../arm-none-eabi/lib/thumb/v7e-m/nofp\libg.a(lib_a-mprec.o)
                0x08008834                _Bfree
 .text.__multadd
                0x08008848       0xa0 d:/gcc-arm-none-eabi-10-2020-q4-major-win32/gcc-arm-none-eabi-10-2020-q4-major/bin/../lib/gcc/arm-none-eabi/10.2.1/../../../../arm-none-eabi/lib/thumb/v7e-m/nofp\libg.a(lib_a-mprec.o)
                0x08008848                __multadd
 .text.__hi0bits
                0x080088e8       0x40 d:/gcc-arm-none-eabi-10-2020-q4-major-win32/gcc-arm-none-eabi-10-2020-q4-major/bin/../lib/gcc/arm-none-eabi/10.2.1/../../../../arm-none-eabi/lib/thumb/v7e-m/nofp\libg.a(lib_a-mprec.o)
                0x080088e8                __hi0bits
 .text.__lo0bits
                0x08008928       0x5c d:/gcc-arm-none-eabi-10-2020-q4-major-win32/gcc-arm-none-eabi-10-2020-q4-major/bin/../lib/gcc/arm-none-eabi/10.2.1/../../../../arm-none-eabi/lib/thumb/v7e-m/nofp\libg.a(lib_a-mprec.o)
                0x08008928                __lo0bits
 .text.__i2b    0x08008984       0x5c d:/gcc-arm-none-eabi-10-2020-q4-major-win32/gcc-arm-none-eabi-10-2020-q4-major/bin/../lib/gcc/arm-none-eabi/10.2.1/../../../../arm-none-eabi/lib/thumb/v7e-m/nofp\libg.a(lib_a-mprec.o)
                0x08008984                __i2b
 .text.__multiply
                0x080089e0      0x15c d:/gcc-arm-none-eabi-10-2020-q4-major-win32/gcc-arm-none-eabi-10-2020-q4-major/bin/../lib/gcc/arm-none-eabi/10.2.1/../../../../arm-none-eabi/lib/thumb/v7e-m/nofp\libg.a(lib_a-mprec.o)
                0x080089e0                __multiply
 .text.__pow5mult
                0x08008b3c       0xc0 d:/gcc-arm-none-eabi-10-2020-q4-major-win32/gcc-arm-none-eabi-10-2020-q4-major/bin/../lib/gcc/arm-none-eabi/10.2.1/../../../../arm-none-eabi/lib/thumb/v7e-m/nofp\libg.a(lib_a-mprec.o)
                0x08008b3c                __pow5mult
 .text.__lshift
                0x08008bfc       0xf0 d:/gcc-arm-none-eabi-10-2020-q4-major-win32/gcc-arm-none-eabi-10-2020-q4-major/bin/../lib/gcc/arm-none-eabi/10.2.1/../../../../arm-none-eabi/lib/thumb/v7e-m/nofp\libg.a(lib_a-mprec.o)
                0x08008bfc                __lshift
 .text.__mcmp   0x08008cec       0x40 d:/gcc-arm-none-eabi-10-2020-q4-major-win32/gcc-arm-none-eabi-10-2020-q4-major/bin/../lib/gcc/arm-none-eabi/10.2.1/../../../../arm-none-eabi/lib/thumb/v7e-m/nofp\libg.a(lib_a-mprec.o)
                0x08008cec                __mcmp
 .text.__mdiff  0x08008d2c      0x14c d:/gcc-arm-none-eabi-10-2020-q4-major-win32/gcc-arm-none-eabi-10-2020-q4-major/bin/../lib/gcc/arm-none-eabi/10.2.1/../../../../arm-none-eabi/lib/thumb/v7e-m/nofp\libg.a(lib_a-mprec.o)
                0x08008d2c                __mdiff
 .text.__d2b    0x08008e78       0xc4 d:/gcc-arm-none-eabi-10-2020-q4-major-win32/gcc-arm-none-eabi-10-2020-q4-major/bin/../lib/gcc/arm-none-eabi/10.2.1/../../../../arm-none-eabi/lib/thumb/v7e-m/nofp\libg.a(lib_a-mprec.o)
                0x08008e78                __d2b
 .text.frexp    0x08008f3c       0x70 d:/gcc-arm-none-eabi-10-2020-q4-major-win32/gcc-arm-none-eabi-10-2020-q4-major/bin/../lib/gcc/arm-none-eabi/10.2.1/../../../../arm-none-eabi/lib/thumb/v7e-m/nofp\libg.a(lib_a-s_frexp.o)
                0x08008f3c                frexp
 .text._sbrk_r  0x08008fac       0x24 d:/gcc-arm-none-eabi-10-2020-q4-major-win32/gcc-arm-none-eabi-10-2020-q4-major/bin/../lib/gcc/arm-none-eabi/10.2.1/../../../../arm-none-eabi/lib/thumb/v7e-m/nofp\libg.a(lib_a-sbrkr.o)
                0x08008fac                _sbrk_r
 .text.strncpy  0x08008fd0       0x64 d:/gcc-arm-none-eabi-10-2020-q4-major-win32/gcc-arm-none-eabi-10-2020-q4-major/bin/../lib/gcc/arm-none-eabi/10.2.1/../../../../arm-none-eabi/lib/thumb/v7e-m/nofp\libg.a(lib_a-strncpy.o)
                0x08008fd0                strncpy
 .text.__ssprint_r
                0x08009034       0xf8 d:/gcc-arm-none-eabi-10-2020-q4-major-win32/gcc-arm-none-eabi-10-2020-q4-major/bin/../lib/gcc/arm-none-eabi/10.2.1/../../../../arm-none-eabi/lib/thumb/v7e-m/nofp\libg.a(lib_a-svfiprintf.o)
                0x08009034                __ssprint_r
 .text.__assert_func
                0x0800912c       0x40 d:/gcc-arm-none-eabi-10-2020-q4-major-win32/gcc-arm-none-eabi-10-2020-q4-major/bin/../lib/gcc/arm-none-eabi/10.2.1/../../../../arm-none-eabi/lib/thumb/v7e-m/nofp\libg.a(lib_a-assert.o)
                0x0800912c                __assert_func
 .text._calloc_r
                0x0800916c       0x60 d:/gcc-arm-none-eabi-10-2020-q4-major-win32/gcc-arm-none-eabi-10-2020-q4-major/bin/../lib/gcc/arm-none-eabi/10.2.1/../../../../arm-none-eabi/lib/thumb/v7e-m/nofp\libg.a(lib_a-callocr.o)
                0x0800916c                _calloc_r
 .text.fiprintf
                0x080091cc       0x28 d:/gcc-arm-none-eabi-10-2020-q4-major-win32/gcc-arm-none-eabi-10-2020-q4-major/bin/../lib/gcc/arm-none-eabi/10.2.1/../../../../arm-none-eabi/lib/thumb/v7e-m/nofp\libg.a(lib_a-fiprintf.o)
                0x080091cc                fiprintf
 .text.__locale_mb_cur_max
                0x080091f4        0xc d:/gcc-arm-none-eabi-10-2020-q4-major-win32/gcc-arm-none-eabi-10-2020-q4-major/bin/../lib/gcc/arm-none-eabi/10.2.1/../../../../arm-none-eabi/lib/thumb/v7e-m/nofp\libg.a(lib_a-locale.o)
                0x080091f4                __locale_mb_cur_max
 .text.__ascii_mbtowc
                0x08009200       0x2c d:/gcc-arm-none-eabi-10-2020-q4-major-win32/gcc-arm-none-eabi-10-2020-q4-major/bin/../lib/gcc/arm-none-eabi/10.2.1/../../../../arm-none-eabi/lib/thumb/v7e-m/nofp\libg.a(lib_a-mbtowc_r.o)
                0x08009200                __ascii_mbtowc
 .text.memmove  0x0800922c       0xf8 d:/gcc-arm-none-eabi-10-2020-q4-major-win32/gcc-arm-none-eabi-10-2020-q4-major/bin/../lib/gcc/arm-none-eabi/10.2.1/../../../../arm-none-eabi/lib/thumb/v7e-m/nofp\libg.a(lib_a-memmove.o)
                0x0800922c                memmove
 .text._realloc_r
                0x08009324      0x3d8 d:/gcc-arm-none-eabi-10-2020-q4-major-win32/gcc-arm-none-eabi-10-2020-q4-major/bin/../lib/gcc/arm-none-eabi/10.2.1/../../../../arm-none-eabi/lib/thumb/v7e-m/nofp\libg.a(lib_a-reallocr.o)
                0x08009324                _realloc_r
 .text.__sprint_r.part.0
                0x080096fc       0x78 d:/gcc-arm-none-eabi-10-2020-q4-major-win32/gcc-arm-none-eabi-10-2020-q4-major/bin/../lib/gcc/arm-none-eabi/10.2.1/../../../../arm-none-eabi/lib/thumb/v7e-m/nofp\libg.a(lib_a-vfiprintf.o)
 .text._vfiprintf_r
                0x08009774      0xd94 d:/gcc-arm-none-eabi-10-2020-q4-major-win32/gcc-arm-none-eabi-10-2020-q4-major/bin/../lib/gcc/arm-none-eabi/10.2.1/../../../../arm-none-eabi/lib/thumb/v7e-m/nofp\libg.a(lib_a-vfiprintf.o)
                0x08009774                _vfiprintf_r
 .text.__sbprintf
                0x0800a508       0x80 d:/gcc-arm-none-eabi-10-2020-q4-major-win32/gcc-arm-none-eabi-10-2020-q4-major/bin/../lib/gcc/arm-none-eabi/10.2.1/../../../../arm-none-eabi/lib/thumb/v7e-m/nofp\libg.a(lib_a-vfiprintf.o)
 .text.__ascii_wctomb
                0x0800a588       0x1c d:/gcc-arm-none-eabi-10-2020-q4-major-win32/gcc-arm-none-eabi-10-2020-q4-major/bin/../lib/gcc/arm-none-eabi/10.2.1/../../../../arm-none-eabi/lib/thumb/v7e-m/nofp\libg.a(lib_a-wctomb_r.o)
                0x0800a588                __ascii_wctomb
 .text.__swsetup_r
                0x0800a5a4       0xd4 d:/gcc-arm-none-eabi-10-2020-q4-major-win32/gcc-arm-none-eabi-10-2020-q4-major/bin/../lib/gcc/arm-none-eabi/10.2.1/../../../../arm-none-eabi/lib/thumb/v7e-m/nofp\libg.a(lib_a-wsetup.o)
                0x0800a5a4                __swsetup_r
 .text.abort    0x0800a678       0x10 d:/gcc-arm-none-eabi-10-2020-q4-major-win32/gcc-arm-none-eabi-10-2020-q4-major/bin/../lib/gcc/arm-none-eabi/10.2.1/../../../../arm-none-eabi/lib/thumb/v7e-m/nofp\libg.a(lib_a-abort.o)
                0x0800a678                abort
 .text.__sflush_r
                0x0800a688      0x120 d:/gcc-arm-none-eabi-10-2020-q4-major-win32/gcc-arm-none-eabi-10-2020-q4-major/bin/../lib/gcc/arm-none-eabi/10.2.1/../../../../arm-none-eabi/lib/thumb/v7e-m/nofp\libg.a(lib_a-fflush.o)
                0x0800a688                __sflush_r
 .text._fflush_r
                0x0800a7a8       0x5c d:/gcc-arm-none-eabi-10-2020-q4-major-win32/gcc-arm-none-eabi-10-2020-q4-major/bin/../lib/gcc/arm-none-eabi/10.2.1/../../../../arm-none-eabi/lib/thumb/v7e-m/nofp\libg.a(lib_a-fflush.o)
                0x0800a7a8                _fflush_r
 .text._cleanup_r
                0x0800a804        0xc d:/gcc-arm-none-eabi-10-2020-q4-major-win32/gcc-arm-none-eabi-10-2020-q4-major/bin/../lib/gcc/arm-none-eabi/10.2.1/../../../../arm-none-eabi/lib/thumb/v7e-m/nofp\libg.a(lib_a-findfp.o)
                0x0800a804                _cleanup_r
 .text.__sinit  0x0800a810      0x10c d:/gcc-arm-none-eabi-10-2020-q4-major-win32/gcc-arm-none-eabi-10-2020-q4-major/bin/../lib/gcc/arm-none-eabi/10.2.1/../../../../arm-none-eabi/lib/thumb/v7e-m/nofp\libg.a(lib_a-findfp.o)
                0x0800a810                __sinit
 .text.__sfp_lock_acquire
                0x0800a91c        0xc d:/gcc-arm-none-eabi-10-2020-q4-major-win32/gcc-arm-none-eabi-10-2020-q4-major/bin/../lib/gcc/arm-none-eabi/10.2.1/../../../../arm-none-eabi/lib/thumb/v7e-m/nofp\libg.a(lib_a-findfp.o)
                0x0800a91c                __sfp_lock_acquire
 .text.__sfp_lock_release
                0x0800a928        0xc d:/gcc-arm-none-eabi-10-2020-q4-major-win32/gcc-arm-none-eabi-10-2020-q4-major/bin/../lib/gcc/arm-none-eabi/10.2.1/../../../../arm-none-eabi/lib/thumb/v7e-m/nofp\libg.a(lib_a-findfp.o)
                0x0800a928                __sfp_lock_release
 .text.__fputwc
                0x0800a934       0xa8 d:/gcc-arm-none-eabi-10-2020-q4-major-win32/gcc-arm-none-eabi-10-2020-q4-major/bin/../lib/gcc/arm-none-eabi/10.2.1/../../../../arm-none-eabi/lib/thumb/v7e-m/nofp\libg.a(lib_a-fputwc.o)
                0x0800a934                __fputwc
 .text._fputwc_r
                0x0800a9dc       0x68 d:/gcc-arm-none-eabi-10-2020-q4-major-win32/gcc-arm-none-eabi-10-2020-q4-major/bin/../lib/gcc/arm-none-eabi/10.2.1/../../../../arm-none-eabi/lib/thumb/v7e-m/nofp\libg.a(lib_a-fputwc.o)
                0x0800a9dc                _fputwc_r
 .text.__sfvwrite_r
                0x0800aa44      0x2e8 d:/gcc-arm-none-eabi-10-2020-q4-major-win32/gcc-arm-none-eabi-10-2020-q4-major/bin/../lib/gcc/arm-none-eabi/10.2.1/../../../../arm-none-eabi/lib/thumb/v7e-m/nofp\libg.a(lib_a-fvwrite.o)
                0x0800aa44                __sfvwrite_r
 .text._fwalk_reent
                0x0800ad2c       0x48 d:/gcc-arm-none-eabi-10-2020-q4-major-win32/gcc-arm-none-eabi-10-2020-q4-major/bin/../lib/gcc/arm-none-eabi/10.2.1/../../../../arm-none-eabi/lib/thumb/v7e-m/nofp\libg.a(lib_a-fwalk.o)
                0x0800ad2c                _fwalk_reent
 .text.__smakebuf_r
                0x0800ad74       0xe0 d:/gcc-arm-none-eabi-10-2020-q4-major-win32/gcc-arm-none-eabi-10-2020-q4-major/bin/../lib/gcc/arm-none-eabi/10.2.1/../../../../arm-none-eabi/lib/thumb/v7e-m/nofp\libg.a(lib_a-makebuf.o)
                0x0800ad74                __smakebuf_r
 .text.raise    0x0800ae54       0x5c d:/gcc-arm-none-eabi-10-2020-q4-major-win32/gcc-arm-none-eabi-10-2020-q4-major/bin/../lib/gcc/arm-none-eabi/10.2.1/../../../../arm-none-eabi/lib/thumb/v7e-m/nofp\libg.a(lib_a-signal.o)
                0x0800ae54                raise
 .text._kill_r  0x0800aeb0       0x2c d:/gcc-arm-none-eabi-10-2020-q4-major-win32/gcc-arm-none-eabi-10-2020-q4-major/bin/../lib/gcc/arm-none-eabi/10.2.1/../../../../arm-none-eabi/lib/thumb/v7e-m/nofp\libg.a(lib_a-signalr.o)
                0x0800aeb0                _kill_r
 .text._getpid_r
                0x0800aedc        0x4 d:/gcc-arm-none-eabi-10-2020-q4-major-win32/gcc-arm-none-eabi-10-2020-q4-major/bin/../lib/gcc/arm-none-eabi/10.2.1/../../../../arm-none-eabi/lib/thumb/v7e-m/nofp\libg.a(lib_a-signalr.o)
                0x0800aedc                _getpid_r
 .text.__sread  0x0800aee0       0x24 d:/gcc-arm-none-eabi-10-2020-q4-major-win32/gcc-arm-none-eabi-10-2020-q4-major/bin/../lib/gcc/arm-none-eabi/10.2.1/../../../../arm-none-eabi/lib/thumb/v7e-m/nofp\libg.a(lib_a-stdio.o)
                0x0800aee0                __sread
 .text.__swrite
                0x0800af04       0x40 d:/gcc-arm-none-eabi-10-2020-q4-major-win32/gcc-arm-none-eabi-10-2020-q4-major/bin/../lib/gcc/arm-none-eabi/10.2.1/../../../../arm-none-eabi/lib/thumb/v7e-m/nofp\libg.a(lib_a-stdio.o)
                0x0800af04                __swrite
 .text.__sseek  0x0800af44       0x20 d:/gcc-arm-none-eabi-10-2020-q4-major-win32/gcc-arm-none-eabi-10-2020-q4-major/bin/../lib/gcc/arm-none-eabi/10.2.1/../../../../arm-none-eabi/lib/thumb/v7e-m/nofp\libg.a(lib_a-stdio.o)
                0x0800af44                __sseek
 .text.__sclose
                0x0800af64        0x8 d:/gcc-arm-none-eabi-10-2020-q4-major-win32/gcc-arm-none-eabi-10-2020-q4-major/bin/../lib/gcc/arm-none-eabi/10.2.1/../../../../arm-none-eabi/lib/thumb/v7e-m/nofp\libg.a(lib_a-stdio.o)
                0x0800af64                __sclose
 .text.__swbuf_r
                0x0800af6c       0xb0 d:/gcc-arm-none-eabi-10-2020-q4-major-win32/gcc-arm-none-eabi-10-2020-q4-major/bin/../lib/gcc/arm-none-eabi/10.2.1/../../../../arm-none-eabi/lib/thumb/v7e-m/nofp\libg.a(lib_a-wbuf.o)
                0x0800af6c                __swbuf_r
 .text._wcrtomb_r
                0x0800b01c       0x3c d:/gcc-arm-none-eabi-10-2020-q4-major-win32/gcc-arm-none-eabi-10-2020-q4-major/bin/../lib/gcc/arm-none-eabi/10.2.1/../../../../arm-none-eabi/lib/thumb/v7e-m/nofp\libg.a(lib_a-wcrtomb.o)
                0x0800b01c                _wcrtomb_r
 .text._write_r
                0x0800b058       0x2c d:/gcc-arm-none-eabi-10-2020-q4-major-win32/gcc-arm-none-eabi-10-2020-q4-major/bin/../lib/gcc/arm-none-eabi/10.2.1/../../../../arm-none-eabi/lib/thumb/v7e-m/nofp\libg.a(lib_a-writer.o)
                0x0800b058                _write_r
 .text._close_r
                0x0800b084       0x24 d:/gcc-arm-none-eabi-10-2020-q4-major-win32/gcc-arm-none-eabi-10-2020-q4-major/bin/../lib/gcc/arm-none-eabi/10.2.1/../../../../arm-none-eabi/lib/thumb/v7e-m/nofp\libg.a(lib_a-closer.o)
                0x0800b084                _close_r
 .text._fclose_r
                0x0800b0a8       0xcc d:/gcc-arm-none-eabi-10-2020-q4-major-win32/gcc-arm-none-eabi-10-2020-q4-major/bin/../lib/gcc/arm-none-eabi/10.2.1/../../../../arm-none-eabi/lib/thumb/v7e-m/nofp\libg.a(lib_a-fclose.o)
                0x0800b0a8                _fclose_r
 .text._fstat_r
                0x0800b174       0x2c d:/gcc-arm-none-eabi-10-2020-q4-major-win32/gcc-arm-none-eabi-10-2020-q4-major/bin/../lib/gcc/arm-none-eabi/10.2.1/../../../../arm-none-eabi/lib/thumb/v7e-m/nofp\libg.a(lib_a-fstatr.o)
                0x0800b174                _fstat_r
 .text._isatty_r
                0x0800b1a0       0x24 d:/gcc-arm-none-eabi-10-2020-q4-major-win32/gcc-arm-none-eabi-10-2020-q4-major/bin/../lib/gcc/arm-none-eabi/10.2.1/../../../../arm-none-eabi/lib/thumb/v7e-m/nofp\libg.a(lib_a-isattyr.o)
                0x0800b1a0                _isatty_r
 .text._lseek_r
                0x0800b1c4       0x2c d:/gcc-arm-none-eabi-10-2020-q4-major-win32/gcc-arm-none-eabi-10-2020-q4-major/bin/../lib/gcc/arm-none-eabi/10.2.1/../../../../arm-none-eabi/lib/thumb/v7e-m/nofp\libg.a(lib_a-lseekr.o)
                0x0800b1c4                _lseek_r
 .text._read_r  0x0800b1f0       0x2c d:/gcc-arm-none-eabi-10-2020-q4-major-win32/gcc-arm-none-eabi-10-2020-q4-major/bin/../lib/gcc/arm-none-eabi/10.2.1/../../../../arm-none-eabi/lib/thumb/v7e-m/nofp\libg.a(lib_a-readr.o)
                0x0800b1f0                _read_r
 *(.glue_7)
 .glue_7        0x0800b21c        0x0 linker stubs
 *(.glue_7t)
 .glue_7t       0x0800b21c        0x0 linker stubs
 *(.eh_frame)
 .eh_frame      0x0800b21c        0x0 d:/gcc-arm-none-eabi-10-2020-q4-major-win32/gcc-arm-none-eabi-10-2020-q4-major/bin/../lib/gcc/arm-none-eabi/10.2.1/thumb/v7e-m/nofp/crtbegin.o
 *(.init)
 .init          0x0800b21c        0x4 d:/gcc-arm-none-eabi-10-2020-q4-major-win32/gcc-arm-none-eabi-10-2020-q4-major/bin/../lib/gcc/arm-none-eabi/10.2.1/thumb/v7e-m/nofp/crti.o
                0x0800b21c                _init
 .init          0x0800b220        0x8 d:/gcc-arm-none-eabi-10-2020-q4-major-win32/gcc-arm-none-eabi-10-2020-q4-major/bin/../lib/gcc/arm-none-eabi/10.2.1/thumb/v7e-m/nofp/crtn.o
 *(.fini)
 .fini          0x0800b228        0x4 d:/gcc-arm-none-eabi-10-2020-q4-major-win32/gcc-arm-none-eabi-10-2020-q4-major/bin/../lib/gcc/arm-none-eabi/10.2.1/thumb/v7e-m/nofp/crti.o
                0x0800b228                _fini
 .fini          0x0800b22c        0x8 d:/gcc-arm-none-eabi-10-2020-q4-major-win32/gcc-arm-none-eabi-10-2020-q4-major/bin/../lib/gcc/arm-none-eabi/10.2.1/thumb/v7e-m/nofp/crtn.o
                0x0800b234                . = ALIGN (0x4)
                0x0800b234                _etext = .

.vfp11_veneer   0x0800b234        0x0
 .vfp11_veneer  0x0800b234        0x0 linker stubs

.v4_bx          0x0800b234        0x0
 .v4_bx         0x0800b234        0x0 linker stubs

.iplt           0x0800b234        0x0
 .iplt          0x0800b234        0x0 d:/gcc-arm-none-eabi-10-2020-q4-major-win32/gcc-arm-none-eabi-10-2020-q4-major/bin/../lib/gcc/arm-none-eabi/10.2.1/thumb/v7e-m/nofp/crtbegin.o

.rodata         0x0800b238      0x460
                0x0800b238                . = ALIGN (0x4)
 *(.rodata)
 .rodata        0x0800b238        0x8 CMakeFiles/DianZiChen.elf.dir/Drivers/STM32H7xx_HAL_Driver/Src/stm32h7xx_hal_uart_ex.c.obj
 *(.rodata*)
 .rodata.main.str1.4
                0x0800b240       0x28 CMakeFiles/DianZiChen.elf.dir/Core/Src/main.c.obj
 .rodata.D1CorePrescTable
                0x0800b268       0x10 CMakeFiles/DianZiChen.elf.dir/Core/Src/system_stm32h7xx.c.obj
                0x0800b268                D1CorePrescTable
 .rodata.UARTPrescTable
                0x0800b278       0x18 CMakeFiles/DianZiChen.elf.dir/Drivers/STM32H7xx_HAL_Driver/Src/stm32h7xx_hal_uart.c.obj
                0x0800b278                UARTPrescTable
 .rodata.UARTEx_SetNbDataToProcess.str1.4
                0x0800b290        0x9 CMakeFiles/DianZiChen.elf.dir/Drivers/STM32H7xx_HAL_Driver/Src/stm32h7xx_hal_uart_ex.c.obj
 *fill*         0x0800b299        0x3 
 .rodata._global_impure_ptr
                0x0800b29c        0x4 d:/gcc-arm-none-eabi-10-2020-q4-major-win32/gcc-arm-none-eabi-10-2020-q4-major/bin/../lib/gcc/arm-none-eabi/10.2.1/../../../../arm-none-eabi/lib/thumb/v7e-m/nofp\libg.a(lib_a-impure.o)
                0x0800b29c                _global_impure_ptr
 .rodata._svfprintf_r.str1.4
                0x0800b2a0       0x42 d:/gcc-arm-none-eabi-10-2020-q4-major-win32/gcc-arm-none-eabi-10-2020-q4-major/bin/../lib/gcc/arm-none-eabi/10.2.1/../../../../arm-none-eabi/lib/thumb/v7e-m/nofp\libg.a(lib_a-svfprintf.o)
 *fill*         0x0800b2e2        0x2 
 .rodata.blanks.1
                0x0800b2e4       0x10 d:/gcc-arm-none-eabi-10-2020-q4-major-win32/gcc-arm-none-eabi-10-2020-q4-major/bin/../lib/gcc/arm-none-eabi/10.2.1/../../../../arm-none-eabi/lib/thumb/v7e-m/nofp\libg.a(lib_a-svfprintf.o)
 .rodata.zeroes.0
                0x0800b2f4       0x10 d:/gcc-arm-none-eabi-10-2020-q4-major-win32/gcc-arm-none-eabi-10-2020-q4-major/bin/../lib/gcc/arm-none-eabi/10.2.1/../../../../arm-none-eabi/lib/thumb/v7e-m/nofp\libg.a(lib_a-svfprintf.o)
 .rodata._dtoa_r.str1.4
                0x0800b304       0xa1 d:/gcc-arm-none-eabi-10-2020-q4-major-win32/gcc-arm-none-eabi-10-2020-q4-major/bin/../lib/gcc/arm-none-eabi/10.2.1/../../../../arm-none-eabi/lib/thumb/v7e-m/nofp\libg.a(lib_a-dtoa.o)
                                 0xa5 (size before relaxing)
 *fill*         0x0800b3a5        0x3 
 .rodata.__multadd.str1.4
                0x0800b3a8       0x7e d:/gcc-arm-none-eabi-10-2020-q4-major-win32/gcc-arm-none-eabi-10-2020-q4-major/bin/../lib/gcc/arm-none-eabi/10.2.1/../../../../arm-none-eabi/lib/thumb/v7e-m/nofp\libg.a(lib_a-mprec.o)
                                 0x92 (size before relaxing)
 *fill*         0x0800b426        0x2 
 .rodata.__mprec_bigtens
                0x0800b428       0x28 d:/gcc-arm-none-eabi-10-2020-q4-major-win32/gcc-arm-none-eabi-10-2020-q4-major/bin/../lib/gcc/arm-none-eabi/10.2.1/../../../../arm-none-eabi/lib/thumb/v7e-m/nofp\libg.a(lib_a-mprec.o)
                0x0800b428                __mprec_bigtens
 .rodata.__mprec_tens
                0x0800b450       0xc8 d:/gcc-arm-none-eabi-10-2020-q4-major-win32/gcc-arm-none-eabi-10-2020-q4-major/bin/../lib/gcc/arm-none-eabi/10.2.1/../../../../arm-none-eabi/lib/thumb/v7e-m/nofp\libg.a(lib_a-mprec.o)
                0x0800b450                __mprec_tens
 .rodata.p05.0  0x0800b518        0xc d:/gcc-arm-none-eabi-10-2020-q4-major-win32/gcc-arm-none-eabi-10-2020-q4-major/bin/../lib/gcc/arm-none-eabi/10.2.1/../../../../arm-none-eabi/lib/thumb/v7e-m/nofp\libg.a(lib_a-mprec.o)
 .rodata.__assert_func.str1.4
                0x0800b524       0x3f d:/gcc-arm-none-eabi-10-2020-q4-major-win32/gcc-arm-none-eabi-10-2020-q4-major/bin/../lib/gcc/arm-none-eabi/10.2.1/../../../../arm-none-eabi/lib/thumb/v7e-m/nofp\libg.a(lib_a-assert.o)
                                 0x43 (size before relaxing)
 *fill*         0x0800b563        0x1 
 .rodata._setlocale_r.str1.4
                0x0800b564        0xa d:/gcc-arm-none-eabi-10-2020-q4-major-win32/gcc-arm-none-eabi-10-2020-q4-major/bin/../lib/gcc/arm-none-eabi/10.2.1/../../../../arm-none-eabi/lib/thumb/v7e-m/nofp\libg.a(lib_a-locale.o)
                                  0xd (size before relaxing)
 *fill*         0x0800b56e        0x2 
 .rodata.str1.4
                0x0800b570        0x2 d:/gcc-arm-none-eabi-10-2020-q4-major-win32/gcc-arm-none-eabi-10-2020-q4-major/bin/../lib/gcc/arm-none-eabi/10.2.1/../../../../arm-none-eabi/lib/thumb/v7e-m/nofp\libg.a(lib_a-locale.o)
 .rodata._vfiprintf_r.str1.4
                0x0800b572       0x2f d:/gcc-arm-none-eabi-10-2020-q4-major-win32/gcc-arm-none-eabi-10-2020-q4-major/bin/../lib/gcc/arm-none-eabi/10.2.1/../../../../arm-none-eabi/lib/thumb/v7e-m/nofp\libg.a(lib_a-vfiprintf.o)
 *fill*         0x0800b572        0x2 
 .rodata.blanks.1
                0x0800b574       0x10 d:/gcc-arm-none-eabi-10-2020-q4-major-win32/gcc-arm-none-eabi-10-2020-q4-major/bin/../lib/gcc/arm-none-eabi/10.2.1/../../../../arm-none-eabi/lib/thumb/v7e-m/nofp\libg.a(lib_a-vfiprintf.o)
 .rodata.zeroes.0
                0x0800b584       0x10 d:/gcc-arm-none-eabi-10-2020-q4-major-win32/gcc-arm-none-eabi-10-2020-q4-major/bin/../lib/gcc/arm-none-eabi/10.2.1/../../../../arm-none-eabi/lib/thumb/v7e-m/nofp\libg.a(lib_a-vfiprintf.o)
 .rodata._ctype_
                0x0800b594      0x101 d:/gcc-arm-none-eabi-10-2020-q4-major-win32/gcc-arm-none-eabi-10-2020-q4-major/bin/../lib/gcc/arm-none-eabi/10.2.1/../../../../arm-none-eabi/lib/thumb/v7e-m/nofp\libg.a(lib_a-ctype_.o)
                0x0800b594                _ctype_
                0x0800b698                . = ALIGN (0x4)
 *fill*         0x0800b695        0x3 

.ARM.extab      0x0800b698        0x0
                0x0800b698                . = ALIGN (0x4)
 *(.ARM.extab* .gnu.linkonce.armextab.*)
                0x0800b698                . = ALIGN (0x4)

.ARM            0x0800b698        0x8
                0x0800b698                . = ALIGN (0x4)
                0x0800b698                __exidx_start = .
 *(.ARM.exidx*)
 .ARM.exidx     0x0800b698        0x8 d:/gcc-arm-none-eabi-10-2020-q4-major-win32/gcc-arm-none-eabi-10-2020-q4-major/bin/../lib/gcc/arm-none-eabi/10.2.1/thumb/v7e-m/nofp\libgcc.a(_udivmoddi4.o)
                0x0800b6a0                __exidx_end = .
                0x0800b6a0                . = ALIGN (0x4)

.rel.dyn        0x0800b6a0        0x0
 .rel.iplt      0x0800b6a0        0x0 d:/gcc-arm-none-eabi-10-2020-q4-major-win32/gcc-arm-none-eabi-10-2020-q4-major/bin/../lib/gcc/arm-none-eabi/10.2.1/thumb/v7e-m/nofp/crtbegin.o

.preinit_array  0x0800b6a0        0x0
                0x0800b6a0                . = ALIGN (0x4)
                0x0800b6a0                PROVIDE (__preinit_array_start = .)
 *(.preinit_array*)
                0x0800b6a0                PROVIDE (__preinit_array_end = .)
                0x0800b6a0                . = ALIGN (0x4)

.init_array     0x0800b6a0        0x8
                0x0800b6a0                . = ALIGN (0x4)
                0x0800b6a0                PROVIDE (__init_array_start = .)
 *(SORT_BY_NAME(.init_array.*))
 .init_array.00000
                0x0800b6a0        0x4 d:/gcc-arm-none-eabi-10-2020-q4-major-win32/gcc-arm-none-eabi-10-2020-q4-major/bin/../lib/gcc/arm-none-eabi/10.2.1/../../../../arm-none-eabi/lib/thumb/v7e-m/nofp\libg.a(lib_a-__call_atexit.o)
 *(.init_array*)
 .init_array    0x0800b6a4        0x4 d:/gcc-arm-none-eabi-10-2020-q4-major-win32/gcc-arm-none-eabi-10-2020-q4-major/bin/../lib/gcc/arm-none-eabi/10.2.1/thumb/v7e-m/nofp/crtbegin.o
                0x0800b6a8                PROVIDE (__init_array_end = .)
                0x0800b6a8                . = ALIGN (0x4)

.fini_array     0x0800b6a8        0x4
                0x0800b6a8                . = ALIGN (0x4)
                0x0800b6a8                PROVIDE (__fini_array_start = .)
 *(SORT_BY_NAME(.fini_array.*))
 *(.fini_array*)
 .fini_array    0x0800b6a8        0x4 d:/gcc-arm-none-eabi-10-2020-q4-major-win32/gcc-arm-none-eabi-10-2020-q4-major/bin/../lib/gcc/arm-none-eabi/10.2.1/thumb/v7e-m/nofp/crtbegin.o
                0x0800b6ac                PROVIDE (__fini_array_end = .)
                0x0800b6ac                . = ALIGN (0x4)
                0x0800b6ac                _sidata = LOADADDR (.data)

.data           0x24000000      0x9c0 load address 0x0800b6ac
                0x24000000                . = ALIGN (0x4)
                0x24000000                _sdata = .
 *(.data)
 *(.data*)
 .data.SystemCoreClock
                0x24000000        0x4 CMakeFiles/DianZiChen.elf.dir/Core/Src/system_stm32h7xx.c.obj
                0x24000000                SystemCoreClock
 .data.SystemD2Clock
                0x24000004        0x4 CMakeFiles/DianZiChen.elf.dir/Core/Src/system_stm32h7xx.c.obj
                0x24000004                SystemD2Clock
 .data.uwTickFreq
                0x24000008        0x1 CMakeFiles/DianZiChen.elf.dir/Drivers/STM32H7xx_HAL_Driver/Src/stm32h7xx_hal.c.obj
                0x24000008                uwTickFreq
 *fill*         0x24000009        0x3 
 .data.uwTickPrio
                0x2400000c        0x4 CMakeFiles/DianZiChen.elf.dir/Drivers/STM32H7xx_HAL_Driver/Src/stm32h7xx_hal.c.obj
                0x2400000c                uwTickPrio
 .data._impure_ptr
                0x24000010        0x4 d:/gcc-arm-none-eabi-10-2020-q4-major-win32/gcc-arm-none-eabi-10-2020-q4-major/bin/../lib/gcc/arm-none-eabi/10.2.1/../../../../arm-none-eabi/lib/thumb/v7e-m/nofp\libg.a(lib_a-impure.o)
                0x24000010                _impure_ptr
 *fill*         0x24000014        0x4 
 .data.impure_data
                0x24000018      0x428 d:/gcc-arm-none-eabi-10-2020-q4-major-win32/gcc-arm-none-eabi-10-2020-q4-major/bin/../lib/gcc/arm-none-eabi/10.2.1/../../../../arm-none-eabi/lib/thumb/v7e-m/nofp\libg.a(lib_a-impure.o)
 .data.__atexit_recursive_mutex
                0x24000440        0x4 d:/gcc-arm-none-eabi-10-2020-q4-major-win32/gcc-arm-none-eabi-10-2020-q4-major/bin/../lib/gcc/arm-none-eabi/10.2.1/../../../../arm-none-eabi/lib/thumb/v7e-m/nofp\libg.a(lib_a-__call_atexit.o)
                0x24000440                __atexit_recursive_mutex
 .data.__malloc_av_
                0x24000444      0x408 d:/gcc-arm-none-eabi-10-2020-q4-major-win32/gcc-arm-none-eabi-10-2020-q4-major/bin/../lib/gcc/arm-none-eabi/10.2.1/../../../../arm-none-eabi/lib/thumb/v7e-m/nofp\libg.a(lib_a-mallocr.o)
                0x24000444                __malloc_av_
 .data.__malloc_sbrk_base
                0x2400084c        0x4 d:/gcc-arm-none-eabi-10-2020-q4-major-win32/gcc-arm-none-eabi-10-2020-q4-major/bin/../lib/gcc/arm-none-eabi/10.2.1/../../../../arm-none-eabi/lib/thumb/v7e-m/nofp\libg.a(lib_a-mallocr.o)
                0x2400084c                __malloc_sbrk_base
 .data.__malloc_trim_threshold
                0x24000850        0x4 d:/gcc-arm-none-eabi-10-2020-q4-major-win32/gcc-arm-none-eabi-10-2020-q4-major/bin/../lib/gcc/arm-none-eabi/10.2.1/../../../../arm-none-eabi/lib/thumb/v7e-m/nofp\libg.a(lib_a-mallocr.o)
                0x24000850                __malloc_trim_threshold
 .data.__global_locale
                0x24000854      0x16c d:/gcc-arm-none-eabi-10-2020-q4-major-win32/gcc-arm-none-eabi-10-2020-q4-major/bin/../lib/gcc/arm-none-eabi/10.2.1/../../../../arm-none-eabi/lib/thumb/v7e-m/nofp\libg.a(lib_a-locale.o)
                0x24000854                __global_locale
                0x240009c0                . = ALIGN (0x4)
                0x240009c0                _edata = .

.igot.plt       0x240009c0        0x0 load address 0x0800c06c
 .igot.plt      0x240009c0        0x0 d:/gcc-arm-none-eabi-10-2020-q4-major-win32/gcc-arm-none-eabi-10-2020-q4-major/bin/../lib/gcc/arm-none-eabi/10.2.1/thumb/v7e-m/nofp/crtbegin.o
                0x240009c0                . = ALIGN (0x4)

.bss            0x240009c0      0x194 load address 0x0800c06c
                0x240009c0                _sbss = .
                0x240009c0                __bss_start__ = _sbss
 *(.bss)
 .bss           0x240009c0       0x1c d:/gcc-arm-none-eabi-10-2020-q4-major-win32/gcc-arm-none-eabi-10-2020-q4-major/bin/../lib/gcc/arm-none-eabi/10.2.1/thumb/v7e-m/nofp/crtbegin.o
 *(.bss*)
 .bss.HX711_Data
                0x240009dc        0x4 CMakeFiles/DianZiChen.elf.dir/Core/Src/bsp_hx711.c.obj
                0x240009dc                HX711_Data
 .bss.Weight_Shiwu
                0x240009e0        0x2 CMakeFiles/DianZiChen.elf.dir/Core/Src/bsp_hx711.c.obj
                0x240009e0                Weight_Shiwu
 *fill*         0x240009e2        0x2 
 .bss.maopi_ad  0x240009e4        0x4 CMakeFiles/DianZiChen.elf.dir/Core/Src/bsp_hx711.c.obj
                0x240009e4                maopi_ad
 .bss.ReTemp    0x240009e8        0x3 CMakeFiles/DianZiChen.elf.dir/Core/Src/main.c.obj
                0x240009e8                ReTemp
 .bss.g_ucRecieveFlag
                0x240009eb        0x1 CMakeFiles/DianZiChen.elf.dir/Core/Src/main.c.obj
                0x240009eb                g_ucRecieveFlag
 .bss.huart1    0x240009ec       0x8c CMakeFiles/DianZiChen.elf.dir/Core/Src/main.c.obj
                0x240009ec                huart1
 .bss.huart4    0x24000a78       0x8c CMakeFiles/DianZiChen.elf.dir/Core/Src/main.c.obj
                0x24000a78                huart4
 .bss.__sbrk_heap_end
                0x24000b04        0x4 CMakeFiles/DianZiChen.elf.dir/Core/Src/sysmem.c.obj
 .bss.uwTick    0x24000b08        0x4 CMakeFiles/DianZiChen.elf.dir/Drivers/STM32H7xx_HAL_Driver/Src/stm32h7xx_hal.c.obj
                0x24000b08                uwTick
 .bss.__lock___atexit_recursive_mutex
                0x24000b0c        0x1 d:/gcc-arm-none-eabi-10-2020-q4-major-win32/gcc-arm-none-eabi-10-2020-q4-major/bin/../lib/gcc/arm-none-eabi/10.2.1/../../../../arm-none-eabi/lib/thumb/v7e-m/nofp\libg.a(lib_a-lock.o)
                0x24000b0c                __lock___atexit_recursive_mutex
 *fill*         0x24000b0d        0x3 
 .bss.__lock___malloc_recursive_mutex
                0x24000b10        0x1 d:/gcc-arm-none-eabi-10-2020-q4-major-win32/gcc-arm-none-eabi-10-2020-q4-major/bin/../lib/gcc/arm-none-eabi/10.2.1/../../../../arm-none-eabi/lib/thumb/v7e-m/nofp\libg.a(lib_a-lock.o)
                0x24000b10                __lock___malloc_recursive_mutex
 *fill*         0x24000b11        0x3 
 .bss.__lock___sfp_recursive_mutex
                0x24000b14        0x1 d:/gcc-arm-none-eabi-10-2020-q4-major-win32/gcc-arm-none-eabi-10-2020-q4-major/bin/../lib/gcc/arm-none-eabi/10.2.1/../../../../arm-none-eabi/lib/thumb/v7e-m/nofp\libg.a(lib_a-lock.o)
                0x24000b14                __lock___sfp_recursive_mutex
 *fill*         0x24000b15        0x3 
 .bss.__lock___sinit_recursive_mutex
                0x24000b18        0x1 d:/gcc-arm-none-eabi-10-2020-q4-major-win32/gcc-arm-none-eabi-10-2020-q4-major/bin/../lib/gcc/arm-none-eabi/10.2.1/../../../../arm-none-eabi/lib/thumb/v7e-m/nofp\libg.a(lib_a-lock.o)
                0x24000b18                __lock___sinit_recursive_mutex
 *fill*         0x24000b19        0x3 
 .bss.__malloc_current_mallinfo
                0x24000b1c       0x28 d:/gcc-arm-none-eabi-10-2020-q4-major-win32/gcc-arm-none-eabi-10-2020-q4-major/bin/../lib/gcc/arm-none-eabi/10.2.1/../../../../arm-none-eabi/lib/thumb/v7e-m/nofp\libg.a(lib_a-mallocr.o)
                0x24000b1c                __malloc_current_mallinfo
 .bss.__malloc_max_sbrked_mem
                0x24000b44        0x4 d:/gcc-arm-none-eabi-10-2020-q4-major-win32/gcc-arm-none-eabi-10-2020-q4-major/bin/../lib/gcc/arm-none-eabi/10.2.1/../../../../arm-none-eabi/lib/thumb/v7e-m/nofp\libg.a(lib_a-mallocr.o)
                0x24000b44                __malloc_max_sbrked_mem
 .bss.__malloc_max_total_mem
                0x24000b48        0x4 d:/gcc-arm-none-eabi-10-2020-q4-major-win32/gcc-arm-none-eabi-10-2020-q4-major/bin/../lib/gcc/arm-none-eabi/10.2.1/../../../../arm-none-eabi/lib/thumb/v7e-m/nofp\libg.a(lib_a-mallocr.o)
                0x24000b48                __malloc_max_total_mem
 .bss.__malloc_top_pad
                0x24000b4c        0x4 d:/gcc-arm-none-eabi-10-2020-q4-major-win32/gcc-arm-none-eabi-10-2020-q4-major/bin/../lib/gcc/arm-none-eabi/10.2.1/../../../../arm-none-eabi/lib/thumb/v7e-m/nofp\libg.a(lib_a-mallocr.o)
                0x24000b4c                __malloc_top_pad
 .bss.errno     0x24000b50        0x4 d:/gcc-arm-none-eabi-10-2020-q4-major-win32/gcc-arm-none-eabi-10-2020-q4-major/bin/../lib/gcc/arm-none-eabi/10.2.1/../../../../arm-none-eabi/lib/thumb/v7e-m/nofp\libg.a(lib_a-reent.o)
                0x24000b50                errno
 *(COMMON)
                0x24000b54                . = ALIGN (0x4)
                0x24000b54                _ebss = .
                0x24000b54                __bss_end__ = _ebss

._user_heap_stack
                0x24000b54      0x604 load address 0x0800c06c
                0x24000b58                . = ALIGN (0x8)
 *fill*         0x24000b54        0x4 
                [!provide]                PROVIDE (end = .)
                0x24000b58                PROVIDE (_end = .)
                0x24000d58                . = (. + _Min_Heap_Size)
 *fill*         0x24000b58      0x200 
                0x24001158                . = (. + _Min_Stack_Size)
 *fill*         0x24000d58      0x400 
                0x24001158                . = ALIGN (0x8)

/DISCARD/
 libc.a(*)
 libm.a(*)
 libgcc.a(*)

.ARM.attributes
                0x00000000       0x2a
 *(.ARM.attributes)
 .ARM.attributes
                0x00000000       0x1e d:/gcc-arm-none-eabi-10-2020-q4-major-win32/gcc-arm-none-eabi-10-2020-q4-major/bin/../lib/gcc/arm-none-eabi/10.2.1/thumb/v7e-m/nofp/crti.o
 .ARM.attributes
                0x0000001e       0x2e d:/gcc-arm-none-eabi-10-2020-q4-major-win32/gcc-arm-none-eabi-10-2020-q4-major/bin/../lib/gcc/arm-none-eabi/10.2.1/thumb/v7e-m/nofp/crtbegin.o
 .ARM.attributes
                0x0000004c       0x2e CMakeFiles/DianZiChen.elf.dir/Core/Src/bsp_delay.c.obj
 .ARM.attributes
                0x0000007a       0x2e CMakeFiles/DianZiChen.elf.dir/Core/Src/bsp_dubug.c.obj
 .ARM.attributes
                0x000000a8       0x2e CMakeFiles/DianZiChen.elf.dir/Core/Src/bsp_hx711.c.obj
 .ARM.attributes
                0x000000d6       0x2e CMakeFiles/DianZiChen.elf.dir/Core/Src/main.c.obj
 .ARM.attributes
                0x00000104       0x2e CMakeFiles/DianZiChen.elf.dir/Core/Src/stm32h7xx_hal_msp.c.obj
 .ARM.attributes
                0x00000132       0x2e CMakeFiles/DianZiChen.elf.dir/Core/Src/stm32h7xx_it.c.obj
 .ARM.attributes
                0x00000160       0x2e CMakeFiles/DianZiChen.elf.dir/Core/Src/syscalls.c.obj
 .ARM.attributes
                0x0000018e       0x2e CMakeFiles/DianZiChen.elf.dir/Core/Src/sysmem.c.obj
 .ARM.attributes
                0x000001bc       0x2e CMakeFiles/DianZiChen.elf.dir/Core/Src/system_stm32h7xx.c.obj
 .ARM.attributes
                0x000001ea       0x21 CMakeFiles/DianZiChen.elf.dir/Core/Startup/startup_stm32h750xbhx.s.obj
 .ARM.attributes
                0x0000020b       0x2e CMakeFiles/DianZiChen.elf.dir/Drivers/STM32H7xx_HAL_Driver/Src/stm32h7xx_hal.c.obj
 .ARM.attributes
                0x00000239       0x2e CMakeFiles/DianZiChen.elf.dir/Drivers/STM32H7xx_HAL_Driver/Src/stm32h7xx_hal_cortex.c.obj
 .ARM.attributes
                0x00000267       0x2e CMakeFiles/DianZiChen.elf.dir/Drivers/STM32H7xx_HAL_Driver/Src/stm32h7xx_hal_dma.c.obj
 .ARM.attributes
                0x00000295       0x2e CMakeFiles/DianZiChen.elf.dir/Drivers/STM32H7xx_HAL_Driver/Src/stm32h7xx_hal_gpio.c.obj
 .ARM.attributes
                0x000002c3       0x2e CMakeFiles/DianZiChen.elf.dir/Drivers/STM32H7xx_HAL_Driver/Src/stm32h7xx_hal_pwr_ex.c.obj
 .ARM.attributes
                0x000002f1       0x2e CMakeFiles/DianZiChen.elf.dir/Drivers/STM32H7xx_HAL_Driver/Src/stm32h7xx_hal_rcc.c.obj
 .ARM.attributes
                0x0000031f       0x2e CMakeFiles/DianZiChen.elf.dir/Drivers/STM32H7xx_HAL_Driver/Src/stm32h7xx_hal_rcc_ex.c.obj
 .ARM.attributes
                0x0000034d       0x2e CMakeFiles/DianZiChen.elf.dir/Drivers/STM32H7xx_HAL_Driver/Src/stm32h7xx_hal_uart.c.obj
 .ARM.attributes
                0x0000037b       0x2e CMakeFiles/DianZiChen.elf.dir/Drivers/STM32H7xx_HAL_Driver/Src/stm32h7xx_hal_uart_ex.c.obj
 .ARM.attributes
                0x000003a9       0x1e d:/gcc-arm-none-eabi-10-2020-q4-major-win32/gcc-arm-none-eabi-10-2020-q4-major/bin/../lib/gcc/arm-none-eabi/10.2.1/thumb/v7e-m/nofp\libgcc.a(_arm_addsubdf3.o)
 .ARM.attributes
                0x000003c7       0x1e d:/gcc-arm-none-eabi-10-2020-q4-major-win32/gcc-arm-none-eabi-10-2020-q4-major/bin/../lib/gcc/arm-none-eabi/10.2.1/thumb/v7e-m/nofp\libgcc.a(_arm_muldivdf3.o)
 .ARM.attributes
                0x000003e5       0x1e d:/gcc-arm-none-eabi-10-2020-q4-major-win32/gcc-arm-none-eabi-10-2020-q4-major/bin/../lib/gcc/arm-none-eabi/10.2.1/thumb/v7e-m/nofp\libgcc.a(_arm_truncdfsf2.o)
 .ARM.attributes
                0x00000403       0x1e d:/gcc-arm-none-eabi-10-2020-q4-major-win32/gcc-arm-none-eabi-10-2020-q4-major/bin/../lib/gcc/arm-none-eabi/10.2.1/thumb/v7e-m/nofp\libgcc.a(_arm_addsubsf3.o)
 .ARM.attributes
                0x00000421       0x1e d:/gcc-arm-none-eabi-10-2020-q4-major-win32/gcc-arm-none-eabi-10-2020-q4-major/bin/../lib/gcc/arm-none-eabi/10.2.1/thumb/v7e-m/nofp\libgcc.a(_arm_muldivsf3.o)
 .ARM.attributes
                0x0000043f       0x1e d:/gcc-arm-none-eabi-10-2020-q4-major-win32/gcc-arm-none-eabi-10-2020-q4-major/bin/../lib/gcc/arm-none-eabi/10.2.1/thumb/v7e-m/nofp\libgcc.a(_arm_fixunssfsi.o)
 .ARM.attributes
                0x0000045d       0x1e d:/gcc-arm-none-eabi-10-2020-q4-major-win32/gcc-arm-none-eabi-10-2020-q4-major/bin/../lib/gcc/arm-none-eabi/10.2.1/thumb/v7e-m/nofp\libgcc.a(_aeabi_uldivmod.o)
 .ARM.attributes
                0x0000047b       0x2e d:/gcc-arm-none-eabi-10-2020-q4-major-win32/gcc-arm-none-eabi-10-2020-q4-major/bin/../lib/gcc/arm-none-eabi/10.2.1/thumb/v7e-m/nofp\libgcc.a(_udivmoddi4.o)
 .ARM.attributes
                0x000004a9       0x1e d:/gcc-arm-none-eabi-10-2020-q4-major-win32/gcc-arm-none-eabi-10-2020-q4-major/bin/../lib/gcc/arm-none-eabi/10.2.1/thumb/v7e-m/nofp\libgcc.a(_dvmd_tls.o)
 .ARM.attributes
                0x000004c7       0x2e d:/gcc-arm-none-eabi-10-2020-q4-major-win32/gcc-arm-none-eabi-10-2020-q4-major/bin/../lib/gcc/arm-none-eabi/10.2.1/../../../../arm-none-eabi/lib/thumb/v7e-m/nofp\libg.a(lib_a-errno.o)
 .ARM.attributes
                0x000004f5       0x2e d:/gcc-arm-none-eabi-10-2020-q4-major-win32/gcc-arm-none-eabi-10-2020-q4-major/bin/../lib/gcc/arm-none-eabi/10.2.1/../../../../arm-none-eabi/lib/thumb/v7e-m/nofp\libg.a(lib_a-impure.o)
 .ARM.attributes
                0x00000523       0x2e d:/gcc-arm-none-eabi-10-2020-q4-major-win32/gcc-arm-none-eabi-10-2020-q4-major/bin/../lib/gcc/arm-none-eabi/10.2.1/../../../../arm-none-eabi/lib/thumb/v7e-m/nofp\libg.a(lib_a-init.o)
 .ARM.attributes
                0x00000551       0x2e d:/gcc-arm-none-eabi-10-2020-q4-major-win32/gcc-arm-none-eabi-10-2020-q4-major/bin/../lib/gcc/arm-none-eabi/10.2.1/../../../../arm-none-eabi/lib/thumb/v7e-m/nofp\libg.a(lib_a-memset.o)
 .ARM.attributes
                0x0000057f       0x1c d:/gcc-arm-none-eabi-10-2020-q4-major-win32/gcc-arm-none-eabi-10-2020-q4-major/bin/../lib/gcc/arm-none-eabi/10.2.1/../../../../arm-none-eabi/lib/thumb/v7e-m/nofp\libg.a(lib_a-strlen.o)
 .ARM.attributes
                0x0000059b       0x2e d:/gcc-arm-none-eabi-10-2020-q4-major-win32/gcc-arm-none-eabi-10-2020-q4-major/bin/../lib/gcc/arm-none-eabi/10.2.1/../../../../arm-none-eabi/lib/thumb/v7e-m/nofp\libg.a(lib_a-vsnprintf.o)
 .ARM.attributes
                0x000005c9       0x2e d:/gcc-arm-none-eabi-10-2020-q4-major-win32/gcc-arm-none-eabi-10-2020-q4-major/bin/../lib/gcc/arm-none-eabi/10.2.1/../../../../arm-none-eabi/lib/thumb/v7e-m/nofp\libg.a(lib_a-__call_atexit.o)
 .ARM.attributes
                0x000005f7       0x2e d:/gcc-arm-none-eabi-10-2020-q4-major-win32/gcc-arm-none-eabi-10-2020-q4-major/bin/../lib/gcc/arm-none-eabi/10.2.1/../../../../arm-none-eabi/lib/thumb/v7e-m/nofp\libg.a(lib_a-atexit.o)
 .ARM.attributes
                0x00000625       0x2e d:/gcc-arm-none-eabi-10-2020-q4-major-win32/gcc-arm-none-eabi-10-2020-q4-major/bin/../lib/gcc/arm-none-eabi/10.2.1/../../../../arm-none-eabi/lib/thumb/v7e-m/nofp\libg.a(lib_a-fini.o)
 .ARM.attributes
                0x00000653       0x2e d:/gcc-arm-none-eabi-10-2020-q4-major-win32/gcc-arm-none-eabi-10-2020-q4-major/bin/../lib/gcc/arm-none-eabi/10.2.1/../../../../arm-none-eabi/lib/thumb/v7e-m/nofp\libg.a(lib_a-lock.o)
 .ARM.attributes
                0x00000681       0x2e d:/gcc-arm-none-eabi-10-2020-q4-major-win32/gcc-arm-none-eabi-10-2020-q4-major/bin/../lib/gcc/arm-none-eabi/10.2.1/../../../../arm-none-eabi/lib/thumb/v7e-m/nofp\libg.a(lib_a-svfprintf.o)
 .ARM.attributes
                0x000006af       0x2e d:/gcc-arm-none-eabi-10-2020-q4-major-win32/gcc-arm-none-eabi-10-2020-q4-major/bin/../lib/gcc/arm-none-eabi/10.2.1/../../../../arm-none-eabi/lib/thumb/v7e-m/nofp\libg.a(lib_a-__atexit.o)
 .ARM.attributes
                0x000006dd       0x2e d:/gcc-arm-none-eabi-10-2020-q4-major-win32/gcc-arm-none-eabi-10-2020-q4-major/bin/../lib/gcc/arm-none-eabi/10.2.1/../../../../arm-none-eabi/lib/thumb/v7e-m/nofp\libg.a(lib_a-dtoa.o)
 .ARM.attributes
                0x0000070b       0x2e d:/gcc-arm-none-eabi-10-2020-q4-major-win32/gcc-arm-none-eabi-10-2020-q4-major/bin/../lib/gcc/arm-none-eabi/10.2.1/../../../../arm-none-eabi/lib/thumb/v7e-m/nofp\libg.a(lib_a-freer.o)
 .ARM.attributes
                0x00000739       0x2e d:/gcc-arm-none-eabi-10-2020-q4-major-win32/gcc-arm-none-eabi-10-2020-q4-major/bin/../lib/gcc/arm-none-eabi/10.2.1/../../../../arm-none-eabi/lib/thumb/v7e-m/nofp\libg.a(lib_a-localeconv.o)
 .ARM.attributes
                0x00000767       0x2e d:/gcc-arm-none-eabi-10-2020-q4-major-win32/gcc-arm-none-eabi-10-2020-q4-major/bin/../lib/gcc/arm-none-eabi/10.2.1/../../../../arm-none-eabi/lib/thumb/v7e-m/nofp\libg.a(lib_a-mallocr.o)
 .ARM.attributes
                0x00000795       0x1c d:/gcc-arm-none-eabi-10-2020-q4-major-win32/gcc-arm-none-eabi-10-2020-q4-major/bin/../lib/gcc/arm-none-eabi/10.2.1/../../../../arm-none-eabi/lib/thumb/v7e-m/nofp\libg.a(lib_a-memchr.o)
 .ARM.attributes
                0x000007b1       0x1c d:/gcc-arm-none-eabi-10-2020-q4-major-win32/gcc-arm-none-eabi-10-2020-q4-major/bin/../lib/gcc/arm-none-eabi/10.2.1/../../../../arm-none-eabi/lib/thumb/v7e-m/nofp\libg.a(lib_a-memcpy.o)
 .ARM.attributes
                0x000007cd       0x2e d:/gcc-arm-none-eabi-10-2020-q4-major-win32/gcc-arm-none-eabi-10-2020-q4-major/bin/../lib/gcc/arm-none-eabi/10.2.1/../../../../arm-none-eabi/lib/thumb/v7e-m/nofp\libg.a(lib_a-mlock.o)
 .ARM.attributes
                0x000007fb       0x2e d:/gcc-arm-none-eabi-10-2020-q4-major-win32/gcc-arm-none-eabi-10-2020-q4-major/bin/../lib/gcc/arm-none-eabi/10.2.1/../../../../arm-none-eabi/lib/thumb/v7e-m/nofp\libg.a(lib_a-mprec.o)
 .ARM.attributes
                0x00000829       0x2e d:/gcc-arm-none-eabi-10-2020-q4-major-win32/gcc-arm-none-eabi-10-2020-q4-major/bin/../lib/gcc/arm-none-eabi/10.2.1/../../../../arm-none-eabi/lib/thumb/v7e-m/nofp\libg.a(lib_a-s_frexp.o)
 .ARM.attributes
                0x00000857       0x2e d:/gcc-arm-none-eabi-10-2020-q4-major-win32/gcc-arm-none-eabi-10-2020-q4-major/bin/../lib/gcc/arm-none-eabi/10.2.1/../../../../arm-none-eabi/lib/thumb/v7e-m/nofp\libg.a(lib_a-sbrkr.o)
 .ARM.attributes
                0x00000885       0x2e d:/gcc-arm-none-eabi-10-2020-q4-major-win32/gcc-arm-none-eabi-10-2020-q4-major/bin/../lib/gcc/arm-none-eabi/10.2.1/../../../../arm-none-eabi/lib/thumb/v7e-m/nofp\libg.a(lib_a-strncpy.o)
 .ARM.attributes
                0x000008b3       0x2e d:/gcc-arm-none-eabi-10-2020-q4-major-win32/gcc-arm-none-eabi-10-2020-q4-major/bin/../lib/gcc/arm-none-eabi/10.2.1/../../../../arm-none-eabi/lib/thumb/v7e-m/nofp\libg.a(lib_a-svfiprintf.o)
 .ARM.attributes
                0x000008e1       0x2e d:/gcc-arm-none-eabi-10-2020-q4-major-win32/gcc-arm-none-eabi-10-2020-q4-major/bin/../lib/gcc/arm-none-eabi/10.2.1/../../../../arm-none-eabi/lib/thumb/v7e-m/nofp\libg.a(lib_a-assert.o)
 .ARM.attributes
                0x0000090f       0x2e d:/gcc-arm-none-eabi-10-2020-q4-major-win32/gcc-arm-none-eabi-10-2020-q4-major/bin/../lib/gcc/arm-none-eabi/10.2.1/../../../../arm-none-eabi/lib/thumb/v7e-m/nofp\libg.a(lib_a-callocr.o)
 .ARM.attributes
                0x0000093d       0x2e d:/gcc-arm-none-eabi-10-2020-q4-major-win32/gcc-arm-none-eabi-10-2020-q4-major/bin/../lib/gcc/arm-none-eabi/10.2.1/../../../../arm-none-eabi/lib/thumb/v7e-m/nofp\libg.a(lib_a-fiprintf.o)
 .ARM.attributes
                0x0000096b       0x2e d:/gcc-arm-none-eabi-10-2020-q4-major-win32/gcc-arm-none-eabi-10-2020-q4-major/bin/../lib/gcc/arm-none-eabi/10.2.1/../../../../arm-none-eabi/lib/thumb/v7e-m/nofp\libg.a(lib_a-locale.o)
 .ARM.attributes
                0x00000999       0x2e d:/gcc-arm-none-eabi-10-2020-q4-major-win32/gcc-arm-none-eabi-10-2020-q4-major/bin/../lib/gcc/arm-none-eabi/10.2.1/../../../../arm-none-eabi/lib/thumb/v7e-m/nofp\libg.a(lib_a-mbtowc_r.o)
 .ARM.attributes
                0x000009c7       0x2e d:/gcc-arm-none-eabi-10-2020-q4-major-win32/gcc-arm-none-eabi-10-2020-q4-major/bin/../lib/gcc/arm-none-eabi/10.2.1/../../../../arm-none-eabi/lib/thumb/v7e-m/nofp\libg.a(lib_a-memmove.o)
 .ARM.attributes
                0x000009f5       0x2e d:/gcc-arm-none-eabi-10-2020-q4-major-win32/gcc-arm-none-eabi-10-2020-q4-major/bin/../lib/gcc/arm-none-eabi/10.2.1/../../../../arm-none-eabi/lib/thumb/v7e-m/nofp\libg.a(lib_a-reallocr.o)
 .ARM.attributes
                0x00000a23       0x2e d:/gcc-arm-none-eabi-10-2020-q4-major-win32/gcc-arm-none-eabi-10-2020-q4-major/bin/../lib/gcc/arm-none-eabi/10.2.1/../../../../arm-none-eabi/lib/thumb/v7e-m/nofp\libg.a(lib_a-reent.o)
 .ARM.attributes
                0x00000a51       0x2e d:/gcc-arm-none-eabi-10-2020-q4-major-win32/gcc-arm-none-eabi-10-2020-q4-major/bin/../lib/gcc/arm-none-eabi/10.2.1/../../../../arm-none-eabi/lib/thumb/v7e-m/nofp\libg.a(lib_a-vfiprintf.o)
 .ARM.attributes
                0x00000a7f       0x2e d:/gcc-arm-none-eabi-10-2020-q4-major-win32/gcc-arm-none-eabi-10-2020-q4-major/bin/../lib/gcc/arm-none-eabi/10.2.1/../../../../arm-none-eabi/lib/thumb/v7e-m/nofp\libg.a(lib_a-wctomb_r.o)
 .ARM.attributes
                0x00000aad       0x2e d:/gcc-arm-none-eabi-10-2020-q4-major-win32/gcc-arm-none-eabi-10-2020-q4-major/bin/../lib/gcc/arm-none-eabi/10.2.1/../../../../arm-none-eabi/lib/thumb/v7e-m/nofp\libg.a(lib_a-wsetup.o)
 .ARM.attributes
                0x00000adb       0x2e d:/gcc-arm-none-eabi-10-2020-q4-major-win32/gcc-arm-none-eabi-10-2020-q4-major/bin/../lib/gcc/arm-none-eabi/10.2.1/../../../../arm-none-eabi/lib/thumb/v7e-m/nofp\libg.a(lib_a-abort.o)
 .ARM.attributes
                0x00000b09       0x2e d:/gcc-arm-none-eabi-10-2020-q4-major-win32/gcc-arm-none-eabi-10-2020-q4-major/bin/../lib/gcc/arm-none-eabi/10.2.1/../../../../arm-none-eabi/lib/thumb/v7e-m/nofp\libg.a(lib_a-ctype_.o)
 .ARM.attributes
                0x00000b37       0x2e d:/gcc-arm-none-eabi-10-2020-q4-major-win32/gcc-arm-none-eabi-10-2020-q4-major/bin/../lib/gcc/arm-none-eabi/10.2.1/../../../../arm-none-eabi/lib/thumb/v7e-m/nofp\libg.a(lib_a-fflush.o)
 .ARM.attributes
                0x00000b65       0x2e d:/gcc-arm-none-eabi-10-2020-q4-major-win32/gcc-arm-none-eabi-10-2020-q4-major/bin/../lib/gcc/arm-none-eabi/10.2.1/../../../../arm-none-eabi/lib/thumb/v7e-m/nofp\libg.a(lib_a-findfp.o)
 .ARM.attributes
                0x00000b93       0x2e d:/gcc-arm-none-eabi-10-2020-q4-major-win32/gcc-arm-none-eabi-10-2020-q4-major/bin/../lib/gcc/arm-none-eabi/10.2.1/../../../../arm-none-eabi/lib/thumb/v7e-m/nofp\libg.a(lib_a-fputwc.o)
 .ARM.attributes
                0x00000bc1       0x2e d:/gcc-arm-none-eabi-10-2020-q4-major-win32/gcc-arm-none-eabi-10-2020-q4-major/bin/../lib/gcc/arm-none-eabi/10.2.1/../../../../arm-none-eabi/lib/thumb/v7e-m/nofp\libg.a(lib_a-fvwrite.o)
 .ARM.attributes
                0x00000bef       0x2e d:/gcc-arm-none-eabi-10-2020-q4-major-win32/gcc-arm-none-eabi-10-2020-q4-major/bin/../lib/gcc/arm-none-eabi/10.2.1/../../../../arm-none-eabi/lib/thumb/v7e-m/nofp\libg.a(lib_a-fwalk.o)
 .ARM.attributes
                0x00000c1d       0x2e d:/gcc-arm-none-eabi-10-2020-q4-major-win32/gcc-arm-none-eabi-10-2020-q4-major/bin/../lib/gcc/arm-none-eabi/10.2.1/../../../../arm-none-eabi/lib/thumb/v7e-m/nofp\libg.a(lib_a-makebuf.o)
 .ARM.attributes
                0x00000c4b       0x2e d:/gcc-arm-none-eabi-10-2020-q4-major-win32/gcc-arm-none-eabi-10-2020-q4-major/bin/../lib/gcc/arm-none-eabi/10.2.1/../../../../arm-none-eabi/lib/thumb/v7e-m/nofp\libg.a(lib_a-signal.o)
 .ARM.attributes
                0x00000c79       0x2e d:/gcc-arm-none-eabi-10-2020-q4-major-win32/gcc-arm-none-eabi-10-2020-q4-major/bin/../lib/gcc/arm-none-eabi/10.2.1/../../../../arm-none-eabi/lib/thumb/v7e-m/nofp\libg.a(lib_a-signalr.o)
 .ARM.attributes
                0x00000ca7       0x2e d:/gcc-arm-none-eabi-10-2020-q4-major-win32/gcc-arm-none-eabi-10-2020-q4-major/bin/../lib/gcc/arm-none-eabi/10.2.1/../../../../arm-none-eabi/lib/thumb/v7e-m/nofp\libg.a(lib_a-stdio.o)
 .ARM.attributes